ARM GAS  C:\Users\40918\AppData\Local\Temp\ccSsCSEG.s 			page 1


   1              		.cpu cortex-m4
   2              		.arch armv7e-m
   3              		.fpu fpv4-sp-d16
   4              		.eabi_attribute 27, 1
   5              		.eabi_attribute 28, 1
   6              		.eabi_attribute 20, 1
   7              		.eabi_attribute 21, 1
   8              		.eabi_attribute 23, 3
   9              		.eabi_attribute 24, 1
  10              		.eabi_attribute 25, 1
  11              		.eabi_attribute 26, 1
  12              		.eabi_attribute 30, 1
  13              		.eabi_attribute 34, 1
  14              		.eabi_attribute 18, 4
  15              		.file	"app_avg_power_cache.c"
  16              		.text
  17              	.Ltext0:
  18              		.cfi_sections	.debug_frame
  19              		.file 1 "Core/Src/app_avg_power_cache.c"
  20              		.section	.text.AppAvgPowerCache_RoundToTenths,"ax",%progbits
  21              		.align	1
  22              		.syntax unified
  23              		.thumb
  24              		.thumb_func
  26              	AppAvgPowerCache_RoundToTenths:
  27              	.LVL0:
  28              	.LFB4:
   1:Core/Src/app_avg_power_cache.c **** #include "app_avg_power_cache.h"
   2:Core/Src/app_avg_power_cache.c **** #include "FreeRTOS.h"
   3:Core/Src/app_avg_power_cache.c **** #include "task.h"
   4:Core/Src/app_avg_power_cache.c **** #include <string.h>
   5:Core/Src/app_avg_power_cache.c **** 
   6:Core/Src/app_avg_power_cache.c **** #define SEC_WINDOW_SIZE      360U
   7:Core/Src/app_avg_power_cache.c **** #define BUCKET_SIZE_SEC      360U
   8:Core/Src/app_avg_power_cache.c **** #define BUCKET_COUNT         240U
   9:Core/Src/app_avg_power_cache.c **** #define MIN_QUERY_HOURS      0.1f
  10:Core/Src/app_avg_power_cache.c **** #define MAX_QUERY_HOURS      24.0f
  11:Core/Src/app_avg_power_cache.c **** 
  12:Core/Src/app_avg_power_cache.c **** typedef struct
  13:Core/Src/app_avg_power_cache.c **** {
  14:Core/Src/app_avg_power_cache.c ****   float sum;
  15:Core/Src/app_avg_power_cache.c ****   uint16_t count;
  16:Core/Src/app_avg_power_cache.c ****   uint32_t bucket_id;
  17:Core/Src/app_avg_power_cache.c **** } avg_bucket_t;
  18:Core/Src/app_avg_power_cache.c **** 
  19:Core/Src/app_avg_power_cache.c **** static float s_sec_ring[SEC_WINDOW_SIZE];
  20:Core/Src/app_avg_power_cache.c **** static uint32_t s_sec_head = 0U;
  21:Core/Src/app_avg_power_cache.c **** static uint32_t s_sec_count = 0U;
  22:Core/Src/app_avg_power_cache.c **** static float s_sec_sum = 0.0f;
  23:Core/Src/app_avg_power_cache.c **** static uint32_t s_last_mono_sec = 0U;
  24:Core/Src/app_avg_power_cache.c **** 
  25:Core/Src/app_avg_power_cache.c **** static avg_bucket_t s_bucket_ring[BUCKET_COUNT];
  26:Core/Src/app_avg_power_cache.c **** 
  27:Core/Src/app_avg_power_cache.c **** static uint32_t AppAvgPowerCache_RoundToTenths(float hours)
  28:Core/Src/app_avg_power_cache.c **** {
  29              		.loc 1 28 1 view -0
  30              		.cfi_startproc
ARM GAS  C:\Users\40918\AppData\Local\Temp\ccSsCSEG.s 			page 2


  31              		@ args = 0, pretend = 0, frame = 0
  32              		@ frame_needed = 0, uses_anonymous_args = 0
  33              		@ link register save eliminated.
  29:Core/Src/app_avg_power_cache.c ****   float scaled = hours * 10.0f;
  34              		.loc 1 29 3 view .LVU1
  35              		.loc 1 29 9 is_stmt 0 view .LVU2
  36 0000 F2EE047A 		vmov.f32	s15, #1.0e+1
  37 0004 20EE270A 		vmul.f32	s0, s0, s15
  38              	.LVL1:
  30:Core/Src/app_avg_power_cache.c ****   if (scaled < 1.0f)
  39              		.loc 1 30 3 is_stmt 1 view .LVU3
  40              		.loc 1 30 6 is_stmt 0 view .LVU4
  41 0008 F7EE007A 		vmov.f32	s15, #1.0e+0
  42 000c B4EEE70A 		vcmpe.f32	s0, s15
  43 0010 F1EE10FA 		vmrs	APSR_nzcv, FPSCR
  44 0014 08D4     		bmi	.L4
  45              	.LVL2:
  46              	.L2:
  31:Core/Src/app_avg_power_cache.c ****   {
  32:Core/Src/app_avg_power_cache.c ****     scaled = 1.0f;
  33:Core/Src/app_avg_power_cache.c ****   }
  34:Core/Src/app_avg_power_cache.c ****   return (uint32_t)(scaled + 0.5f);
  47              		.loc 1 34 3 is_stmt 1 view .LVU5
  48              		.loc 1 34 28 is_stmt 0 view .LVU6
  49 0016 F6EE007A 		vmov.f32	s15, #5.0e-1
  50 001a 30EE270A 		vadd.f32	s0, s0, s15
  51              	.LVL3:
  35:Core/Src/app_avg_power_cache.c **** }
  52              		.loc 1 35 1 view .LVU7
  53 001e FCEEC07A 		vcvt.u32.f32	s15, s0
  54 0022 17EE900A 		vmov	r0, s15	@ int
  55 0026 7047     		bx	lr
  56              	.LVL4:
  57              	.L4:
  32:Core/Src/app_avg_power_cache.c ****   }
  58              		.loc 1 32 12 view .LVU8
  59 0028 B0EE670A 		vmov.f32	s0, s15
  60              	.LVL5:
  32:Core/Src/app_avg_power_cache.c ****   }
  61              		.loc 1 32 12 view .LVU9
  62 002c F3E7     		b	.L2
  63              		.cfi_endproc
  64              	.LFE4:
  66              		.section	.text.AppAvgPowerCache_Init,"ax",%progbits
  67              		.align	1
  68              		.global	AppAvgPowerCache_Init
  69              		.syntax unified
  70              		.thumb
  71              		.thumb_func
  73              	AppAvgPowerCache_Init:
  74              	.LFB5:
  36:Core/Src/app_avg_power_cache.c **** 
  37:Core/Src/app_avg_power_cache.c **** void AppAvgPowerCache_Init(void)
  38:Core/Src/app_avg_power_cache.c **** {
  75              		.loc 1 38 1 is_stmt 1 view -0
  76              		.cfi_startproc
  77              		@ args = 0, pretend = 0, frame = 0
ARM GAS  C:\Users\40918\AppData\Local\Temp\ccSsCSEG.s 			page 3


  78              		@ frame_needed = 0, uses_anonymous_args = 0
  79 0000 08B5     		push	{r3, lr}
  80              	.LCFI0:
  81              		.cfi_def_cfa_offset 8
  82              		.cfi_offset 3, -8
  83              		.cfi_offset 14, -4
  39:Core/Src/app_avg_power_cache.c ****   taskENTER_CRITICAL();
  84              		.loc 1 39 3 view .LVU11
  85 0002 FFF7FEFF 		bl	vPortEnterCritical
  86              	.LVL6:
  40:Core/Src/app_avg_power_cache.c ****   memset(s_sec_ring, 0, sizeof(s_sec_ring));
  87              		.loc 1 40 3 view .LVU12
  88 0006 4FF4B462 		mov	r2, #1440
  89 000a 0021     		movs	r1, #0
  90 000c 0A48     		ldr	r0, .L7
  91 000e FFF7FEFF 		bl	memset
  92              	.LVL7:
  41:Core/Src/app_avg_power_cache.c ****   s_sec_head = 0U;
  93              		.loc 1 41 3 view .LVU13
  94              		.loc 1 41 14 is_stmt 0 view .LVU14
  95 0012 0021     		movs	r1, #0
  96 0014 094B     		ldr	r3, .L7+4
  97 0016 1960     		str	r1, [r3]
  42:Core/Src/app_avg_power_cache.c ****   s_sec_count = 0U;
  98              		.loc 1 42 3 is_stmt 1 view .LVU15
  99              		.loc 1 42 15 is_stmt 0 view .LVU16
 100 0018 094B     		ldr	r3, .L7+8
 101 001a 1960     		str	r1, [r3]
  43:Core/Src/app_avg_power_cache.c ****   s_sec_sum = 0.0f;
 102              		.loc 1 43 3 is_stmt 1 view .LVU17
 103              		.loc 1 43 13 is_stmt 0 view .LVU18
 104 001c 094B     		ldr	r3, .L7+12
 105 001e 0022     		movs	r2, #0
 106 0020 1A60     		str	r2, [r3]	@ float
  44:Core/Src/app_avg_power_cache.c ****   s_last_mono_sec = 0U;
 107              		.loc 1 44 3 is_stmt 1 view .LVU19
 108              		.loc 1 44 19 is_stmt 0 view .LVU20
 109 0022 094B     		ldr	r3, .L7+16
 110 0024 1960     		str	r1, [r3]
  45:Core/Src/app_avg_power_cache.c ****   memset(s_bucket_ring, 0, sizeof(s_bucket_ring));
 111              		.loc 1 45 3 is_stmt 1 view .LVU21
 112 0026 4FF43462 		mov	r2, #2880
 113 002a 0848     		ldr	r0, .L7+20
 114 002c FFF7FEFF 		bl	memset
 115              	.LVL8:
  46:Core/Src/app_avg_power_cache.c ****   taskEXIT_CRITICAL();
 116              		.loc 1 46 3 view .LVU22
 117 0030 FFF7FEFF 		bl	vPortExitCritical
 118              	.LVL9:
  47:Core/Src/app_avg_power_cache.c **** }
 119              		.loc 1 47 1 is_stmt 0 view .LVU23
 120 0034 08BD     		pop	{r3, pc}
 121              	.L8:
 122 0036 00BF     		.align	2
 123              	.L7:
 124 0038 00000000 		.word	s_sec_ring
 125 003c 00000000 		.word	s_sec_head
ARM GAS  C:\Users\40918\AppData\Local\Temp\ccSsCSEG.s 			page 4


 126 0040 00000000 		.word	s_sec_count
 127 0044 00000000 		.word	s_sec_sum
 128 0048 00000000 		.word	s_last_mono_sec
 129 004c 00000000 		.word	s_bucket_ring
 130              		.cfi_endproc
 131              	.LFE5:
 133              		.section	.text.AppAvgPowerCache_Push1s,"ax",%progbits
 134              		.align	1
 135              		.global	AppAvgPowerCache_Push1s
 136              		.syntax unified
 137              		.thumb
 138              		.thumb_func
 140              	AppAvgPowerCache_Push1s:
 141              	.LVL10:
 142              	.LFB6:
  48:Core/Src/app_avg_power_cache.c **** 
  49:Core/Src/app_avg_power_cache.c **** void AppAvgPowerCache_Push1s(float power_kw, uint32_t mono_sec)
  50:Core/Src/app_avg_power_cache.c **** {
 143              		.loc 1 50 1 is_stmt 1 view -0
 144              		.cfi_startproc
 145              		@ args = 0, pretend = 0, frame = 0
 146              		@ frame_needed = 0, uses_anonymous_args = 0
 147              		.loc 1 50 1 is_stmt 0 view .LVU25
 148 0000 10B5     		push	{r4, lr}
 149              	.LCFI1:
 150              		.cfi_def_cfa_offset 8
 151              		.cfi_offset 4, -8
 152              		.cfi_offset 14, -4
 153 0002 2DED028B 		vpush.64	{d8}
 154              	.LCFI2:
 155              		.cfi_def_cfa_offset 16
 156              		.cfi_offset 80, -16
 157              		.cfi_offset 81, -12
 158 0006 B0EE408A 		vmov.f32	s16, s0
 159 000a 0446     		mov	r4, r0
  51:Core/Src/app_avg_power_cache.c ****   uint32_t bucket_id;
 160              		.loc 1 51 3 is_stmt 1 view .LVU26
  52:Core/Src/app_avg_power_cache.c ****   uint32_t slot;
 161              		.loc 1 52 3 view .LVU27
  53:Core/Src/app_avg_power_cache.c ****   avg_bucket_t *b;
 162              		.loc 1 53 3 view .LVU28
  54:Core/Src/app_avg_power_cache.c **** 
  55:Core/Src/app_avg_power_cache.c ****   taskENTER_CRITICAL();
 163              		.loc 1 55 3 view .LVU29
 164 000c FFF7FEFF 		bl	vPortEnterCritical
 165              	.LVL11:
  56:Core/Src/app_avg_power_cache.c ****   if (s_sec_count < SEC_WINDOW_SIZE)
 166              		.loc 1 56 3 view .LVU30
 167              		.loc 1 56 19 is_stmt 0 view .LVU31
 168 0010 384B     		ldr	r3, .L15
 169 0012 1B68     		ldr	r3, [r3]
 170              		.loc 1 56 6 view .LVU32
 171 0014 B3F5B47F 		cmp	r3, #360
 172 0018 57D2     		bcs	.L10
  57:Core/Src/app_avg_power_cache.c ****   {
  58:Core/Src/app_avg_power_cache.c ****     s_sec_ring[s_sec_head] = power_kw;
 173              		.loc 1 58 5 is_stmt 1 view .LVU33
ARM GAS  C:\Users\40918\AppData\Local\Temp\ccSsCSEG.s 			page 5


 174              		.loc 1 58 15 is_stmt 0 view .LVU34
 175 001a 374A     		ldr	r2, .L15+4
 176 001c 1168     		ldr	r1, [r2]
 177              		.loc 1 58 28 view .LVU35
 178 001e 374A     		ldr	r2, .L15+8
 179 0020 02EB8102 		add	r2, r2, r1, lsl #2
 180 0024 82ED008A 		vstr.32	s16, [r2]
  59:Core/Src/app_avg_power_cache.c ****     s_sec_sum += power_kw;
 181              		.loc 1 59 5 is_stmt 1 view .LVU36
 182              		.loc 1 59 15 is_stmt 0 view .LVU37
 183 0028 354A     		ldr	r2, .L15+12
 184 002a D2ED007A 		vldr.32	s15, [r2]
 185 002e 77EE887A 		vadd.f32	s15, s15, s16
 186 0032 C2ED007A 		vstr.32	s15, [r2]
  60:Core/Src/app_avg_power_cache.c ****     s_sec_count++;
 187              		.loc 1 60 5 is_stmt 1 view .LVU38
 188              		.loc 1 60 16 is_stmt 0 view .LVU39
 189 0036 0133     		adds	r3, r3, #1
 190 0038 2E4A     		ldr	r2, .L15
 191 003a 1360     		str	r3, [r2]
 192              	.L11:
  61:Core/Src/app_avg_power_cache.c ****   }
  62:Core/Src/app_avg_power_cache.c ****   else
  63:Core/Src/app_avg_power_cache.c ****   {
  64:Core/Src/app_avg_power_cache.c ****     s_sec_sum -= s_sec_ring[s_sec_head];
  65:Core/Src/app_avg_power_cache.c ****     s_sec_ring[s_sec_head] = power_kw;
  66:Core/Src/app_avg_power_cache.c ****     s_sec_sum += power_kw;
  67:Core/Src/app_avg_power_cache.c ****   }
  68:Core/Src/app_avg_power_cache.c ****   s_sec_head = (s_sec_head + 1U) % SEC_WINDOW_SIZE;
 193              		.loc 1 68 3 is_stmt 1 view .LVU40
 194              		.loc 1 68 28 is_stmt 0 view .LVU41
 195 003c 2E4A     		ldr	r2, .L15+4
 196 003e 1168     		ldr	r1, [r2]
 197 0040 0131     		adds	r1, r1, #1
 198              		.loc 1 68 34 view .LVU42
 199 0042 CB08     		lsrs	r3, r1, #3
 200 0044 2F48     		ldr	r0, .L15+16
 201 0046 A0FB03C3 		umull	ip, r3, r0, r3
 202 004a 9B08     		lsrs	r3, r3, #2
 203 004c 4FF4B47C 		mov	ip, #360
 204 0050 0CFB1313 		mls	r3, ip, r3, r1
 205              		.loc 1 68 14 view .LVU43
 206 0054 1360     		str	r3, [r2]
  69:Core/Src/app_avg_power_cache.c **** 
  70:Core/Src/app_avg_power_cache.c ****   bucket_id = mono_sec / BUCKET_SIZE_SEC;
 207              		.loc 1 70 3 is_stmt 1 view .LVU44
 208              		.loc 1 70 13 is_stmt 0 view .LVU45
 209 0056 E208     		lsrs	r2, r4, #3
 210 0058 A0FB0202 		umull	r0, r2, r0, r2
 211 005c 9208     		lsrs	r2, r2, #2
 212              	.LVL12:
  71:Core/Src/app_avg_power_cache.c ****   slot = bucket_id % BUCKET_COUNT;
 213              		.loc 1 71 3 is_stmt 1 view .LVU46
 214              		.loc 1 71 8 is_stmt 0 view .LVU47
 215 005e 2A4B     		ldr	r3, .L15+20
 216 0060 A3FB0213 		umull	r1, r3, r3, r2
 217 0064 DB09     		lsrs	r3, r3, #7
ARM GAS  C:\Users\40918\AppData\Local\Temp\ccSsCSEG.s 			page 6


 218 0066 C3EB0313 		rsb	r3, r3, r3, lsl #4
 219 006a A2EB0313 		sub	r3, r2, r3, lsl #4
 220              	.LVL13:
  72:Core/Src/app_avg_power_cache.c ****   b = &s_bucket_ring[slot];
 221              		.loc 1 72 3 is_stmt 1 view .LVU48
  73:Core/Src/app_avg_power_cache.c ****   if (b->bucket_id != bucket_id)
 222              		.loc 1 73 3 view .LVU49
 223              		.loc 1 73 8 is_stmt 0 view .LVU50
 224 006e 03EB4300 		add	r0, r3, r3, lsl #1
 225 0072 2649     		ldr	r1, .L15+24
 226 0074 01EB8001 		add	r1, r1, r0, lsl #2
 227 0078 8968     		ldr	r1, [r1, #8]
 228              		.loc 1 73 6 view .LVU51
 229 007a 9142     		cmp	r1, r2
 230 007c 07D0     		beq	.L12
  74:Core/Src/app_avg_power_cache.c ****   {
  75:Core/Src/app_avg_power_cache.c ****     b->sum = 0.0f;
 231              		.loc 1 75 5 is_stmt 1 view .LVU52
 232              		.loc 1 75 12 is_stmt 0 view .LVU53
 233 007e 2349     		ldr	r1, .L15+24
 234 0080 01EB8001 		add	r1, r1, r0, lsl #2
 235 0084 0020     		movs	r0, #0
 236 0086 0860     		str	r0, [r1]	@ float
  76:Core/Src/app_avg_power_cache.c ****     b->count = 0U;
 237              		.loc 1 76 5 is_stmt 1 view .LVU54
 238              		.loc 1 76 14 is_stmt 0 view .LVU55
 239 0088 0020     		movs	r0, #0
 240 008a 8880     		strh	r0, [r1, #4]	@ movhi
  77:Core/Src/app_avg_power_cache.c ****     b->bucket_id = bucket_id;
 241              		.loc 1 77 5 is_stmt 1 view .LVU56
 242              		.loc 1 77 18 is_stmt 0 view .LVU57
 243 008c 8A60     		str	r2, [r1, #8]
 244              	.L12:
  78:Core/Src/app_avg_power_cache.c ****   }
  79:Core/Src/app_avg_power_cache.c ****   b->sum += power_kw;
 245              		.loc 1 79 3 is_stmt 1 view .LVU58
 246              		.loc 1 79 4 is_stmt 0 view .LVU59
 247 008e 03EB4301 		add	r1, r3, r3, lsl #1
 248 0092 1E4A     		ldr	r2, .L15+24
 249              	.LVL14:
 250              		.loc 1 79 4 view .LVU60
 251 0094 02EB8102 		add	r2, r2, r1, lsl #2
 252 0098 D2ED007A 		vldr.32	s15, [r2]
 253              		.loc 1 79 10 view .LVU61
 254 009c 77EE887A 		vadd.f32	s15, s15, s16
 255 00a0 C2ED007A 		vstr.32	s15, [r2]
  80:Core/Src/app_avg_power_cache.c ****   if (b->count < 0xFFFFU)
 256              		.loc 1 80 3 is_stmt 1 view .LVU62
 257              		.loc 1 80 8 is_stmt 0 view .LVU63
 258 00a4 9288     		ldrh	r2, [r2, #4]
 259              		.loc 1 80 6 view .LVU64
 260 00a6 4FF6FF71 		movw	r1, #65535
 261 00aa 8A42     		cmp	r2, r1
 262 00ac 06D0     		beq	.L13
  81:Core/Src/app_avg_power_cache.c ****   {
  82:Core/Src/app_avg_power_cache.c ****     b->count++;
 263              		.loc 1 82 5 is_stmt 1 view .LVU65
ARM GAS  C:\Users\40918\AppData\Local\Temp\ccSsCSEG.s 			page 7


 264              		.loc 1 82 13 is_stmt 0 view .LVU66
 265 00ae 03EB4303 		add	r3, r3, r3, lsl #1
 266              	.LVL15:
 267              		.loc 1 82 13 view .LVU67
 268 00b2 1649     		ldr	r1, .L15+24
 269 00b4 01EB8303 		add	r3, r1, r3, lsl #2
 270 00b8 0132     		adds	r2, r2, #1
 271 00ba 9A80     		strh	r2, [r3, #4]	@ movhi
 272              	.L13:
  83:Core/Src/app_avg_power_cache.c ****   }
  84:Core/Src/app_avg_power_cache.c ****   s_last_mono_sec = mono_sec;
 273              		.loc 1 84 3 is_stmt 1 view .LVU68
 274              		.loc 1 84 19 is_stmt 0 view .LVU69
 275 00bc 144B     		ldr	r3, .L15+28
 276 00be 1C60     		str	r4, [r3]
  85:Core/Src/app_avg_power_cache.c ****   taskEXIT_CRITICAL();
 277              		.loc 1 85 3 is_stmt 1 view .LVU70
 278 00c0 FFF7FEFF 		bl	vPortExitCritical
 279              	.LVL16:
  86:Core/Src/app_avg_power_cache.c **** }
 280              		.loc 1 86 1 is_stmt 0 view .LVU71
 281 00c4 BDEC028B 		vldm	sp!, {d8}
 282              	.LCFI3:
 283              		.cfi_remember_state
 284              		.cfi_restore 80
 285              		.cfi_restore 81
 286              		.cfi_def_cfa_offset 8
 287              	.LVL17:
 288              		.loc 1 86 1 view .LVU72
 289 00c8 10BD     		pop	{r4, pc}
 290              	.LVL18:
 291              	.L10:
 292              	.LCFI4:
 293              		.cfi_restore_state
  64:Core/Src/app_avg_power_cache.c ****     s_sec_ring[s_sec_head] = power_kw;
 294              		.loc 1 64 5 is_stmt 1 view .LVU73
  64:Core/Src/app_avg_power_cache.c ****     s_sec_ring[s_sec_head] = power_kw;
 295              		.loc 1 64 28 is_stmt 0 view .LVU74
 296 00ca 0B4B     		ldr	r3, .L15+4
 297 00cc 1A68     		ldr	r2, [r3]
 298 00ce 0B4B     		ldr	r3, .L15+8
 299 00d0 03EB8203 		add	r3, r3, r2, lsl #2
 300 00d4 93ED007A 		vldr.32	s14, [r3]
  64:Core/Src/app_avg_power_cache.c ****     s_sec_ring[s_sec_head] = power_kw;
 301              		.loc 1 64 15 view .LVU75
 302 00d8 094A     		ldr	r2, .L15+12
 303 00da D2ED007A 		vldr.32	s15, [r2]
 304 00de 77EEC77A 		vsub.f32	s15, s15, s14
 305 00e2 C2ED007A 		vstr.32	s15, [r2]
  65:Core/Src/app_avg_power_cache.c ****     s_sec_sum += power_kw;
 306              		.loc 1 65 5 is_stmt 1 view .LVU76
  65:Core/Src/app_avg_power_cache.c ****     s_sec_sum += power_kw;
 307              		.loc 1 65 28 is_stmt 0 view .LVU77
 308 00e6 83ED008A 		vstr.32	s16, [r3]
  66:Core/Src/app_avg_power_cache.c ****   }
 309              		.loc 1 66 5 is_stmt 1 view .LVU78
  66:Core/Src/app_avg_power_cache.c ****   }
ARM GAS  C:\Users\40918\AppData\Local\Temp\ccSsCSEG.s 			page 8


 310              		.loc 1 66 15 is_stmt 0 view .LVU79
 311 00ea 77EE887A 		vadd.f32	s15, s15, s16
 312 00ee C2ED007A 		vstr.32	s15, [r2]
 313 00f2 A3E7     		b	.L11
 314              	.L16:
 315              		.align	2
 316              	.L15:
 317 00f4 00000000 		.word	s_sec_count
 318 00f8 00000000 		.word	s_sec_head
 319 00fc 00000000 		.word	s_sec_ring
 320 0100 00000000 		.word	s_sec_sum
 321 0104 176CC116 		.word	381774871
 322 0108 89888888 		.word	-2004318071
 323 010c 00000000 		.word	s_bucket_ring
 324 0110 00000000 		.word	s_last_mono_sec
 325              		.cfi_endproc
 326              	.LFE6:
 328              		.section	.text.AppAvgPowerCache_QueryHours,"ax",%progbits
 329              		.align	1
 330              		.global	AppAvgPowerCache_QueryHours
 331              		.syntax unified
 332              		.thumb
 333              		.thumb_func
 335              	AppAvgPowerCache_QueryHours:
 336              	.LVL19:
 337              	.LFB7:
  87:Core/Src/app_avg_power_cache.c **** 
  88:Core/Src/app_avg_power_cache.c **** float AppAvgPowerCache_QueryHours(float hours, uint8_t *ok)
  89:Core/Src/app_avg_power_cache.c **** {
 338              		.loc 1 89 1 is_stmt 1 view -0
 339              		.cfi_startproc
 340              		@ args = 0, pretend = 0, frame = 0
 341              		@ frame_needed = 0, uses_anonymous_args = 0
 342              		.loc 1 89 1 is_stmt 0 view .LVU81
 343 0000 70B5     		push	{r4, r5, r6, lr}
 344              	.LCFI5:
 345              		.cfi_def_cfa_offset 16
 346              		.cfi_offset 4, -16
 347              		.cfi_offset 5, -12
 348              		.cfi_offset 6, -8
 349              		.cfi_offset 14, -4
 350 0002 2DED028B 		vpush.64	{d8}
 351              	.LCFI6:
 352              		.cfi_def_cfa_offset 24
 353              		.cfi_offset 80, -24
 354              		.cfi_offset 81, -20
 355 0006 0646     		mov	r6, r0
  90:Core/Src/app_avg_power_cache.c ****   uint32_t n_tenths;
 356              		.loc 1 90 3 is_stmt 1 view .LVU82
  91:Core/Src/app_avg_power_cache.c ****   uint32_t cur_bucket_id;
 357              		.loc 1 91 3 view .LVU83
  92:Core/Src/app_avg_power_cache.c ****   uint32_t i;
 358              		.loc 1 92 3 view .LVU84
  93:Core/Src/app_avg_power_cache.c ****   float sum = 0.0f;
 359              		.loc 1 93 3 view .LVU85
 360              	.LVL20:
  94:Core/Src/app_avg_power_cache.c ****   uint32_t cnt = 0U;
ARM GAS  C:\Users\40918\AppData\Local\Temp\ccSsCSEG.s 			page 9


 361              		.loc 1 94 3 view .LVU86
  95:Core/Src/app_avg_power_cache.c **** 
  96:Core/Src/app_avg_power_cache.c ****   if (hours < MIN_QUERY_HOURS)
 362              		.loc 1 96 3 view .LVU87
 363              		.loc 1 96 6 is_stmt 0 view .LVU88
 364 0008 DFED327A 		vldr.32	s15, .L34
 365 000c B4EEE70A 		vcmpe.f32	s0, s15
 366 0010 F1EE10FA 		vmrs	APSR_nzcv, FPSCR
 367 0014 09D4     		bmi	.L27
  97:Core/Src/app_avg_power_cache.c ****   {
  98:Core/Src/app_avg_power_cache.c ****     hours = MIN_QUERY_HOURS;
  99:Core/Src/app_avg_power_cache.c ****   }
 100:Core/Src/app_avg_power_cache.c ****   else if (hours > MAX_QUERY_HOURS)
 368              		.loc 1 100 8 is_stmt 1 view .LVU89
 369              		.loc 1 100 11 is_stmt 0 view .LVU90
 370 0016 F3EE087A 		vmov.f32	s15, #2.4e+1
 371 001a B4EEE70A 		vcmpe.f32	s0, s15
 372 001e F1EE10FA 		vmrs	APSR_nzcv, FPSCR
 373 0022 04DD     		ble	.L18
 101:Core/Src/app_avg_power_cache.c ****   {
 102:Core/Src/app_avg_power_cache.c ****     hours = MAX_QUERY_HOURS;
 374              		.loc 1 102 11 view .LVU91
 375 0024 B3EE080A 		vmov.f32	s0, #2.4e+1
 376              	.LVL21:
 377              		.loc 1 102 11 view .LVU92
 378 0028 01E0     		b	.L18
 379              	.LVL22:
 380              	.L27:
  98:Core/Src/app_avg_power_cache.c ****   }
 381              		.loc 1 98 11 view .LVU93
 382 002a 9FED2A0A 		vldr.32	s0, .L34
 383              	.LVL23:
 384              	.L18:
 103:Core/Src/app_avg_power_cache.c ****   }
 104:Core/Src/app_avg_power_cache.c **** 
 105:Core/Src/app_avg_power_cache.c ****   n_tenths = AppAvgPowerCache_RoundToTenths(hours);
 385              		.loc 1 105 3 is_stmt 1 view .LVU94
 386              		.loc 1 105 14 is_stmt 0 view .LVU95
 387 002e FFF7FEFF 		bl	AppAvgPowerCache_RoundToTenths
 388              	.LVL24:
 106:Core/Src/app_avg_power_cache.c ****   if (n_tenths < 1U)
 389              		.loc 1 106 3 is_stmt 1 view .LVU96
 390              		.loc 1 106 6 is_stmt 0 view .LVU97
 391 0032 0446     		mov	r4, r0
 392 0034 18B1     		cbz	r0, .L29
 107:Core/Src/app_avg_power_cache.c ****   {
 108:Core/Src/app_avg_power_cache.c ****     n_tenths = 1U;
 109:Core/Src/app_avg_power_cache.c ****   }
 110:Core/Src/app_avg_power_cache.c ****   if (n_tenths > BUCKET_COUNT)
 393              		.loc 1 110 3 is_stmt 1 view .LVU98
 394              		.loc 1 110 6 is_stmt 0 view .LVU99
 395 0036 F028     		cmp	r0, #240
 396 0038 02D9     		bls	.L19
 111:Core/Src/app_avg_power_cache.c ****   {
 112:Core/Src/app_avg_power_cache.c ****     n_tenths = BUCKET_COUNT;
 397              		.loc 1 112 14 view .LVU100
 398 003a F024     		movs	r4, #240
ARM GAS  C:\Users\40918\AppData\Local\Temp\ccSsCSEG.s 			page 10


 399 003c 00E0     		b	.L19
 400              	.L29:
 108:Core/Src/app_avg_power_cache.c ****   }
 401              		.loc 1 108 14 view .LVU101
 402 003e 0124     		movs	r4, #1
 403              	.L19:
 404              	.LVL25:
 113:Core/Src/app_avg_power_cache.c ****   }
 114:Core/Src/app_avg_power_cache.c **** 
 115:Core/Src/app_avg_power_cache.c ****   taskENTER_CRITICAL();
 405              		.loc 1 115 3 is_stmt 1 view .LVU102
 406 0040 FFF7FEFF 		bl	vPortEnterCritical
 407              	.LVL26:
 116:Core/Src/app_avg_power_cache.c ****   sum += s_sec_sum;
 408              		.loc 1 116 3 view .LVU103
 409              		.loc 1 116 7 is_stmt 0 view .LVU104
 410 0044 244B     		ldr	r3, .L34+4
 411 0046 93ED008A 		vldr.32	s16, [r3]
 412 004a DFED247A 		vldr.32	s15, .L34+8
 413 004e 38EE278A 		vadd.f32	s16, s16, s15
 414              	.LVL27:
 117:Core/Src/app_avg_power_cache.c ****   cnt += s_sec_count;
 415              		.loc 1 117 3 is_stmt 1 view .LVU105
 416              		.loc 1 117 7 is_stmt 0 view .LVU106
 417 0052 234B     		ldr	r3, .L34+12
 418 0054 1D68     		ldr	r5, [r3]
 419              	.LVL28:
 118:Core/Src/app_avg_power_cache.c **** 
 119:Core/Src/app_avg_power_cache.c ****   cur_bucket_id = s_last_mono_sec / BUCKET_SIZE_SEC;
 420              		.loc 1 119 3 is_stmt 1 view .LVU107
 421              		.loc 1 119 35 is_stmt 0 view .LVU108
 422 0056 234B     		ldr	r3, .L34+16
 423 0058 1B68     		ldr	r3, [r3]
 424              		.loc 1 119 17 view .LVU109
 425 005a 4FEAD30C 		lsr	ip, r3, #3
 426 005e 224B     		ldr	r3, .L34+20
 427 0060 A3FB0C3C 		umull	r3, ip, r3, ip
 428 0064 4FEA9C0C 		lsr	ip, ip, #2
 429              	.LVL29:
 120:Core/Src/app_avg_power_cache.c **** 
 121:Core/Src/app_avg_power_cache.c ****   for (i = 1U; i < n_tenths; i++)
 430              		.loc 1 121 3 is_stmt 1 view .LVU110
 431              		.loc 1 121 10 is_stmt 0 view .LVU111
 432 0068 0122     		movs	r2, #1
 433              		.loc 1 121 3 view .LVU112
 434 006a 00E0     		b	.L20
 435              	.LVL30:
 436              	.L21:
 437              		.loc 1 121 31 is_stmt 1 discriminator 2 view .LVU113
 438 006c 0132     		adds	r2, r2, #1
 439              	.LVL31:
 440              	.L20:
 441              		.loc 1 121 18 discriminator 1 view .LVU114
 442 006e 9442     		cmp	r4, r2
 443 0070 1BD9     		bls	.L32
 444              	.LBB2:
 122:Core/Src/app_avg_power_cache.c ****   {
ARM GAS  C:\Users\40918\AppData\Local\Temp\ccSsCSEG.s 			page 11


 123:Core/Src/app_avg_power_cache.c ****     uint32_t id = cur_bucket_id - i;
 445              		.loc 1 123 5 view .LVU115
 446              		.loc 1 123 14 is_stmt 0 view .LVU116
 447 0072 ACEB0201 		sub	r1, ip, r2
 448              	.LVL32:
 124:Core/Src/app_avg_power_cache.c ****     avg_bucket_t *b = &s_bucket_ring[id % BUCKET_COUNT];
 449              		.loc 1 124 5 is_stmt 1 view .LVU117
 450              		.loc 1 124 41 is_stmt 0 view .LVU118
 451 0076 1D4B     		ldr	r3, .L34+24
 452 0078 A3FB0103 		umull	r0, r3, r3, r1
 453 007c DB09     		lsrs	r3, r3, #7
 454 007e C3EB0313 		rsb	r3, r3, r3, lsl #4
 455 0082 A1EB0313 		sub	r3, r1, r3, lsl #4
 456              	.LVL33:
 125:Core/Src/app_avg_power_cache.c ****     if (b->bucket_id == id)
 457              		.loc 1 125 5 is_stmt 1 view .LVU119
 458              		.loc 1 125 10 is_stmt 0 view .LVU120
 459 0086 03EB430E 		add	lr, r3, r3, lsl #1
 460 008a 1948     		ldr	r0, .L34+28
 461 008c 00EB8E00 		add	r0, r0, lr, lsl #2
 462 0090 8068     		ldr	r0, [r0, #8]
 463              		.loc 1 125 8 view .LVU121
 464 0092 8842     		cmp	r0, r1
 465 0094 EAD1     		bne	.L21
 126:Core/Src/app_avg_power_cache.c ****     {
 127:Core/Src/app_avg_power_cache.c ****       sum += b->sum;
 466              		.loc 1 127 7 is_stmt 1 view .LVU122
 467              		.loc 1 127 15 is_stmt 0 view .LVU123
 468 0096 1649     		ldr	r1, .L34+28
 469              	.LVL34:
 470              		.loc 1 127 15 view .LVU124
 471 0098 01EB8E00 		add	r0, r1, lr, lsl #2
 472 009c D0ED007A 		vldr.32	s15, [r0]
 473              		.loc 1 127 11 view .LVU125
 474 00a0 38EE278A 		vadd.f32	s16, s16, s15
 475              	.LVL35:
 128:Core/Src/app_avg_power_cache.c ****       cnt += b->count;
 476              		.loc 1 128 7 is_stmt 1 view .LVU126
 477              		.loc 1 128 15 is_stmt 0 view .LVU127
 478 00a4 8388     		ldrh	r3, [r0, #4]
 479              	.LVL36:
 480              		.loc 1 128 11 view .LVU128
 481 00a6 1D44     		add	r5, r5, r3
 482              	.LVL37:
 483              		.loc 1 128 11 view .LVU129
 484 00a8 E0E7     		b	.L21
 485              	.LVL38:
 486              	.L32:
 487              		.loc 1 128 11 view .LVU130
 488              	.LBE2:
 129:Core/Src/app_avg_power_cache.c ****     }
 130:Core/Src/app_avg_power_cache.c ****   }
 131:Core/Src/app_avg_power_cache.c ****   taskEXIT_CRITICAL();
 489              		.loc 1 131 3 is_stmt 1 view .LVU131
 490 00aa FFF7FEFF 		bl	vPortExitCritical
 491              	.LVL39:
 132:Core/Src/app_avg_power_cache.c **** 
ARM GAS  C:\Users\40918\AppData\Local\Temp\ccSsCSEG.s 			page 12


 133:Core/Src/app_avg_power_cache.c ****   if (cnt == 0U)
 492              		.loc 1 133 3 view .LVU132
 493              		.loc 1 133 6 is_stmt 0 view .LVU133
 494 00ae 5DB1     		cbz	r5, .L33
 134:Core/Src/app_avg_power_cache.c ****   {
 135:Core/Src/app_avg_power_cache.c ****     if (ok != 0)
 136:Core/Src/app_avg_power_cache.c ****     {
 137:Core/Src/app_avg_power_cache.c ****       *ok = 0U;
 138:Core/Src/app_avg_power_cache.c ****     }
 139:Core/Src/app_avg_power_cache.c ****     return 0.0f;
 140:Core/Src/app_avg_power_cache.c ****   }
 141:Core/Src/app_avg_power_cache.c **** 
 142:Core/Src/app_avg_power_cache.c ****   if (ok != 0)
 495              		.loc 1 142 3 is_stmt 1 view .LVU134
 496              		.loc 1 142 6 is_stmt 0 view .LVU135
 497 00b0 0EB1     		cbz	r6, .L26
 143:Core/Src/app_avg_power_cache.c ****   {
 144:Core/Src/app_avg_power_cache.c ****     *ok = 1U;
 498              		.loc 1 144 5 is_stmt 1 view .LVU136
 499              		.loc 1 144 9 is_stmt 0 view .LVU137
 500 00b2 0123     		movs	r3, #1
 501 00b4 3370     		strb	r3, [r6]
 502              	.L26:
 145:Core/Src/app_avg_power_cache.c ****   }
 146:Core/Src/app_avg_power_cache.c ****   return sum / (float)cnt;
 503              		.loc 1 146 3 is_stmt 1 view .LVU138
 504              		.loc 1 146 16 is_stmt 0 view .LVU139
 505 00b6 07EE905A 		vmov	s15, r5	@ int
 506 00ba F8EE677A 		vcvt.f32.u32	s15, s15
 507              		.loc 1 146 14 view .LVU140
 508 00be 88EE270A 		vdiv.f32	s0, s16, s15
 509              	.L17:
 147:Core/Src/app_avg_power_cache.c **** }
 510              		.loc 1 147 1 view .LVU141
 511 00c2 BDEC028B 		vldm	sp!, {d8}
 512              	.LCFI7:
 513              		.cfi_remember_state
 514              		.cfi_restore 80
 515              		.cfi_restore 81
 516              		.cfi_def_cfa_offset 16
 517              	.LVL40:
 518              		.loc 1 147 1 view .LVU142
 519 00c6 70BD     		pop	{r4, r5, r6, pc}
 520              	.LVL41:
 521              	.L33:
 522              	.LCFI8:
 523              		.cfi_restore_state
 135:Core/Src/app_avg_power_cache.c ****     {
 524              		.loc 1 135 5 is_stmt 1 view .LVU143
 135:Core/Src/app_avg_power_cache.c ****     {
 525              		.loc 1 135 8 is_stmt 0 view .LVU144
 526 00c8 0EB1     		cbz	r6, .L24
 137:Core/Src/app_avg_power_cache.c ****     }
 527              		.loc 1 137 7 is_stmt 1 view .LVU145
 137:Core/Src/app_avg_power_cache.c ****     }
 528              		.loc 1 137 11 is_stmt 0 view .LVU146
 529 00ca 0023     		movs	r3, #0
ARM GAS  C:\Users\40918\AppData\Local\Temp\ccSsCSEG.s 			page 13


 530 00cc 3370     		strb	r3, [r6]
 531              	.L24:
 139:Core/Src/app_avg_power_cache.c ****   }
 532              		.loc 1 139 5 is_stmt 1 view .LVU147
 139:Core/Src/app_avg_power_cache.c ****   }
 533              		.loc 1 139 12 is_stmt 0 view .LVU148
 534 00ce 9FED030A 		vldr.32	s0, .L34+8
 535 00d2 F6E7     		b	.L17
 536              	.L35:
 537              		.align	2
 538              	.L34:
 539 00d4 CDCCCC3D 		.word	1036831949
 540 00d8 00000000 		.word	s_sec_sum
 541 00dc 00000000 		.word	0
 542 00e0 00000000 		.word	s_sec_count
 543 00e4 00000000 		.word	s_last_mono_sec
 544 00e8 176CC116 		.word	381774871
 545 00ec 89888888 		.word	-2004318071
 546 00f0 00000000 		.word	s_bucket_ring
 547              		.cfi_endproc
 548              	.LFE7:
 550              		.section	.bss.s_bucket_ring,"aw",%nobits
 551              		.align	2
 554              	s_bucket_ring:
 555 0000 00000000 		.space	2880
 555      00000000 
 555      00000000 
 555      00000000 
 555      00000000 
 556              		.section	.bss.s_last_mono_sec,"aw",%nobits
 557              		.align	2
 560              	s_last_mono_sec:
 561 0000 00000000 		.space	4
 562              		.section	.bss.s_sec_sum,"aw",%nobits
 563              		.align	2
 566              	s_sec_sum:
 567 0000 00000000 		.space	4
 568              		.section	.bss.s_sec_count,"aw",%nobits
 569              		.align	2
 572              	s_sec_count:
 573 0000 00000000 		.space	4
 574              		.section	.bss.s_sec_head,"aw",%nobits
 575              		.align	2
 578              	s_sec_head:
 579 0000 00000000 		.space	4
 580              		.section	.bss.s_sec_ring,"aw",%nobits
 581              		.align	2
 584              	s_sec_ring:
 585 0000 00000000 		.space	1440
 585      00000000 
 585      00000000 
 585      00000000 
 585      00000000 
 586              		.text
 587              	.Letext0:
 588              		.file 2 "D:/Tools/Arm GNU Toolchain arm-none-eabi/13.3 rel1/arm-none-eabi/include/machine/_default
 589              		.file 3 "D:/Tools/Arm GNU Toolchain arm-none-eabi/13.3 rel1/arm-none-eabi/include/sys/_stdint.h"
ARM GAS  C:\Users\40918\AppData\Local\Temp\ccSsCSEG.s 			page 14


 590              		.file 4 "D:/Tools/Arm GNU Toolchain arm-none-eabi/13.3 rel1/lib/gcc/arm-none-eabi/13.3.1/include/s
 591              		.file 5 "Middlewares/Third_Party/FreeRTOS/Source/portable/GCC/ARM_CM4F/portmacro.h"
 592              		.file 6 "D:/Tools/Arm GNU Toolchain arm-none-eabi/13.3 rel1/arm-none-eabi/include/string.h"
 593              		.file 7 "<built-in>"
ARM GAS  C:\Users\40918\AppData\Local\Temp\ccSsCSEG.s 			page 15


DEFINED SYMBOLS
                            *ABS*:00000000 app_avg_power_cache.c
C:\Users\40918\AppData\Local\Temp\ccSsCSEG.s:21     .text.AppAvgPowerCache_RoundToTenths:00000000 $t
C:\Users\40918\AppData\Local\Temp\ccSsCSEG.s:26     .text.AppAvgPowerCache_RoundToTenths:00000000 AppAvgPowerCache_RoundToTenths
C:\Users\40918\AppData\Local\Temp\ccSsCSEG.s:67     .text.AppAvgPowerCache_Init:00000000 $t
C:\Users\40918\AppData\Local\Temp\ccSsCSEG.s:73     .text.AppAvgPowerCache_Init:00000000 AppAvgPowerCache_Init
C:\Users\40918\AppData\Local\Temp\ccSsCSEG.s:124    .text.AppAvgPowerCache_Init:00000038 $d
C:\Users\40918\AppData\Local\Temp\ccSsCSEG.s:584    .bss.s_sec_ring:00000000 s_sec_ring
C:\Users\40918\AppData\Local\Temp\ccSsCSEG.s:578    .bss.s_sec_head:00000000 s_sec_head
C:\Users\40918\AppData\Local\Temp\ccSsCSEG.s:572    .bss.s_sec_count:00000000 s_sec_count
C:\Users\40918\AppData\Local\Temp\ccSsCSEG.s:566    .bss.s_sec_sum:00000000 s_sec_sum
C:\Users\40918\AppData\Local\Temp\ccSsCSEG.s:560    .bss.s_last_mono_sec:00000000 s_last_mono_sec
C:\Users\40918\AppData\Local\Temp\ccSsCSEG.s:554    .bss.s_bucket_ring:00000000 s_bucket_ring
C:\Users\40918\AppData\Local\Temp\ccSsCSEG.s:134    .text.AppAvgPowerCache_Push1s:00000000 $t
C:\Users\40918\AppData\Local\Temp\ccSsCSEG.s:140    .text.AppAvgPowerCache_Push1s:00000000 AppAvgPowerCache_Push1s
C:\Users\40918\AppData\Local\Temp\ccSsCSEG.s:317    .text.AppAvgPowerCache_Push1s:000000f4 $d
C:\Users\40918\AppData\Local\Temp\ccSsCSEG.s:329    .text.AppAvgPowerCache_QueryHours:00000000 $t
C:\Users\40918\AppData\Local\Temp\ccSsCSEG.s:335    .text.AppAvgPowerCache_QueryHours:00000000 AppAvgPowerCache_QueryHours
C:\Users\40918\AppData\Local\Temp\ccSsCSEG.s:539    .text.AppAvgPowerCache_QueryHours:000000d4 $d
C:\Users\40918\AppData\Local\Temp\ccSsCSEG.s:551    .bss.s_bucket_ring:00000000 $d
C:\Users\40918\AppData\Local\Temp\ccSsCSEG.s:557    .bss.s_last_mono_sec:00000000 $d
C:\Users\40918\AppData\Local\Temp\ccSsCSEG.s:563    .bss.s_sec_sum:00000000 $d
C:\Users\40918\AppData\Local\Temp\ccSsCSEG.s:569    .bss.s_sec_count:00000000 $d
C:\Users\40918\AppData\Local\Temp\ccSsCSEG.s:575    .bss.s_sec_head:00000000 $d
C:\Users\40918\AppData\Local\Temp\ccSsCSEG.s:581    .bss.s_sec_ring:00000000 $d

UNDEFINED SYMBOLS
vPortEnterCritical
memset
vPortExitCritical
