ARM GAS  C:\Users\40918\AppData\Local\Temp\cci6ehvk.s 			page 1


   1              		.cpu cortex-m4
   2              		.arch armv7e-m
   3              		.fpu fpv4-sp-d16
   4              		.eabi_attribute 27, 1
   5              		.eabi_attribute 28, 1
   6              		.eabi_attribute 20, 1
   7              		.eabi_attribute 21, 1
   8              		.eabi_attribute 23, 3
   9              		.eabi_attribute 24, 1
  10              		.eabi_attribute 25, 1
  11              		.eabi_attribute 26, 1
  12              		.eabi_attribute 30, 1
  13              		.eabi_attribute 34, 1
  14              		.eabi_attribute 18, 4
  15              		.file	"app_param_store.c"
  16              		.text
  17              	.Ltext0:
  18              		.cfi_sections	.debug_frame
  19              		.file 1 "Core/Src/app_param_store.c"
  20              		.section	.text.AppParamStore_Crc32,"ax",%progbits
  21              		.align	1
  22              		.syntax unified
  23              		.thumb
  24              		.thumb_func
  26              	AppParamStore_Crc32:
  27              	.LVL0:
  28              	.LFB239:
   1:Core/Src/app_param_store.c **** #include "app_param_store.h"
   2:Core/Src/app_param_store.c **** #include "main.h"
   3:Core/Src/app_param_store.c **** #include <string.h>
   4:Core/Src/app_param_store.c **** 
   5:Core/Src/app_param_store.c **** #define PARAM_STORE_FLASH_ADDR   0x080E0000UL
   6:Core/Src/app_param_store.c **** #define PARAM_STORE_FLASH_SECTOR FLASH_SECTOR_11
   7:Core/Src/app_param_store.c **** #define PARAM_STORE_MAGIC        0x53504350UL
   8:Core/Src/app_param_store.c **** #define PARAM_STORE_VERSION      1UL
   9:Core/Src/app_param_store.c **** 
  10:Core/Src/app_param_store.c **** typedef struct
  11:Core/Src/app_param_store.c **** {
  12:Core/Src/app_param_store.c ****   float query_time_h;
  13:Core/Src/app_param_store.c ****   float shaft_outer_d_mm;
  14:Core/Src/app_param_store.c ****   float shaft_inner_d_mm;
  15:Core/Src/app_param_store.c ****   float shear_modulus_GPa;
  16:Core/Src/app_param_store.c ****   float elastic_modulus_GPa;
  17:Core/Src/app_param_store.c ****   float poisson_ratio;
  18:Core/Src/app_param_store.c ****   uint16_t prop_dir;
  19:Core/Src/app_param_store.c ****   uint16_t modulus_select;
  20:Core/Src/app_param_store.c ****   float sample_freq_Hz;
  21:Core/Src/app_param_store.c ****   int32_t avg_time_ms;
  22:Core/Src/app_param_store.c ****   uint16_t avg_mode;
  23:Core/Src/app_param_store.c ****   float calib_factor[2];
  24:Core/Src/app_param_store.c ****   float gauge_sensitivity[2];
  25:Core/Src/app_param_store.c ****   float zero_voltage[2];
  26:Core/Src/app_param_store.c **** } param_store_payload_t;
  27:Core/Src/app_param_store.c **** 
  28:Core/Src/app_param_store.c **** typedef struct
  29:Core/Src/app_param_store.c **** {
  30:Core/Src/app_param_store.c ****   uint32_t magic;
ARM GAS  C:\Users\40918\AppData\Local\Temp\cci6ehvk.s 			page 2


  31:Core/Src/app_param_store.c ****   uint32_t version;
  32:Core/Src/app_param_store.c ****   uint32_t payload_size;
  33:Core/Src/app_param_store.c ****   uint32_t crc;
  34:Core/Src/app_param_store.c ****   param_store_payload_t payload;
  35:Core/Src/app_param_store.c **** } param_store_record_t;
  36:Core/Src/app_param_store.c **** 
  37:Core/Src/app_param_store.c **** static param_store_payload_t s_last_payload;
  38:Core/Src/app_param_store.c **** static uint8_t s_last_payload_valid = 0U;
  39:Core/Src/app_param_store.c **** 
  40:Core/Src/app_param_store.c **** static uint32_t AppParamStore_Crc32(const uint8_t *data, uint32_t len)
  41:Core/Src/app_param_store.c **** {
  29              		.loc 1 41 1 view -0
  30              		.cfi_startproc
  31              		@ args = 0, pretend = 0, frame = 0
  32              		@ frame_needed = 0, uses_anonymous_args = 0
  42:Core/Src/app_param_store.c ****   uint32_t crc = 0xFFFFFFFFUL;
  33              		.loc 1 42 3 view .LVU1
  43:Core/Src/app_param_store.c ****   uint32_t i;
  34              		.loc 1 43 3 view .LVU2
  44:Core/Src/app_param_store.c ****   uint8_t bit;
  35              		.loc 1 44 3 view .LVU3
  45:Core/Src/app_param_store.c **** 
  46:Core/Src/app_param_store.c ****   if (data == NULL)
  36              		.loc 1 46 3 view .LVU4
  37              		.loc 1 46 6 is_stmt 0 view .LVU5
  38 0000 F0B1     		cbz	r0, .L9
  41:Core/Src/app_param_store.c ****   uint32_t crc = 0xFFFFFFFFUL;
  39              		.loc 1 41 1 view .LVU6
  40 0002 00B5     		push	{lr}
  41              	.LCFI0:
  42              		.cfi_def_cfa_offset 4
  43              		.cfi_offset 14, -4
  44 0004 8646     		mov	lr, r0
  47:Core/Src/app_param_store.c ****   {
  48:Core/Src/app_param_store.c ****     return 0UL;
  49:Core/Src/app_param_store.c ****   }
  50:Core/Src/app_param_store.c **** 
  51:Core/Src/app_param_store.c ****   for (i = 0UL; i < len; i++)
  45              		.loc 1 51 10 view .LVU7
  46 0006 4FF0000C 		mov	ip, #0
  42:Core/Src/app_param_store.c ****   uint32_t i;
  47              		.loc 1 42 12 view .LVU8
  48 000a 4FF0FF32 		mov	r2, #-1
  49 000e 0DE0     		b	.L3
  50              	.LVL1:
  51              	.L5:
  52:Core/Src/app_param_store.c ****   {
  53:Core/Src/app_param_store.c ****     crc ^= data[i];
  54:Core/Src/app_param_store.c ****     for (bit = 0U; bit < 8U; bit++)
  55:Core/Src/app_param_store.c ****     {
  56:Core/Src/app_param_store.c ****       if ((crc & 1UL) != 0UL)
  57:Core/Src/app_param_store.c ****       {
  58:Core/Src/app_param_store.c ****         crc = (crc >> 1) ^ 0xEDB88320UL;
  59:Core/Src/app_param_store.c ****       }
  60:Core/Src/app_param_store.c ****       else
  61:Core/Src/app_param_store.c ****       {
  62:Core/Src/app_param_store.c ****         crc >>= 1;
ARM GAS  C:\Users\40918\AppData\Local\Temp\cci6ehvk.s 			page 3


  52              		.loc 1 62 9 is_stmt 1 view .LVU9
  53              		.loc 1 62 13 is_stmt 0 view .LVU10
  54 0010 5208     		lsrs	r2, r2, #1
  55              	.LVL2:
  56              	.L6:
  54:Core/Src/app_param_store.c ****     {
  57              		.loc 1 54 33 is_stmt 1 discriminator 2 view .LVU11
  58 0012 0133     		adds	r3, r3, #1
  59              	.LVL3:
  54:Core/Src/app_param_store.c ****     {
  60              		.loc 1 54 33 is_stmt 0 discriminator 2 view .LVU12
  61 0014 DBB2     		uxtb	r3, r3
  62              	.LVL4:
  63              	.L4:
  54:Core/Src/app_param_store.c ****     {
  64              		.loc 1 54 24 is_stmt 1 discriminator 1 view .LVU13
  65 0016 072B     		cmp	r3, #7
  66 0018 06D8     		bhi	.L14
  56:Core/Src/app_param_store.c ****       {
  67              		.loc 1 56 7 view .LVU14
  56:Core/Src/app_param_store.c ****       {
  68              		.loc 1 56 10 is_stmt 0 view .LVU15
  69 001a 12F0010F 		tst	r2, #1
  70 001e F7D0     		beq	.L5
  58:Core/Src/app_param_store.c ****       }
  71              		.loc 1 58 9 is_stmt 1 view .LVU16
  58:Core/Src/app_param_store.c ****       }
  72              		.loc 1 58 13 is_stmt 0 view .LVU17
  73 0020 0848     		ldr	r0, .L16
  74 0022 80EA5202 		eor	r2, r0, r2, lsr #1
  75              	.LVL5:
  58:Core/Src/app_param_store.c ****       }
  76              		.loc 1 58 13 view .LVU18
  77 0026 F4E7     		b	.L6
  78              	.L14:
  51:Core/Src/app_param_store.c ****   {
  79              		.loc 1 51 27 is_stmt 1 discriminator 2 view .LVU19
  80 0028 0CF1010C 		add	ip, ip, #1
  81              	.LVL6:
  82              	.L3:
  51:Core/Src/app_param_store.c ****   {
  83              		.loc 1 51 19 discriminator 1 view .LVU20
  84 002c 8C45     		cmp	ip, r1
  85 002e 04D2     		bcs	.L15
  53:Core/Src/app_param_store.c ****     for (bit = 0U; bit < 8U; bit++)
  86              		.loc 1 53 5 view .LVU21
  53:Core/Src/app_param_store.c ****     for (bit = 0U; bit < 8U; bit++)
  87              		.loc 1 53 16 is_stmt 0 view .LVU22
  88 0030 1EF80C30 		ldrb	r3, [lr, ip]	@ zero_extendqisi2
  53:Core/Src/app_param_store.c ****     for (bit = 0U; bit < 8U; bit++)
  89              		.loc 1 53 9 view .LVU23
  90 0034 5A40     		eors	r2, r2, r3
  91              	.LVL7:
  54:Core/Src/app_param_store.c ****     {
  92              		.loc 1 54 5 is_stmt 1 view .LVU24
  54:Core/Src/app_param_store.c ****     {
  93              		.loc 1 54 14 is_stmt 0 view .LVU25
ARM GAS  C:\Users\40918\AppData\Local\Temp\cci6ehvk.s 			page 4


  94 0036 0023     		movs	r3, #0
  54:Core/Src/app_param_store.c ****     {
  95              		.loc 1 54 5 view .LVU26
  96 0038 EDE7     		b	.L4
  97              	.LVL8:
  98              	.L15:
  63:Core/Src/app_param_store.c ****       }
  64:Core/Src/app_param_store.c ****     }
  65:Core/Src/app_param_store.c ****   }
  66:Core/Src/app_param_store.c ****   return ~crc;
  99              		.loc 1 66 3 is_stmt 1 view .LVU27
 100              		.loc 1 66 10 is_stmt 0 view .LVU28
 101 003a D043     		mvns	r0, r2
  67:Core/Src/app_param_store.c **** }
 102              		.loc 1 67 1 view .LVU29
 103 003c 5DF804FB 		ldr	pc, [sp], #4
 104              	.LVL9:
 105              	.L9:
 106              	.LCFI1:
 107              		.cfi_def_cfa_offset 0
 108              		.cfi_restore 14
  48:Core/Src/app_param_store.c ****   }
 109              		.loc 1 48 12 view .LVU30
 110 0040 0020     		movs	r0, #0
 111              	.LVL10:
 112              		.loc 1 67 1 view .LVU31
 113 0042 7047     		bx	lr
 114              	.L17:
 115              		.align	2
 116              	.L16:
 117 0044 2083B8ED 		.word	-306674912
 118              		.cfi_endproc
 119              	.LFE239:
 121              		.section	.text.AppParamStore_PayloadFromValues,"ax",%progbits
 122              		.align	1
 123              		.syntax unified
 124              		.thumb
 125              		.thumb_func
 127              	AppParamStore_PayloadFromValues:
 128              	.LVL11:
 129              	.LFB240:
  68:Core/Src/app_param_store.c **** 
  69:Core/Src/app_param_store.c **** static void AppParamStore_PayloadFromValues(const protocol_values_t *values, param_store_payload_t 
  70:Core/Src/app_param_store.c **** {
 130              		.loc 1 70 1 is_stmt 1 view -0
 131              		.cfi_startproc
 132              		@ args = 0, pretend = 0, frame = 0
 133              		@ frame_needed = 0, uses_anonymous_args = 0
 134              		@ link register save eliminated.
  71:Core/Src/app_param_store.c ****   if ((values == NULL) || (payload == NULL))
 135              		.loc 1 71 3 view .LVU33
 136              		.loc 1 71 6 is_stmt 0 view .LVU34
 137 0000 0028     		cmp	r0, #0
 138 0002 24D0     		beq	.L18
 139              		.loc 1 71 24 discriminator 1 view .LVU35
 140 0004 0029     		cmp	r1, #0
 141 0006 22D0     		beq	.L18
ARM GAS  C:\Users\40918\AppData\Local\Temp\cci6ehvk.s 			page 5


  72:Core/Src/app_param_store.c ****   {
  73:Core/Src/app_param_store.c ****     return;
  74:Core/Src/app_param_store.c ****   }
  75:Core/Src/app_param_store.c **** 
  76:Core/Src/app_param_store.c ****   payload->query_time_h = values->query_time_h;
 142              		.loc 1 76 3 is_stmt 1 view .LVU36
 143              		.loc 1 76 33 is_stmt 0 view .LVU37
 144 0008 C269     		ldr	r2, [r0, #28]	@ float
 145              		.loc 1 76 25 view .LVU38
 146 000a 0A60     		str	r2, [r1]	@ float
  77:Core/Src/app_param_store.c ****   payload->shaft_outer_d_mm = values->shaft_outer_d_mm;
 147              		.loc 1 77 3 is_stmt 1 view .LVU39
 148              		.loc 1 77 37 is_stmt 0 view .LVU40
 149 000c 026A     		ldr	r2, [r0, #32]	@ float
 150              		.loc 1 77 29 view .LVU41
 151 000e 4A60     		str	r2, [r1, #4]	@ float
  78:Core/Src/app_param_store.c ****   payload->shaft_inner_d_mm = values->shaft_inner_d_mm;
 152              		.loc 1 78 3 is_stmt 1 view .LVU42
 153              		.loc 1 78 37 is_stmt 0 view .LVU43
 154 0010 426A     		ldr	r2, [r0, #36]	@ float
 155              		.loc 1 78 29 view .LVU44
 156 0012 8A60     		str	r2, [r1, #8]	@ float
  79:Core/Src/app_param_store.c ****   payload->shear_modulus_GPa = values->shear_modulus_GPa;
 157              		.loc 1 79 3 is_stmt 1 view .LVU45
 158              		.loc 1 79 38 is_stmt 0 view .LVU46
 159 0014 826A     		ldr	r2, [r0, #40]	@ float
 160              		.loc 1 79 30 view .LVU47
 161 0016 CA60     		str	r2, [r1, #12]	@ float
  80:Core/Src/app_param_store.c ****   payload->elastic_modulus_GPa = values->elastic_modulus_GPa;
 162              		.loc 1 80 3 is_stmt 1 view .LVU48
 163              		.loc 1 80 40 is_stmt 0 view .LVU49
 164 0018 C26A     		ldr	r2, [r0, #44]	@ float
 165              		.loc 1 80 32 view .LVU50
 166 001a 0A61     		str	r2, [r1, #16]	@ float
  81:Core/Src/app_param_store.c ****   payload->poisson_ratio = values->poisson_ratio;
 167              		.loc 1 81 3 is_stmt 1 view .LVU51
 168              		.loc 1 81 34 is_stmt 0 view .LVU52
 169 001c 026B     		ldr	r2, [r0, #48]	@ float
 170              		.loc 1 81 26 view .LVU53
 171 001e 4A61     		str	r2, [r1, #20]	@ float
  82:Core/Src/app_param_store.c ****   payload->prop_dir = values->prop_dir;
 172              		.loc 1 82 3 is_stmt 1 view .LVU54
 173              		.loc 1 82 29 is_stmt 0 view .LVU55
 174 0020 828E     		ldrh	r2, [r0, #52]
 175              		.loc 1 82 21 view .LVU56
 176 0022 0A83     		strh	r2, [r1, #24]	@ movhi
  83:Core/Src/app_param_store.c ****   payload->modulus_select = values->modulus_select;
 177              		.loc 1 83 3 is_stmt 1 view .LVU57
 178              		.loc 1 83 35 is_stmt 0 view .LVU58
 179 0024 C28E     		ldrh	r2, [r0, #54]
 180              		.loc 1 83 27 view .LVU59
 181 0026 4A83     		strh	r2, [r1, #26]	@ movhi
  84:Core/Src/app_param_store.c ****   payload->sample_freq_Hz = values->sample_freq_Hz;
 182              		.loc 1 84 3 is_stmt 1 view .LVU60
 183              		.loc 1 84 35 is_stmt 0 view .LVU61
 184 0028 826B     		ldr	r2, [r0, #56]	@ float
 185              		.loc 1 84 27 view .LVU62
ARM GAS  C:\Users\40918\AppData\Local\Temp\cci6ehvk.s 			page 6


 186 002a CA61     		str	r2, [r1, #28]	@ float
  85:Core/Src/app_param_store.c ****   payload->avg_time_ms = values->avg_time_ms;
 187              		.loc 1 85 3 is_stmt 1 view .LVU63
 188              		.loc 1 85 32 is_stmt 0 view .LVU64
 189 002c C26B     		ldr	r2, [r0, #60]
 190              		.loc 1 85 24 view .LVU65
 191 002e 0A62     		str	r2, [r1, #32]
  86:Core/Src/app_param_store.c ****   payload->avg_mode = values->avg_mode;
 192              		.loc 1 86 3 is_stmt 1 view .LVU66
 193              		.loc 1 86 29 is_stmt 0 view .LVU67
 194 0030 B0F84020 		ldrh	r2, [r0, #64]
 195              		.loc 1 86 21 view .LVU68
 196 0034 8A84     		strh	r2, [r1, #36]	@ movhi
  87:Core/Src/app_param_store.c ****   payload->calib_factor[0] = values->calib_factor[0];
 197              		.loc 1 87 3 is_stmt 1 view .LVU69
 198              		.loc 1 87 50 is_stmt 0 view .LVU70
 199 0036 426C     		ldr	r2, [r0, #68]	@ float
 200              		.loc 1 87 28 view .LVU71
 201 0038 8A62     		str	r2, [r1, #40]	@ float
  88:Core/Src/app_param_store.c ****   payload->calib_factor[1] = values->calib_factor[1];
 202              		.loc 1 88 3 is_stmt 1 view .LVU72
 203              		.loc 1 88 50 is_stmt 0 view .LVU73
 204 003a 826C     		ldr	r2, [r0, #72]	@ float
 205              		.loc 1 88 28 view .LVU74
 206 003c CA62     		str	r2, [r1, #44]	@ float
  89:Core/Src/app_param_store.c ****   payload->gauge_sensitivity[0] = values->gauge_sensitivity[0];
 207              		.loc 1 89 3 is_stmt 1 view .LVU75
 208              		.loc 1 89 60 is_stmt 0 view .LVU76
 209 003e C26C     		ldr	r2, [r0, #76]	@ float
 210              		.loc 1 89 33 view .LVU77
 211 0040 0A63     		str	r2, [r1, #48]	@ float
  90:Core/Src/app_param_store.c ****   payload->gauge_sensitivity[1] = values->gauge_sensitivity[1];
 212              		.loc 1 90 3 is_stmt 1 view .LVU78
 213              		.loc 1 90 60 is_stmt 0 view .LVU79
 214 0042 026D     		ldr	r2, [r0, #80]	@ float
 215              		.loc 1 90 33 view .LVU80
 216 0044 4A63     		str	r2, [r1, #52]	@ float
  91:Core/Src/app_param_store.c ****   payload->zero_voltage[0] = values->zero_voltage[0];
 217              		.loc 1 91 3 is_stmt 1 view .LVU81
 218              		.loc 1 91 50 is_stmt 0 view .LVU82
 219 0046 426D     		ldr	r2, [r0, #84]	@ float
 220              		.loc 1 91 28 view .LVU83
 221 0048 8A63     		str	r2, [r1, #56]	@ float
  92:Core/Src/app_param_store.c ****   payload->zero_voltage[1] = values->zero_voltage[1];
 222              		.loc 1 92 3 is_stmt 1 view .LVU84
 223              		.loc 1 92 50 is_stmt 0 view .LVU85
 224 004a 836D     		ldr	r3, [r0, #88]	@ float
 225              		.loc 1 92 28 view .LVU86
 226 004c CB63     		str	r3, [r1, #60]	@ float
 227              	.L18:
  93:Core/Src/app_param_store.c **** }
 228              		.loc 1 93 1 view .LVU87
 229 004e 7047     		bx	lr
 230              		.cfi_endproc
 231              	.LFE240:
 233              		.section	.text.AppParamStore_ApplyPayload,"ax",%progbits
 234              		.align	1
ARM GAS  C:\Users\40918\AppData\Local\Temp\cci6ehvk.s 			page 7


 235              		.syntax unified
 236              		.thumb
 237              		.thumb_func
 239              	AppParamStore_ApplyPayload:
 240              	.LVL12:
 241              	.LFB241:
  94:Core/Src/app_param_store.c **** 
  95:Core/Src/app_param_store.c **** static void AppParamStore_ApplyPayload(protocol_values_t *values, const param_store_payload_t *payl
  96:Core/Src/app_param_store.c **** {
 242              		.loc 1 96 1 is_stmt 1 view -0
 243              		.cfi_startproc
 244              		@ args = 0, pretend = 0, frame = 0
 245              		@ frame_needed = 0, uses_anonymous_args = 0
 246              		@ link register save eliminated.
  97:Core/Src/app_param_store.c ****   if ((values == NULL) || (payload == NULL))
 247              		.loc 1 97 3 view .LVU89
 248              		.loc 1 97 6 is_stmt 0 view .LVU90
 249 0000 0028     		cmp	r0, #0
 250 0002 24D0     		beq	.L20
 251              		.loc 1 97 24 discriminator 1 view .LVU91
 252 0004 0029     		cmp	r1, #0
 253 0006 22D0     		beq	.L20
  98:Core/Src/app_param_store.c ****   {
  99:Core/Src/app_param_store.c ****     return;
 100:Core/Src/app_param_store.c ****   }
 101:Core/Src/app_param_store.c **** 
 102:Core/Src/app_param_store.c ****   values->query_time_h = payload->query_time_h;
 254              		.loc 1 102 3 is_stmt 1 view .LVU92
 255              		.loc 1 102 33 is_stmt 0 view .LVU93
 256 0008 0A68     		ldr	r2, [r1]	@ float
 257              		.loc 1 102 24 view .LVU94
 258 000a C261     		str	r2, [r0, #28]	@ float
 103:Core/Src/app_param_store.c ****   values->shaft_outer_d_mm = payload->shaft_outer_d_mm;
 259              		.loc 1 103 3 is_stmt 1 view .LVU95
 260              		.loc 1 103 37 is_stmt 0 view .LVU96
 261 000c 4A68     		ldr	r2, [r1, #4]	@ float
 262              		.loc 1 103 28 view .LVU97
 263 000e 0262     		str	r2, [r0, #32]	@ float
 104:Core/Src/app_param_store.c ****   values->shaft_inner_d_mm = payload->shaft_inner_d_mm;
 264              		.loc 1 104 3 is_stmt 1 view .LVU98
 265              		.loc 1 104 37 is_stmt 0 view .LVU99
 266 0010 8A68     		ldr	r2, [r1, #8]	@ float
 267              		.loc 1 104 28 view .LVU100
 268 0012 4262     		str	r2, [r0, #36]	@ float
 105:Core/Src/app_param_store.c ****   values->shear_modulus_GPa = payload->shear_modulus_GPa;
 269              		.loc 1 105 3 is_stmt 1 view .LVU101
 270              		.loc 1 105 38 is_stmt 0 view .LVU102
 271 0014 CA68     		ldr	r2, [r1, #12]	@ float
 272              		.loc 1 105 29 view .LVU103
 273 0016 8262     		str	r2, [r0, #40]	@ float
 106:Core/Src/app_param_store.c ****   values->elastic_modulus_GPa = payload->elastic_modulus_GPa;
 274              		.loc 1 106 3 is_stmt 1 view .LVU104
 275              		.loc 1 106 40 is_stmt 0 view .LVU105
 276 0018 0A69     		ldr	r2, [r1, #16]	@ float
 277              		.loc 1 106 31 view .LVU106
 278 001a C262     		str	r2, [r0, #44]	@ float
 107:Core/Src/app_param_store.c ****   values->poisson_ratio = payload->poisson_ratio;
ARM GAS  C:\Users\40918\AppData\Local\Temp\cci6ehvk.s 			page 8


 279              		.loc 1 107 3 is_stmt 1 view .LVU107
 280              		.loc 1 107 34 is_stmt 0 view .LVU108
 281 001c 4A69     		ldr	r2, [r1, #20]	@ float
 282              		.loc 1 107 25 view .LVU109
 283 001e 0263     		str	r2, [r0, #48]	@ float
 108:Core/Src/app_param_store.c ****   values->prop_dir = payload->prop_dir;
 284              		.loc 1 108 3 is_stmt 1 view .LVU110
 285              		.loc 1 108 29 is_stmt 0 view .LVU111
 286 0020 0A8B     		ldrh	r2, [r1, #24]
 287              		.loc 1 108 20 view .LVU112
 288 0022 8286     		strh	r2, [r0, #52]	@ movhi
 109:Core/Src/app_param_store.c ****   values->modulus_select = payload->modulus_select;
 289              		.loc 1 109 3 is_stmt 1 view .LVU113
 290              		.loc 1 109 35 is_stmt 0 view .LVU114
 291 0024 4A8B     		ldrh	r2, [r1, #26]
 292              		.loc 1 109 26 view .LVU115
 293 0026 C286     		strh	r2, [r0, #54]	@ movhi
 110:Core/Src/app_param_store.c ****   values->sample_freq_Hz = payload->sample_freq_Hz;
 294              		.loc 1 110 3 is_stmt 1 view .LVU116
 295              		.loc 1 110 35 is_stmt 0 view .LVU117
 296 0028 CA69     		ldr	r2, [r1, #28]	@ float
 297              		.loc 1 110 26 view .LVU118
 298 002a 8263     		str	r2, [r0, #56]	@ float
 111:Core/Src/app_param_store.c ****   values->avg_time_ms = payload->avg_time_ms;
 299              		.loc 1 111 3 is_stmt 1 view .LVU119
 300              		.loc 1 111 32 is_stmt 0 view .LVU120
 301 002c 0A6A     		ldr	r2, [r1, #32]
 302              		.loc 1 111 23 view .LVU121
 303 002e C263     		str	r2, [r0, #60]
 112:Core/Src/app_param_store.c ****   values->avg_mode = payload->avg_mode;
 304              		.loc 1 112 3 is_stmt 1 view .LVU122
 305              		.loc 1 112 29 is_stmt 0 view .LVU123
 306 0030 8A8C     		ldrh	r2, [r1, #36]
 307              		.loc 1 112 20 view .LVU124
 308 0032 A0F84020 		strh	r2, [r0, #64]	@ movhi
 113:Core/Src/app_param_store.c ****   values->calib_factor[0] = payload->calib_factor[0];
 309              		.loc 1 113 3 is_stmt 1 view .LVU125
 310              		.loc 1 113 50 is_stmt 0 view .LVU126
 311 0036 8A6A     		ldr	r2, [r1, #40]	@ float
 312              		.loc 1 113 27 view .LVU127
 313 0038 4264     		str	r2, [r0, #68]	@ float
 114:Core/Src/app_param_store.c ****   values->calib_factor[1] = payload->calib_factor[1];
 314              		.loc 1 114 3 is_stmt 1 view .LVU128
 315              		.loc 1 114 50 is_stmt 0 view .LVU129
 316 003a CA6A     		ldr	r2, [r1, #44]	@ float
 317              		.loc 1 114 27 view .LVU130
 318 003c 8264     		str	r2, [r0, #72]	@ float
 115:Core/Src/app_param_store.c ****   values->gauge_sensitivity[0] = payload->gauge_sensitivity[0];
 319              		.loc 1 115 3 is_stmt 1 view .LVU131
 320              		.loc 1 115 60 is_stmt 0 view .LVU132
 321 003e 0A6B     		ldr	r2, [r1, #48]	@ float
 322              		.loc 1 115 32 view .LVU133
 323 0040 C264     		str	r2, [r0, #76]	@ float
 116:Core/Src/app_param_store.c ****   values->gauge_sensitivity[1] = payload->gauge_sensitivity[1];
 324              		.loc 1 116 3 is_stmt 1 view .LVU134
 325              		.loc 1 116 60 is_stmt 0 view .LVU135
 326 0042 4A6B     		ldr	r2, [r1, #52]	@ float
ARM GAS  C:\Users\40918\AppData\Local\Temp\cci6ehvk.s 			page 9


 327              		.loc 1 116 32 view .LVU136
 328 0044 0265     		str	r2, [r0, #80]	@ float
 117:Core/Src/app_param_store.c ****   values->zero_voltage[0] = payload->zero_voltage[0];
 329              		.loc 1 117 3 is_stmt 1 view .LVU137
 330              		.loc 1 117 50 is_stmt 0 view .LVU138
 331 0046 8A6B     		ldr	r2, [r1, #56]	@ float
 332              		.loc 1 117 27 view .LVU139
 333 0048 4265     		str	r2, [r0, #84]	@ float
 118:Core/Src/app_param_store.c ****   values->zero_voltage[1] = payload->zero_voltage[1];
 334              		.loc 1 118 3 is_stmt 1 view .LVU140
 335              		.loc 1 118 50 is_stmt 0 view .LVU141
 336 004a CA6B     		ldr	r2, [r1, #60]	@ float
 337              		.loc 1 118 27 view .LVU142
 338 004c 8265     		str	r2, [r0, #88]	@ float
 339              	.L20:
 119:Core/Src/app_param_store.c **** }
 340              		.loc 1 119 1 view .LVU143
 341 004e 7047     		bx	lr
 342              		.cfi_endproc
 343              	.LFE241:
 345              		.section	.rodata.AppParamStore_Load.str1.4,"aMS",%progbits,1
 346              		.align	2
 347              	.LC0:
 348 0000 5B504152 		.ascii	"[PARAM] loaded coeff params from flash\015\000"
 348      414D5D20 
 348      6C6F6164 
 348      65642063 
 348      6F656666 
 349              		.section	.text.AppParamStore_Load,"ax",%progbits
 350              		.align	1
 351              		.global	AppParamStore_Load
 352              		.syntax unified
 353              		.thumb
 354              		.thumb_func
 356              	AppParamStore_Load:
 357              	.LVL13:
 358              	.LFB242:
 120:Core/Src/app_param_store.c **** 
 121:Core/Src/app_param_store.c **** uint8_t AppParamStore_Load(protocol_values_t *values)
 122:Core/Src/app_param_store.c **** {
 359              		.loc 1 122 1 is_stmt 1 view -0
 360              		.cfi_startproc
 361              		@ args = 0, pretend = 0, frame = 0
 362              		@ frame_needed = 0, uses_anonymous_args = 0
 123:Core/Src/app_param_store.c ****   const param_store_record_t *record = (const param_store_record_t *)PARAM_STORE_FLASH_ADDR;
 363              		.loc 1 123 3 view .LVU145
 124:Core/Src/app_param_store.c ****   uint32_t crc;
 364              		.loc 1 124 3 view .LVU146
 125:Core/Src/app_param_store.c **** 
 126:Core/Src/app_param_store.c ****   if (values == NULL)
 365              		.loc 1 126 3 view .LVU147
 366              		.loc 1 126 6 is_stmt 0 view .LVU148
 367 0000 0028     		cmp	r0, #0
 368 0002 37D0     		beq	.L27
 122:Core/Src/app_param_store.c ****   const param_store_record_t *record = (const param_store_record_t *)PARAM_STORE_FLASH_ADDR;
 369              		.loc 1 122 1 view .LVU149
 370 0004 70B5     		push	{r4, r5, r6, lr}
ARM GAS  C:\Users\40918\AppData\Local\Temp\cci6ehvk.s 			page 10


 371              	.LCFI2:
 372              		.cfi_def_cfa_offset 16
 373              		.cfi_offset 4, -16
 374              		.cfi_offset 5, -12
 375              		.cfi_offset 6, -8
 376              		.cfi_offset 14, -4
 377 0006 0446     		mov	r4, r0
 127:Core/Src/app_param_store.c ****   {
 128:Core/Src/app_param_store.c ****     return 0U;
 129:Core/Src/app_param_store.c ****   }
 130:Core/Src/app_param_store.c **** 
 131:Core/Src/app_param_store.c ****   if ((record->magic != PARAM_STORE_MAGIC) ||
 378              		.loc 1 131 3 is_stmt 1 view .LVU150
 379              		.loc 1 131 14 is_stmt 0 view .LVU151
 380 0008 1B4B     		ldr	r3, .L32
 381 000a 1A68     		ldr	r2, [r3]
 382              		.loc 1 131 6 view .LVU152
 383 000c 1B4B     		ldr	r3, .L32+4
 384 000e 9A42     		cmp	r2, r3
 385 0010 07D1     		bne	.L24
 132:Core/Src/app_param_store.c ****       (record->version != PARAM_STORE_VERSION) ||
 386              		.loc 1 132 14 view .LVU153
 387 0012 194B     		ldr	r3, .L32
 388 0014 5B68     		ldr	r3, [r3, #4]
 131:Core/Src/app_param_store.c ****       (record->version != PARAM_STORE_VERSION) ||
 389              		.loc 1 131 44 discriminator 1 view .LVU154
 390 0016 012B     		cmp	r3, #1
 391 0018 03D1     		bne	.L24
 133:Core/Src/app_param_store.c ****       (record->payload_size != sizeof(param_store_payload_t)))
 392              		.loc 1 133 14 view .LVU155
 393 001a 174B     		ldr	r3, .L32
 394 001c 9B68     		ldr	r3, [r3, #8]
 132:Core/Src/app_param_store.c ****       (record->version != PARAM_STORE_VERSION) ||
 395              		.loc 1 132 48 view .LVU156
 396 001e 402B     		cmp	r3, #64
 397 0020 03D0     		beq	.L25
 398              	.L24:
 134:Core/Src/app_param_store.c ****   {
 135:Core/Src/app_param_store.c ****     s_last_payload_valid = 0U;
 399              		.loc 1 135 5 is_stmt 1 view .LVU157
 400              		.loc 1 135 26 is_stmt 0 view .LVU158
 401 0022 0020     		movs	r0, #0
 402              	.LVL14:
 403              		.loc 1 135 26 view .LVU159
 404 0024 164B     		ldr	r3, .L32+8
 405 0026 1870     		strb	r0, [r3]
 136:Core/Src/app_param_store.c ****     return 0U;
 406              		.loc 1 136 5 is_stmt 1 view .LVU160
 407              	.LVL15:
 408              	.L23:
 137:Core/Src/app_param_store.c ****   }
 138:Core/Src/app_param_store.c **** 
 139:Core/Src/app_param_store.c ****   crc = AppParamStore_Crc32((const uint8_t *)&record->payload, sizeof(record->payload));
 140:Core/Src/app_param_store.c ****   if (crc != record->crc)
 141:Core/Src/app_param_store.c ****   {
 142:Core/Src/app_param_store.c ****     s_last_payload_valid = 0U;
 143:Core/Src/app_param_store.c ****     return 0U;
ARM GAS  C:\Users\40918\AppData\Local\Temp\cci6ehvk.s 			page 11


 144:Core/Src/app_param_store.c ****   }
 145:Core/Src/app_param_store.c **** 
 146:Core/Src/app_param_store.c ****   AppParamStore_ApplyPayload(values, &record->payload);
 147:Core/Src/app_param_store.c ****   s_last_payload = record->payload;
 148:Core/Src/app_param_store.c ****   s_last_payload_valid = 1U;
 149:Core/Src/app_param_store.c ****   LOGI("[PARAM] loaded coeff params from flash\r\n");
 150:Core/Src/app_param_store.c ****   return 1U;
 151:Core/Src/app_param_store.c **** }
 409              		.loc 1 151 1 is_stmt 0 view .LVU161
 410 0028 70BD     		pop	{r4, r5, r6, pc}
 411              	.LVL16:
 412              	.L25:
 139:Core/Src/app_param_store.c ****   if (crc != record->crc)
 413              		.loc 1 139 3 is_stmt 1 view .LVU162
 139:Core/Src/app_param_store.c ****   if (crc != record->crc)
 414              		.loc 1 139 9 is_stmt 0 view .LVU163
 415 002a 4021     		movs	r1, #64
 416 002c 1548     		ldr	r0, .L32+12
 417              	.LVL17:
 139:Core/Src/app_param_store.c ****   if (crc != record->crc)
 418              		.loc 1 139 9 view .LVU164
 419 002e FFF7FEFF 		bl	AppParamStore_Crc32
 420              	.LVL18:
 140:Core/Src/app_param_store.c ****   {
 421              		.loc 1 140 3 is_stmt 1 view .LVU165
 140:Core/Src/app_param_store.c ****   {
 422              		.loc 1 140 20 is_stmt 0 view .LVU166
 423 0032 114B     		ldr	r3, .L32
 424 0034 DB68     		ldr	r3, [r3, #12]
 140:Core/Src/app_param_store.c ****   {
 425              		.loc 1 140 6 view .LVU167
 426 0036 8342     		cmp	r3, r0
 427 0038 03D0     		beq	.L26
 142:Core/Src/app_param_store.c ****     return 0U;
 428              		.loc 1 142 5 is_stmt 1 view .LVU168
 142:Core/Src/app_param_store.c ****     return 0U;
 429              		.loc 1 142 26 is_stmt 0 view .LVU169
 430 003a 0020     		movs	r0, #0
 431              	.LVL19:
 142:Core/Src/app_param_store.c ****     return 0U;
 432              		.loc 1 142 26 view .LVU170
 433 003c 104B     		ldr	r3, .L32+8
 434 003e 1870     		strb	r0, [r3]
 143:Core/Src/app_param_store.c ****   }
 435              		.loc 1 143 5 is_stmt 1 view .LVU171
 143:Core/Src/app_param_store.c ****   }
 436              		.loc 1 143 12 is_stmt 0 view .LVU172
 437 0040 F2E7     		b	.L23
 438              	.LVL20:
 439              	.L26:
 146:Core/Src/app_param_store.c ****   s_last_payload = record->payload;
 440              		.loc 1 146 3 is_stmt 1 view .LVU173
 441 0042 104D     		ldr	r5, .L32+12
 442 0044 2946     		mov	r1, r5
 443 0046 2046     		mov	r0, r4
 444              	.LVL21:
 146:Core/Src/app_param_store.c ****   s_last_payload = record->payload;
ARM GAS  C:\Users\40918\AppData\Local\Temp\cci6ehvk.s 			page 12


 445              		.loc 1 146 3 is_stmt 0 view .LVU174
 446 0048 FFF7FEFF 		bl	AppParamStore_ApplyPayload
 447              	.LVL22:
 147:Core/Src/app_param_store.c ****   s_last_payload_valid = 1U;
 448              		.loc 1 147 3 is_stmt 1 view .LVU175
 147:Core/Src/app_param_store.c ****   s_last_payload_valid = 1U;
 449              		.loc 1 147 18 is_stmt 0 view .LVU176
 450 004c 0E4E     		ldr	r6, .L32+16
 451 004e 2C46     		mov	r4, r5
 452              	.LVL23:
 147:Core/Src/app_param_store.c ****   s_last_payload_valid = 1U;
 453              		.loc 1 147 18 view .LVU177
 454 0050 0FCC     		ldmia	r4!, {r0, r1, r2, r3}
 455 0052 0FC6     		stmia	r6!, {r0, r1, r2, r3}
 456 0054 0FCC     		ldmia	r4!, {r0, r1, r2, r3}
 457 0056 0FC6     		stmia	r6!, {r0, r1, r2, r3}
 458 0058 0FCC     		ldmia	r4!, {r0, r1, r2, r3}
 459 005a 0FC6     		stmia	r6!, {r0, r1, r2, r3}
 460 005c 94E80F00 		ldm	r4, {r0, r1, r2, r3}
 461 0060 86E80F00 		stm	r6, {r0, r1, r2, r3}
 148:Core/Src/app_param_store.c ****   LOGI("[PARAM] loaded coeff params from flash\r\n");
 462              		.loc 1 148 3 is_stmt 1 view .LVU178
 148:Core/Src/app_param_store.c ****   LOGI("[PARAM] loaded coeff params from flash\r\n");
 463              		.loc 1 148 24 is_stmt 0 view .LVU179
 464 0064 0124     		movs	r4, #1
 465 0066 064B     		ldr	r3, .L32+8
 466 0068 1C70     		strb	r4, [r3]
 149:Core/Src/app_param_store.c ****   return 1U;
 467              		.loc 1 149 3 is_stmt 1 view .LVU180
 468 006a 0848     		ldr	r0, .L32+20
 469 006c FFF7FEFF 		bl	puts
 470              	.LVL24:
 150:Core/Src/app_param_store.c **** }
 471              		.loc 1 150 3 view .LVU181
 150:Core/Src/app_param_store.c **** }
 472              		.loc 1 150 10 is_stmt 0 view .LVU182
 473 0070 2046     		mov	r0, r4
 474 0072 D9E7     		b	.L23
 475              	.LVL25:
 476              	.L27:
 477              	.LCFI3:
 478              		.cfi_def_cfa_offset 0
 479              		.cfi_restore 4
 480              		.cfi_restore 5
 481              		.cfi_restore 6
 482              		.cfi_restore 14
 128:Core/Src/app_param_store.c ****   }
 483              		.loc 1 128 12 view .LVU183
 484 0074 0020     		movs	r0, #0
 485              	.LVL26:
 486              		.loc 1 151 1 view .LVU184
 487 0076 7047     		bx	lr
 488              	.L33:
 489              		.align	2
 490              	.L32:
 491 0078 00000E08 		.word	135135232
 492 007c 50435053 		.word	1397769040
ARM GAS  C:\Users\40918\AppData\Local\Temp\cci6ehvk.s 			page 13


 493 0080 00000000 		.word	s_last_payload_valid
 494 0084 10000E08 		.word	135135248
 495 0088 00000000 		.word	s_last_payload
 496 008c 00000000 		.word	.LC0
 497              		.cfi_endproc
 498              	.LFE242:
 500              		.section	.rodata.AppParamStore_SaveIfChanged.str1.4,"aMS",%progbits,1
 501              		.align	2
 502              	.LC1:
 503 0000 5B504152 		.ascii	"[PARAM] flash unlock failed ret=%ld\015\012\000"
 503      414D5D20 
 503      666C6173 
 503      6820756E 
 503      6C6F636B 
 504 0026 0000     		.align	2
 505              	.LC2:
 506 0028 5B504152 		.ascii	"[PARAM] flash erase failed ret=%ld sector_err=%lu\015"
 506      414D5D20 
 506      666C6173 
 506      68206572 
 506      61736520 
 507 005a 0A00     		.ascii	"\012\000"
 508              		.align	2
 509              	.LC3:
 510 005c 5B504152 		.ascii	"[PARAM] flash program failed ret=%ld offset=%lu\015"
 510      414D5D20 
 510      666C6173 
 510      68207072 
 510      6F677261 
 511 008c 0A00     		.ascii	"\012\000"
 512 008e 0000     		.align	2
 513              	.LC4:
 514 0090 5B504152 		.ascii	"[PARAM] saved coeff params to flash\015\000"
 514      414D5D20 
 514      73617665 
 514      6420636F 
 514      65666620 
 515              		.section	.text.AppParamStore_SaveIfChanged,"ax",%progbits
 516              		.align	1
 517              		.global	AppParamStore_SaveIfChanged
 518              		.syntax unified
 519              		.thumb
 520              		.thumb_func
 522              	AppParamStore_SaveIfChanged:
 523              	.LVL27:
 524              	.LFB243:
 152:Core/Src/app_param_store.c **** 
 153:Core/Src/app_param_store.c **** uint8_t AppParamStore_SaveIfChanged(const protocol_values_t *values)
 154:Core/Src/app_param_store.c **** {
 525              		.loc 1 154 1 is_stmt 1 view -0
 526              		.cfi_startproc
 527              		@ args = 0, pretend = 0, frame = 168
 528              		@ frame_needed = 0, uses_anonymous_args = 0
 529              		.loc 1 154 1 is_stmt 0 view .LVU186
 530 0000 70B5     		push	{r4, r5, r6, lr}
 531              	.LCFI4:
 532              		.cfi_def_cfa_offset 16
ARM GAS  C:\Users\40918\AppData\Local\Temp\cci6ehvk.s 			page 14


 533              		.cfi_offset 4, -16
 534              		.cfi_offset 5, -12
 535              		.cfi_offset 6, -8
 536              		.cfi_offset 14, -4
 537 0002 AAB0     		sub	sp, sp, #168
 538              	.LCFI5:
 539              		.cfi_def_cfa_offset 184
 155:Core/Src/app_param_store.c ****   param_store_record_t record;
 540              		.loc 1 155 3 is_stmt 1 view .LVU187
 156:Core/Src/app_param_store.c ****   param_store_payload_t payload;
 541              		.loc 1 156 3 view .LVU188
 157:Core/Src/app_param_store.c ****   FLASH_EraseInitTypeDef erase;
 542              		.loc 1 157 3 view .LVU189
 158:Core/Src/app_param_store.c ****   uint32_t sector_error = 0UL;
 543              		.loc 1 158 3 view .LVU190
 544              		.loc 1 158 12 is_stmt 0 view .LVU191
 545 0004 0023     		movs	r3, #0
 546 0006 0093     		str	r3, [sp]
 159:Core/Src/app_param_store.c ****   uint32_t addr;
 547              		.loc 1 159 3 is_stmt 1 view .LVU192
 160:Core/Src/app_param_store.c ****   const uint8_t *bytes;
 548              		.loc 1 160 3 view .LVU193
 161:Core/Src/app_param_store.c ****   uint32_t i;
 549              		.loc 1 161 3 view .LVU194
 162:Core/Src/app_param_store.c ****   HAL_StatusTypeDef ret;
 550              		.loc 1 162 3 view .LVU195
 163:Core/Src/app_param_store.c **** 
 164:Core/Src/app_param_store.c ****   if (values == NULL)
 551              		.loc 1 164 3 view .LVU196
 552              		.loc 1 164 6 is_stmt 0 view .LVU197
 553 0008 0028     		cmp	r0, #0
 554 000a 00F08180 		beq	.L41
 165:Core/Src/app_param_store.c ****   {
 166:Core/Src/app_param_store.c ****     return 0U;
 167:Core/Src/app_param_store.c ****   }
 168:Core/Src/app_param_store.c **** 
 169:Core/Src/app_param_store.c ****   AppParamStore_PayloadFromValues(values, &payload);
 555              		.loc 1 169 3 is_stmt 1 view .LVU198
 556 000e 06A9     		add	r1, sp, #24
 557 0010 FFF7FEFF 		bl	AppParamStore_PayloadFromValues
 558              	.LVL28:
 170:Core/Src/app_param_store.c ****   if ((s_last_payload_valid != 0U) &&
 559              		.loc 1 170 3 view .LVU199
 560              		.loc 1 170 29 is_stmt 0 view .LVU200
 561 0014 414B     		ldr	r3, .L48
 562 0016 1B78     		ldrb	r3, [r3]	@ zero_extendqisi2
 563              		.loc 1 170 6 view .LVU201
 564 0018 33B1     		cbz	r3, .L36
 171:Core/Src/app_param_store.c ****       (memcmp(&payload, &s_last_payload, sizeof(payload)) == 0))
 565              		.loc 1 171 8 view .LVU202
 566 001a 4022     		movs	r2, #64
 567 001c 4049     		ldr	r1, .L48+4
 568 001e 06A8     		add	r0, sp, #24
 569 0020 FFF7FEFF 		bl	memcmp
 570              	.LVL29:
 170:Core/Src/app_param_store.c ****   if ((s_last_payload_valid != 0U) &&
 571              		.loc 1 170 36 discriminator 1 view .LVU203
ARM GAS  C:\Users\40918\AppData\Local\Temp\cci6ehvk.s 			page 15


 572 0024 0028     		cmp	r0, #0
 573 0026 77D0     		beq	.L42
 574              	.L36:
 172:Core/Src/app_param_store.c ****   {
 173:Core/Src/app_param_store.c ****     return 1U;
 174:Core/Src/app_param_store.c ****   }
 175:Core/Src/app_param_store.c **** 
 176:Core/Src/app_param_store.c ****   memset(&record, 0xFF, sizeof(record));
 575              		.loc 1 176 3 is_stmt 1 view .LVU204
 576 0028 5022     		movs	r2, #80
 577 002a FF21     		movs	r1, #255
 578 002c 16A8     		add	r0, sp, #88
 579 002e FFF7FEFF 		bl	memset
 580              	.LVL30:
 177:Core/Src/app_param_store.c ****   record.magic = PARAM_STORE_MAGIC;
 581              		.loc 1 177 3 view .LVU205
 582              		.loc 1 177 16 is_stmt 0 view .LVU206
 583 0032 3C4B     		ldr	r3, .L48+8
 584 0034 1693     		str	r3, [sp, #88]
 178:Core/Src/app_param_store.c ****   record.version = PARAM_STORE_VERSION;
 585              		.loc 1 178 3 is_stmt 1 view .LVU207
 586              		.loc 1 178 18 is_stmt 0 view .LVU208
 587 0036 0123     		movs	r3, #1
 588 0038 1793     		str	r3, [sp, #92]
 179:Core/Src/app_param_store.c ****   record.payload_size = sizeof(param_store_payload_t);
 589              		.loc 1 179 3 is_stmt 1 view .LVU209
 590              		.loc 1 179 23 is_stmt 0 view .LVU210
 591 003a 4025     		movs	r5, #64
 592 003c 1895     		str	r5, [sp, #96]
 180:Core/Src/app_param_store.c ****   record.payload = payload;
 593              		.loc 1 180 3 is_stmt 1 view .LVU211
 594              		.loc 1 180 18 is_stmt 0 view .LVU212
 595 003e 1AAC     		add	r4, sp, #104
 596 0040 0DF1180C 		add	ip, sp, #24
 597 0044 BCE80F00 		ldmia	ip!, {r0, r1, r2, r3}
 598 0048 0FC4     		stmia	r4!, {r0, r1, r2, r3}
 599 004a BCE80F00 		ldmia	ip!, {r0, r1, r2, r3}
 600 004e 0FC4     		stmia	r4!, {r0, r1, r2, r3}
 601 0050 BCE80F00 		ldmia	ip!, {r0, r1, r2, r3}
 602 0054 0FC4     		stmia	r4!, {r0, r1, r2, r3}
 603 0056 9CE80F00 		ldm	ip, {r0, r1, r2, r3}
 604 005a 84E80F00 		stm	r4, {r0, r1, r2, r3}
 181:Core/Src/app_param_store.c ****   record.crc = AppParamStore_Crc32((const uint8_t *)&record.payload, sizeof(record.payload));
 605              		.loc 1 181 3 is_stmt 1 view .LVU213
 606              		.loc 1 181 16 is_stmt 0 view .LVU214
 607 005e 2946     		mov	r1, r5
 608 0060 1AA8     		add	r0, sp, #104
 609 0062 FFF7FEFF 		bl	AppParamStore_Crc32
 610              	.LVL31:
 611              		.loc 1 181 14 discriminator 1 view .LVU215
 612 0066 1990     		str	r0, [sp, #100]
 182:Core/Src/app_param_store.c **** 
 183:Core/Src/app_param_store.c ****   ret = HAL_FLASH_Unlock();
 613              		.loc 1 183 3 is_stmt 1 view .LVU216
 614              		.loc 1 183 9 is_stmt 0 view .LVU217
 615 0068 FFF7FEFF 		bl	HAL_FLASH_Unlock
 616              	.LVL32:
ARM GAS  C:\Users\40918\AppData\Local\Temp\cci6ehvk.s 			page 16


 184:Core/Src/app_param_store.c ****   if (ret != HAL_OK)
 617              		.loc 1 184 3 is_stmt 1 view .LVU218
 618              		.loc 1 184 6 is_stmt 0 view .LVU219
 619 006c 0446     		mov	r4, r0
 620 006e 78B9     		cbnz	r0, .L45
 185:Core/Src/app_param_store.c ****   {
 186:Core/Src/app_param_store.c ****     LOGE("[PARAM] flash unlock failed ret=%ld\r\n", (long)ret);
 187:Core/Src/app_param_store.c ****     return 0U;
 188:Core/Src/app_param_store.c ****   }
 189:Core/Src/app_param_store.c **** 
 190:Core/Src/app_param_store.c ****   erase.TypeErase = FLASH_TYPEERASE_SECTORS;
 621              		.loc 1 190 3 is_stmt 1 view .LVU220
 622              		.loc 1 190 19 is_stmt 0 view .LVU221
 623 0070 0023     		movs	r3, #0
 624 0072 0193     		str	r3, [sp, #4]
 191:Core/Src/app_param_store.c ****   erase.Sector = PARAM_STORE_FLASH_SECTOR;
 625              		.loc 1 191 3 is_stmt 1 view .LVU222
 626              		.loc 1 191 16 is_stmt 0 view .LVU223
 627 0074 0B23     		movs	r3, #11
 628 0076 0393     		str	r3, [sp, #12]
 192:Core/Src/app_param_store.c ****   erase.NbSectors = 1U;
 629              		.loc 1 192 3 is_stmt 1 view .LVU224
 630              		.loc 1 192 19 is_stmt 0 view .LVU225
 631 0078 0123     		movs	r3, #1
 632 007a 0493     		str	r3, [sp, #16]
 193:Core/Src/app_param_store.c ****   erase.VoltageRange = FLASH_VOLTAGE_RANGE_3;
 633              		.loc 1 193 3 is_stmt 1 view .LVU226
 634              		.loc 1 193 22 is_stmt 0 view .LVU227
 635 007c 0223     		movs	r3, #2
 636 007e 0593     		str	r3, [sp, #20]
 194:Core/Src/app_param_store.c ****   ret = HAL_FLASHEx_Erase(&erase, &sector_error);
 637              		.loc 1 194 3 is_stmt 1 view .LVU228
 638              		.loc 1 194 9 is_stmt 0 view .LVU229
 639 0080 6946     		mov	r1, sp
 640 0082 01A8     		add	r0, sp, #4
 641              	.LVL33:
 642              		.loc 1 194 9 view .LVU230
 643 0084 FFF7FEFF 		bl	HAL_FLASHEx_Erase
 644              	.LVL34:
 195:Core/Src/app_param_store.c ****   if (ret != HAL_OK)
 645              		.loc 1 195 3 is_stmt 1 view .LVU231
 646              		.loc 1 195 6 is_stmt 0 view .LVU232
 647 0088 0646     		mov	r6, r0
 648 008a 38B9     		cbnz	r0, .L46
 196:Core/Src/app_param_store.c ****   {
 197:Core/Src/app_param_store.c ****     (void)HAL_FLASH_Lock();
 198:Core/Src/app_param_store.c ****     LOGE("[PARAM] flash erase failed ret=%ld sector_err=%lu\r\n", (long)ret, (unsigned long)sector_
 199:Core/Src/app_param_store.c ****     return 0U;
 200:Core/Src/app_param_store.c ****   }
 201:Core/Src/app_param_store.c **** 
 202:Core/Src/app_param_store.c ****   addr = PARAM_STORE_FLASH_ADDR;
 203:Core/Src/app_param_store.c ****   bytes = (const uint8_t *)&record;
 204:Core/Src/app_param_store.c ****   for (i = 0UL; i < sizeof(record); i++)
 649              		.loc 1 204 10 view .LVU233
 650 008c 0024     		movs	r4, #0
 651 008e 0FE0     		b	.L38
 652              	.L45:
ARM GAS  C:\Users\40918\AppData\Local\Temp\cci6ehvk.s 			page 17


 653              	.LBB2:
 186:Core/Src/app_param_store.c ****     return 0U;
 654              		.loc 1 186 5 is_stmt 1 view .LVU234
 655 0090 0146     		mov	r1, r0
 656 0092 2548     		ldr	r0, .L48+12
 657              	.LVL35:
 186:Core/Src/app_param_store.c ****     return 0U;
 658              		.loc 1 186 5 is_stmt 0 view .LVU235
 659 0094 FFF7FEFF 		bl	printf
 660              	.LVL36:
 187:Core/Src/app_param_store.c ****   }
 661              		.loc 1 187 5 is_stmt 1 view .LVU236
 187:Core/Src/app_param_store.c ****   }
 662              		.loc 1 187 12 is_stmt 0 view .LVU237
 663 0098 0026     		movs	r6, #0
 664 009a 3AE0     		b	.L35
 665              	.LVL37:
 666              	.L46:
 187:Core/Src/app_param_store.c ****   }
 667              		.loc 1 187 12 view .LVU238
 668              	.LBE2:
 669              	.LBB3:
 197:Core/Src/app_param_store.c ****     LOGE("[PARAM] flash erase failed ret=%ld sector_err=%lu\r\n", (long)ret, (unsigned long)sector_
 670              		.loc 1 197 5 is_stmt 1 view .LVU239
 197:Core/Src/app_param_store.c ****     LOGE("[PARAM] flash erase failed ret=%ld sector_err=%lu\r\n", (long)ret, (unsigned long)sector_
 671              		.loc 1 197 11 is_stmt 0 view .LVU240
 672 009c FFF7FEFF 		bl	HAL_FLASH_Lock
 673              	.LVL38:
 198:Core/Src/app_param_store.c ****     return 0U;
 674              		.loc 1 198 5 is_stmt 1 view .LVU241
 675 00a0 009A     		ldr	r2, [sp]
 676 00a2 3146     		mov	r1, r6
 677 00a4 2148     		ldr	r0, .L48+16
 678 00a6 FFF7FEFF 		bl	printf
 679              	.LVL39:
 199:Core/Src/app_param_store.c ****   }
 680              		.loc 1 199 5 view .LVU242
 199:Core/Src/app_param_store.c ****   }
 681              		.loc 1 199 12 is_stmt 0 view .LVU243
 682 00aa 2646     		mov	r6, r4
 683              	.LVL40:
 199:Core/Src/app_param_store.c ****   }
 684              		.loc 1 199 12 view .LVU244
 685 00ac 31E0     		b	.L35
 686              	.LVL41:
 687              	.L39:
 199:Core/Src/app_param_store.c ****   }
 688              		.loc 1 199 12 view .LVU245
 689              	.LBE3:
 690              		.loc 1 204 38 is_stmt 1 discriminator 2 view .LVU246
 691 00ae 0134     		adds	r4, r4, #1
 692              	.LVL42:
 693              	.L38:
 694              		.loc 1 204 19 discriminator 1 view .LVU247
 695 00b0 4F2C     		cmp	r4, #79
 696 00b2 18D8     		bhi	.L47
 205:Core/Src/app_param_store.c ****   {
ARM GAS  C:\Users\40918\AppData\Local\Temp\cci6ehvk.s 			page 18


 206:Core/Src/app_param_store.c ****     ret = HAL_FLASH_Program(FLASH_TYPEPROGRAM_BYTE, addr + i, bytes[i]);
 697              		.loc 1 206 5 view .LVU248
 698              		.loc 1 206 11 is_stmt 0 view .LVU249
 699 00b4 0020     		movs	r0, #0
 700              	.LVL43:
 701              		.loc 1 206 11 view .LVU250
 702 00b6 04F1A803 		add	r3, r4, #168
 703 00ba 0DEB0302 		add	r2, sp, r3
 704 00be 12F8502C 		ldrb	r2, [r2, #-80]	@ zero_extendqisi2
 705 00c2 0346     		mov	r3, r0
 706 00c4 04F10061 		add	r1, r4, #134217728
 707 00c8 01F56021 		add	r1, r1, #917504
 708 00cc FFF7FEFF 		bl	HAL_FLASH_Program
 709              	.LVL44:
 207:Core/Src/app_param_store.c ****     if (ret != HAL_OK)
 710              		.loc 1 207 5 is_stmt 1 view .LVU251
 711              		.loc 1 207 8 is_stmt 0 view .LVU252
 712 00d0 0546     		mov	r5, r0
 713 00d2 0028     		cmp	r0, #0
 714 00d4 EBD0     		beq	.L39
 715              	.LBB4:
 208:Core/Src/app_param_store.c ****     {
 209:Core/Src/app_param_store.c ****       (void)HAL_FLASH_Lock();
 716              		.loc 1 209 7 is_stmt 1 view .LVU253
 717              		.loc 1 209 13 is_stmt 0 view .LVU254
 718 00d6 FFF7FEFF 		bl	HAL_FLASH_Lock
 719              	.LVL45:
 210:Core/Src/app_param_store.c ****       LOGE("[PARAM] flash program failed ret=%ld offset=%lu\r\n", (long)ret, (unsigned long)i);
 720              		.loc 1 210 7 is_stmt 1 view .LVU255
 721 00da 2246     		mov	r2, r4
 722 00dc 2946     		mov	r1, r5
 723 00de 1448     		ldr	r0, .L48+20
 724 00e0 FFF7FEFF 		bl	printf
 725              	.LVL46:
 211:Core/Src/app_param_store.c ****       return 0U;
 726              		.loc 1 211 7 view .LVU256
 727              		.loc 1 211 14 is_stmt 0 view .LVU257
 728 00e4 15E0     		b	.L35
 729              	.LVL47:
 730              	.L47:
 731              		.loc 1 211 14 view .LVU258
 732              	.LBE4:
 212:Core/Src/app_param_store.c ****     }
 213:Core/Src/app_param_store.c ****   }
 214:Core/Src/app_param_store.c **** 
 215:Core/Src/app_param_store.c ****   (void)HAL_FLASH_Lock();
 733              		.loc 1 215 3 is_stmt 1 view .LVU259
 734              		.loc 1 215 9 is_stmt 0 view .LVU260
 735 00e6 FFF7FEFF 		bl	HAL_FLASH_Lock
 736              	.LVL48:
 216:Core/Src/app_param_store.c ****   s_last_payload = payload;
 737              		.loc 1 216 3 is_stmt 1 view .LVU261
 738              		.loc 1 216 18 is_stmt 0 view .LVU262
 739 00ea 0D4C     		ldr	r4, .L48+4
 740              	.LVL49:
 741              		.loc 1 216 18 view .LVU263
 742 00ec 06AD     		add	r5, sp, #24
ARM GAS  C:\Users\40918\AppData\Local\Temp\cci6ehvk.s 			page 19


 743 00ee 0FCD     		ldmia	r5!, {r0, r1, r2, r3}
 744 00f0 0FC4     		stmia	r4!, {r0, r1, r2, r3}
 745 00f2 0FCD     		ldmia	r5!, {r0, r1, r2, r3}
 746 00f4 0FC4     		stmia	r4!, {r0, r1, r2, r3}
 747 00f6 0FCD     		ldmia	r5!, {r0, r1, r2, r3}
 748 00f8 0FC4     		stmia	r4!, {r0, r1, r2, r3}
 749 00fa 95E80F00 		ldm	r5, {r0, r1, r2, r3}
 750 00fe 84E80F00 		stm	r4, {r0, r1, r2, r3}
 217:Core/Src/app_param_store.c ****   s_last_payload_valid = 1U;
 751              		.loc 1 217 3 is_stmt 1 view .LVU264
 752              		.loc 1 217 24 is_stmt 0 view .LVU265
 753 0102 0126     		movs	r6, #1
 754 0104 054B     		ldr	r3, .L48
 755 0106 1E70     		strb	r6, [r3]
 218:Core/Src/app_param_store.c ****   LOGI("[PARAM] saved coeff params to flash\r\n");
 756              		.loc 1 218 3 is_stmt 1 view .LVU266
 757 0108 0A48     		ldr	r0, .L48+24
 758 010a FFF7FEFF 		bl	puts
 759              	.LVL50:
 219:Core/Src/app_param_store.c ****   return 1U;
 760              		.loc 1 219 3 view .LVU267
 761              		.loc 1 219 10 is_stmt 0 view .LVU268
 762 010e 00E0     		b	.L35
 763              	.LVL51:
 764              	.L41:
 166:Core/Src/app_param_store.c ****   }
 765              		.loc 1 166 12 view .LVU269
 766 0110 0026     		movs	r6, #0
 767              	.LVL52:
 768              	.L35:
 220:Core/Src/app_param_store.c **** }
 769              		.loc 1 220 1 view .LVU270
 770 0112 3046     		mov	r0, r6
 771 0114 2AB0     		add	sp, sp, #168
 772              	.LCFI6:
 773              		.cfi_remember_state
 774              		.cfi_def_cfa_offset 16
 775              		@ sp needed
 776 0116 70BD     		pop	{r4, r5, r6, pc}
 777              	.L42:
 778              	.LCFI7:
 779              		.cfi_restore_state
 173:Core/Src/app_param_store.c ****   }
 780              		.loc 1 173 12 view .LVU271
 781 0118 0126     		movs	r6, #1
 782 011a FAE7     		b	.L35
 783              	.L49:
 784              		.align	2
 785              	.L48:
 786 011c 00000000 		.word	s_last_payload_valid
 787 0120 00000000 		.word	s_last_payload
 788 0124 50435053 		.word	1397769040
 789 0128 00000000 		.word	.LC1
 790 012c 28000000 		.word	.LC2
 791 0130 5C000000 		.word	.LC3
 792 0134 90000000 		.word	.LC4
 793              		.cfi_endproc
ARM GAS  C:\Users\40918\AppData\Local\Temp\cci6ehvk.s 			page 20


 794              	.LFE243:
 796              		.section	.bss.s_last_payload_valid,"aw",%nobits
 799              	s_last_payload_valid:
 800 0000 00       		.space	1
 801              		.section	.bss.s_last_payload,"aw",%nobits
 802              		.align	2
 805              	s_last_payload:
 806 0000 00000000 		.space	64
 806      00000000 
 806      00000000 
 806      00000000 
 806      00000000 
 807              		.text
 808              	.Letext0:
 809              		.file 2 "D:/Tools/Arm GNU Toolchain arm-none-eabi/13.3 rel1/arm-none-eabi/include/machine/_default
 810              		.file 3 "D:/Tools/Arm GNU Toolchain arm-none-eabi/13.3 rel1/arm-none-eabi/include/sys/_stdint.h"
 811              		.file 4 "D:/Tools/Arm GNU Toolchain arm-none-eabi/13.3 rel1/lib/gcc/arm-none-eabi/13.3.1/include/s
 812              		.file 5 "Drivers/STM32F4xx_HAL_Driver/Inc/stm32f4xx_hal_def.h"
 813              		.file 6 "Drivers/STM32F4xx_HAL_Driver/Inc/stm32f4xx_hal_flash_ex.h"
 814              		.file 7 "Core/Inc/protocol_values.h"
 815              		.file 8 "Drivers/STM32F4xx_HAL_Driver/Inc/stm32f4xx_hal_flash.h"
 816              		.file 9 "D:/Tools/Arm GNU Toolchain arm-none-eabi/13.3 rel1/arm-none-eabi/include/string.h"
 817              		.file 10 "<built-in>"
ARM GAS  C:\Users\40918\AppData\Local\Temp\cci6ehvk.s 			page 21


DEFINED SYMBOLS
                            *ABS*:00000000 app_param_store.c
C:\Users\40918\AppData\Local\Temp\cci6ehvk.s:21     .text.AppParamStore_Crc32:00000000 $t
C:\Users\40918\AppData\Local\Temp\cci6ehvk.s:26     .text.AppParamStore_Crc32:00000000 AppParamStore_Crc32
C:\Users\40918\AppData\Local\Temp\cci6ehvk.s:117    .text.AppParamStore_Crc32:00000044 $d
C:\Users\40918\AppData\Local\Temp\cci6ehvk.s:122    .text.AppParamStore_PayloadFromValues:00000000 $t
C:\Users\40918\AppData\Local\Temp\cci6ehvk.s:127    .text.AppParamStore_PayloadFromValues:00000000 AppParamStore_PayloadFromValues
C:\Users\40918\AppData\Local\Temp\cci6ehvk.s:234    .text.AppParamStore_ApplyPayload:00000000 $t
C:\Users\40918\AppData\Local\Temp\cci6ehvk.s:239    .text.AppParamStore_ApplyPayload:00000000 AppParamStore_ApplyPayload
C:\Users\40918\AppData\Local\Temp\cci6ehvk.s:346    .rodata.AppParamStore_Load.str1.4:00000000 $d
C:\Users\40918\AppData\Local\Temp\cci6ehvk.s:350    .text.AppParamStore_Load:00000000 $t
C:\Users\40918\AppData\Local\Temp\cci6ehvk.s:356    .text.AppParamStore_Load:00000000 AppParamStore_Load
C:\Users\40918\AppData\Local\Temp\cci6ehvk.s:491    .text.AppParamStore_Load:00000078 $d
C:\Users\40918\AppData\Local\Temp\cci6ehvk.s:799    .bss.s_last_payload_valid:00000000 s_last_payload_valid
C:\Users\40918\AppData\Local\Temp\cci6ehvk.s:805    .bss.s_last_payload:00000000 s_last_payload
C:\Users\40918\AppData\Local\Temp\cci6ehvk.s:501    .rodata.AppParamStore_SaveIfChanged.str1.4:00000000 $d
C:\Users\40918\AppData\Local\Temp\cci6ehvk.s:516    .text.AppParamStore_SaveIfChanged:00000000 $t
C:\Users\40918\AppData\Local\Temp\cci6ehvk.s:522    .text.AppParamStore_SaveIfChanged:00000000 AppParamStore_SaveIfChanged
C:\Users\40918\AppData\Local\Temp\cci6ehvk.s:786    .text.AppParamStore_SaveIfChanged:0000011c $d
C:\Users\40918\AppData\Local\Temp\cci6ehvk.s:800    .bss.s_last_payload_valid:00000000 $d
C:\Users\40918\AppData\Local\Temp\cci6ehvk.s:802    .bss.s_last_payload:00000000 $d

UNDEFINED SYMBOLS
puts
memcmp
memset
HAL_FLASH_Unlock
HAL_FLASHEx_Erase
printf
HAL_FLASH_Lock
HAL_FLASH_Program
