ARM GAS  C:\Users\40918\AppData\Local\Temp\ccnQPXZ8.s 			page 1


   1              		.cpu cortex-m4
   2              		.arch armv7e-m
   3              		.fpu fpv4-sp-d16
   4              		.eabi_attribute 27, 1
   5              		.eabi_attribute 28, 1
   6              		.eabi_attribute 20, 1
   7              		.eabi_attribute 21, 1
   8              		.eabi_attribute 23, 3
   9              		.eabi_attribute 24, 1
  10              		.eabi_attribute 25, 1
  11              		.eabi_attribute 26, 1
  12              		.eabi_attribute 30, 1
  13              		.eabi_attribute 34, 1
  14              		.eabi_attribute 18, 4
  15              		.file	"modbus_master.c"
  16              		.text
  17              	.Ltext0:
  18              		.cfi_sections	.debug_frame
  19              		.file 1 "Core/Src/modbus_master.c"
  20              		.section	.text.ModbusMaster_Crc16,"ax",%progbits
  21              		.align	1
  22              		.global	ModbusMaster_Crc16
  23              		.syntax unified
  24              		.thumb
  25              		.thumb_func
  27              	ModbusMaster_Crc16:
  28              	.LVL0:
  29              	.LFB0:
   1:Core/Src/modbus_master.c **** #include "modbus_master.h"
   2:Core/Src/modbus_master.c **** 
   3:Core/Src/modbus_master.c **** uint16_t ModbusMaster_Crc16(const uint8_t *data, uint16_t len)
   4:Core/Src/modbus_master.c **** {
  30              		.loc 1 4 1 view -0
  31              		.cfi_startproc
  32              		@ args = 0, pretend = 0, frame = 0
  33              		@ frame_needed = 0, uses_anonymous_args = 0
  34              		.loc 1 4 1 is_stmt 0 view .LVU1
  35 0000 00B5     		push	{lr}
  36              	.LCFI0:
  37              		.cfi_def_cfa_offset 4
  38              		.cfi_offset 14, -4
  39 0002 8646     		mov	lr, r0
   5:Core/Src/modbus_master.c ****   uint16_t crc = 0xFFFFU;
  40              		.loc 1 5 3 is_stmt 1 view .LVU2
  41              	.LVL1:
   6:Core/Src/modbus_master.c ****   uint16_t i;
  42              		.loc 1 6 3 view .LVU3
   7:Core/Src/modbus_master.c ****   uint8_t j;
  43              		.loc 1 7 3 view .LVU4
   8:Core/Src/modbus_master.c **** 
   9:Core/Src/modbus_master.c ****   for (i = 0; i < len; i++)
  44              		.loc 1 9 3 view .LVU5
  45              		.loc 1 9 10 is_stmt 0 view .LVU6
  46 0004 4FF0000C 		mov	ip, #0
   5:Core/Src/modbus_master.c ****   uint16_t i;
  47              		.loc 1 5 12 view .LVU7
  48 0008 4FF6FF70 		movw	r0, #65535
ARM GAS  C:\Users\40918\AppData\Local\Temp\ccnQPXZ8.s 			page 2


  49              	.LVL2:
  50              		.loc 1 9 3 view .LVU8
  51 000c 10E0     		b	.L2
  52              	.LVL3:
  53              	.L4:
  10:Core/Src/modbus_master.c ****   {
  11:Core/Src/modbus_master.c ****     crc ^= data[i];
  12:Core/Src/modbus_master.c ****     for (j = 0; j < 8U; j++)
  13:Core/Src/modbus_master.c ****     {
  14:Core/Src/modbus_master.c ****       if ((crc & 0x0001U) != 0U)
  15:Core/Src/modbus_master.c ****       {
  16:Core/Src/modbus_master.c ****         crc = (crc >> 1) ^ 0xA001U;
  17:Core/Src/modbus_master.c ****       }
  18:Core/Src/modbus_master.c ****       else
  19:Core/Src/modbus_master.c ****       {
  20:Core/Src/modbus_master.c ****         crc >>= 1;
  54              		.loc 1 20 9 is_stmt 1 view .LVU9
  55              		.loc 1 20 13 is_stmt 0 view .LVU10
  56 000e 4008     		lsrs	r0, r0, #1
  57              	.LVL4:
  58              	.L5:
  12:Core/Src/modbus_master.c ****     {
  59              		.loc 1 12 26 is_stmt 1 discriminator 2 view .LVU11
  60 0010 0133     		adds	r3, r3, #1
  61              	.LVL5:
  12:Core/Src/modbus_master.c ****     {
  62              		.loc 1 12 26 is_stmt 0 discriminator 2 view .LVU12
  63 0012 DBB2     		uxtb	r3, r3
  64              	.LVL6:
  65              	.L3:
  12:Core/Src/modbus_master.c ****     {
  66              		.loc 1 12 19 is_stmt 1 discriminator 1 view .LVU13
  67 0014 072B     		cmp	r3, #7
  68 0016 07D8     		bhi	.L9
  14:Core/Src/modbus_master.c ****       {
  69              		.loc 1 14 7 view .LVU14
  14:Core/Src/modbus_master.c ****       {
  70              		.loc 1 14 10 is_stmt 0 view .LVU15
  71 0018 10F0010F 		tst	r0, #1
  72 001c F7D0     		beq	.L4
  16:Core/Src/modbus_master.c ****       }
  73              		.loc 1 16 9 is_stmt 1 view .LVU16
  16:Core/Src/modbus_master.c ****       }
  74              		.loc 1 16 13 is_stmt 0 view .LVU17
  75 001e 4AF20102 		movw	r2, #40961
  76 0022 82EA5000 		eor	r0, r2, r0, lsr #1
  77              	.LVL7:
  16:Core/Src/modbus_master.c ****       }
  78              		.loc 1 16 13 view .LVU18
  79 0026 F3E7     		b	.L5
  80              	.L9:
   9:Core/Src/modbus_master.c ****   {
  81              		.loc 1 9 25 is_stmt 1 discriminator 2 view .LVU19
  82 0028 0CF1010C 		add	ip, ip, #1
  83              	.LVL8:
   9:Core/Src/modbus_master.c ****   {
  84              		.loc 1 9 25 is_stmt 0 discriminator 2 view .LVU20
ARM GAS  C:\Users\40918\AppData\Local\Temp\ccnQPXZ8.s 			page 3


  85 002c 1FFA8CFC 		uxth	ip, ip
  86              	.LVL9:
  87              	.L2:
   9:Core/Src/modbus_master.c ****   {
  88              		.loc 1 9 17 is_stmt 1 discriminator 1 view .LVU21
  89 0030 8C45     		cmp	ip, r1
  90 0032 04D2     		bcs	.L10
  11:Core/Src/modbus_master.c ****     for (j = 0; j < 8U; j++)
  91              		.loc 1 11 5 view .LVU22
  11:Core/Src/modbus_master.c ****     for (j = 0; j < 8U; j++)
  92              		.loc 1 11 16 is_stmt 0 view .LVU23
  93 0034 1EF80C30 		ldrb	r3, [lr, ip]	@ zero_extendqisi2
  11:Core/Src/modbus_master.c ****     for (j = 0; j < 8U; j++)
  94              		.loc 1 11 9 view .LVU24
  95 0038 5840     		eors	r0, r0, r3
  96              	.LVL10:
  12:Core/Src/modbus_master.c ****     {
  97              		.loc 1 12 5 is_stmt 1 view .LVU25
  12:Core/Src/modbus_master.c ****     {
  98              		.loc 1 12 12 is_stmt 0 view .LVU26
  99 003a 0023     		movs	r3, #0
  12:Core/Src/modbus_master.c ****     {
 100              		.loc 1 12 5 view .LVU27
 101 003c EAE7     		b	.L3
 102              	.LVL11:
 103              	.L10:
  21:Core/Src/modbus_master.c ****       }
  22:Core/Src/modbus_master.c ****     }
  23:Core/Src/modbus_master.c ****   }
  24:Core/Src/modbus_master.c ****   return crc;
 104              		.loc 1 24 3 is_stmt 1 view .LVU28
  25:Core/Src/modbus_master.c **** }
 105              		.loc 1 25 1 is_stmt 0 view .LVU29
 106 003e 5DF804FB 		ldr	pc, [sp], #4
 107              		.cfi_endproc
 108              	.LFE0:
 110              		.section	.text.ModbusMaster_BuildReadHolding,"ax",%progbits
 111              		.align	1
 112              		.global	ModbusMaster_BuildReadHolding
 113              		.syntax unified
 114              		.thumb
 115              		.thumb_func
 117              	ModbusMaster_BuildReadHolding:
 118              	.LVL12:
 119              	.LFB1:
  26:Core/Src/modbus_master.c **** 
  27:Core/Src/modbus_master.c **** uint16_t ModbusMaster_BuildReadHolding(const modbus_read_req_t *req, uint8_t *out, uint16_t out_siz
  28:Core/Src/modbus_master.c **** {
 120              		.loc 1 28 1 is_stmt 1 view -0
 121              		.cfi_startproc
 122              		@ args = 0, pretend = 0, frame = 0
 123              		@ frame_needed = 0, uses_anonymous_args = 0
  29:Core/Src/modbus_master.c ****   uint16_t crc;
 124              		.loc 1 29 3 view .LVU31
  30:Core/Src/modbus_master.c **** 
  31:Core/Src/modbus_master.c ****   if ((req == 0) || (out == 0) || (out_size < 8U))
 125              		.loc 1 31 3 view .LVU32
ARM GAS  C:\Users\40918\AppData\Local\Temp\ccnQPXZ8.s 			page 4


 126              		.loc 1 31 6 is_stmt 0 view .LVU33
 127 0000 E0B1     		cbz	r0, .L13
  28:Core/Src/modbus_master.c ****   uint16_t crc;
 128              		.loc 1 28 1 view .LVU34
 129 0002 10B5     		push	{r4, lr}
 130              	.LCFI1:
 131              		.cfi_def_cfa_offset 8
 132              		.cfi_offset 4, -8
 133              		.cfi_offset 14, -4
 134 0004 0C46     		mov	r4, r1
 135              		.loc 1 31 18 discriminator 1 view .LVU35
 136 0006 D9B1     		cbz	r1, .L14
 137              		.loc 1 31 32 discriminator 2 view .LVU36
 138 0008 072A     		cmp	r2, #7
 139 000a 1BD9     		bls	.L15
  32:Core/Src/modbus_master.c ****   {
  33:Core/Src/modbus_master.c ****     return 0U;
  34:Core/Src/modbus_master.c ****   }
  35:Core/Src/modbus_master.c **** 
  36:Core/Src/modbus_master.c ****   out[0] = req->slave_id;
 140              		.loc 1 36 3 is_stmt 1 view .LVU37
 141              		.loc 1 36 15 is_stmt 0 view .LVU38
 142 000c 0278     		ldrb	r2, [r0]	@ zero_extendqisi2
 143              	.LVL13:
 144              		.loc 1 36 10 view .LVU39
 145 000e 0A70     		strb	r2, [r1]
  37:Core/Src/modbus_master.c ****   out[1] = req->function_code;
 146              		.loc 1 37 3 is_stmt 1 view .LVU40
 147              		.loc 1 37 15 is_stmt 0 view .LVU41
 148 0010 4278     		ldrb	r2, [r0, #1]	@ zero_extendqisi2
 149              		.loc 1 37 10 view .LVU42
 150 0012 4A70     		strb	r2, [r1, #1]
  38:Core/Src/modbus_master.c ****   out[2] = (uint8_t)(req->start_addr >> 8);
 151              		.loc 1 38 3 is_stmt 1 view .LVU43
 152              		.loc 1 38 25 is_stmt 0 view .LVU44
 153 0014 4288     		ldrh	r2, [r0, #2]
 154              		.loc 1 38 12 view .LVU45
 155 0016 120A     		lsrs	r2, r2, #8
 156              		.loc 1 38 10 view .LVU46
 157 0018 8A70     		strb	r2, [r1, #2]
  39:Core/Src/modbus_master.c ****   out[3] = (uint8_t)(req->start_addr & 0xFFU);
 158              		.loc 1 39 3 is_stmt 1 view .LVU47
 159              		.loc 1 39 12 is_stmt 0 view .LVU48
 160 001a 8278     		ldrb	r2, [r0, #2]	@ zero_extendqisi2
 161              		.loc 1 39 10 view .LVU49
 162 001c CA70     		strb	r2, [r1, #3]
  40:Core/Src/modbus_master.c ****   out[4] = (uint8_t)(req->quantity >> 8);
 163              		.loc 1 40 3 is_stmt 1 view .LVU50
 164              		.loc 1 40 25 is_stmt 0 view .LVU51
 165 001e 8288     		ldrh	r2, [r0, #4]
 166              		.loc 1 40 12 view .LVU52
 167 0020 120A     		lsrs	r2, r2, #8
 168              		.loc 1 40 10 view .LVU53
 169 0022 0A71     		strb	r2, [r1, #4]
  41:Core/Src/modbus_master.c ****   out[5] = (uint8_t)(req->quantity & 0xFFU);
 170              		.loc 1 41 3 is_stmt 1 view .LVU54
 171              		.loc 1 41 12 is_stmt 0 view .LVU55
ARM GAS  C:\Users\40918\AppData\Local\Temp\ccnQPXZ8.s 			page 5


 172 0024 0379     		ldrb	r3, [r0, #4]	@ zero_extendqisi2
 173              		.loc 1 41 10 view .LVU56
 174 0026 4B71     		strb	r3, [r1, #5]
  42:Core/Src/modbus_master.c ****   crc = ModbusMaster_Crc16(out, 6U);
 175              		.loc 1 42 3 is_stmt 1 view .LVU57
 176              		.loc 1 42 9 is_stmt 0 view .LVU58
 177 0028 0621     		movs	r1, #6
 178              	.LVL14:
 179              		.loc 1 42 9 view .LVU59
 180 002a 2046     		mov	r0, r4
 181              	.LVL15:
 182              		.loc 1 42 9 view .LVU60
 183 002c FFF7FEFF 		bl	ModbusMaster_Crc16
 184              	.LVL16:
  43:Core/Src/modbus_master.c ****   out[6] = (uint8_t)(crc & 0xFFU);
 185              		.loc 1 43 3 is_stmt 1 view .LVU61
 186              		.loc 1 43 10 is_stmt 0 view .LVU62
 187 0030 A071     		strb	r0, [r4, #6]
  44:Core/Src/modbus_master.c ****   out[7] = (uint8_t)(crc >> 8);
 188              		.loc 1 44 3 is_stmt 1 view .LVU63
 189              		.loc 1 44 12 is_stmt 0 view .LVU64
 190 0032 C0F30720 		ubfx	r0, r0, #8, #8
 191              	.LVL17:
 192              		.loc 1 44 10 view .LVU65
 193 0036 E071     		strb	r0, [r4, #7]
  45:Core/Src/modbus_master.c ****   return 8U;
 194              		.loc 1 45 3 is_stmt 1 view .LVU66
 195              		.loc 1 45 10 is_stmt 0 view .LVU67
 196 0038 0820     		movs	r0, #8
 197              	.LVL18:
 198              	.L12:
  46:Core/Src/modbus_master.c **** }
 199              		.loc 1 46 1 view .LVU68
 200 003a 10BD     		pop	{r4, pc}
 201              	.LVL19:
 202              	.L13:
 203              	.LCFI2:
 204              		.cfi_def_cfa_offset 0
 205              		.cfi_restore 4
 206              		.cfi_restore 14
  33:Core/Src/modbus_master.c ****   }
 207              		.loc 1 33 12 view .LVU69
 208 003c 0020     		movs	r0, #0
 209              	.LVL20:
 210              		.loc 1 46 1 view .LVU70
 211 003e 7047     		bx	lr
 212              	.LVL21:
 213              	.L14:
 214              	.LCFI3:
 215              		.cfi_def_cfa_offset 8
 216              		.cfi_offset 4, -8
 217              		.cfi_offset 14, -4
  33:Core/Src/modbus_master.c ****   }
 218              		.loc 1 33 12 view .LVU71
 219 0040 0020     		movs	r0, #0
 220              	.LVL22:
  33:Core/Src/modbus_master.c ****   }
ARM GAS  C:\Users\40918\AppData\Local\Temp\ccnQPXZ8.s 			page 6


 221              		.loc 1 33 12 view .LVU72
 222 0042 FAE7     		b	.L12
 223              	.LVL23:
 224              	.L15:
  33:Core/Src/modbus_master.c ****   }
 225              		.loc 1 33 12 view .LVU73
 226 0044 0020     		movs	r0, #0
 227              	.LVL24:
  33:Core/Src/modbus_master.c ****   }
 228              		.loc 1 33 12 view .LVU74
 229 0046 F8E7     		b	.L12
 230              		.cfi_endproc
 231              	.LFE1:
 233              		.section	.text.ModbusMaster_ParseReadHoldingResp,"ax",%progbits
 234              		.align	1
 235              		.global	ModbusMaster_ParseReadHoldingResp
 236              		.syntax unified
 237              		.thumb
 238              		.thumb_func
 240              	ModbusMaster_ParseReadHoldingResp:
 241              	.LVL25:
 242              	.LFB2:
  47:Core/Src/modbus_master.c **** 
  48:Core/Src/modbus_master.c **** uint8_t ModbusMaster_ParseReadHoldingResp(const uint8_t *buf, uint16_t len, modbus_read_resp_t *out
  49:Core/Src/modbus_master.c **** {
 243              		.loc 1 49 1 is_stmt 1 view -0
 244              		.cfi_startproc
 245              		@ args = 0, pretend = 0, frame = 0
 246              		@ frame_needed = 0, uses_anonymous_args = 0
  50:Core/Src/modbus_master.c ****   uint16_t crc_calc;
 247              		.loc 1 50 3 view .LVU76
  51:Core/Src/modbus_master.c ****   uint16_t crc_rx;
 248              		.loc 1 51 3 view .LVU77
  52:Core/Src/modbus_master.c ****   uint16_t i;
 249              		.loc 1 52 3 view .LVU78
  53:Core/Src/modbus_master.c ****   uint16_t reg_count;
 250              		.loc 1 53 3 view .LVU79
  54:Core/Src/modbus_master.c **** 
  55:Core/Src/modbus_master.c ****   if ((buf == 0) || (out == 0) || (len < 5U))
 251              		.loc 1 55 3 view .LVU80
 252              		.loc 1 55 6 is_stmt 0 view .LVU81
 253 0000 B8B3     		cbz	r0, .L24
  49:Core/Src/modbus_master.c ****   uint16_t crc_calc;
 254              		.loc 1 49 1 view .LVU82
 255 0002 70B5     		push	{r4, r5, r6, lr}
 256              	.LCFI4:
 257              		.cfi_def_cfa_offset 16
 258              		.cfi_offset 4, -16
 259              		.cfi_offset 5, -12
 260              		.cfi_offset 6, -8
 261              		.cfi_offset 14, -4
 262 0004 0D46     		mov	r5, r1
 263 0006 1446     		mov	r4, r2
 264 0008 0646     		mov	r6, r0
 265              		.loc 1 55 18 discriminator 1 view .LVU83
 266 000a A2B3     		cbz	r2, .L25
 267              		.loc 1 55 32 discriminator 2 view .LVU84
ARM GAS  C:\Users\40918\AppData\Local\Temp\ccnQPXZ8.s 			page 7


 268 000c 0429     		cmp	r1, #4
 269 000e 34D9     		bls	.L26
  56:Core/Src/modbus_master.c ****   {
  57:Core/Src/modbus_master.c ****     return 0U;
  58:Core/Src/modbus_master.c ****   }
  59:Core/Src/modbus_master.c **** 
  60:Core/Src/modbus_master.c ****   crc_calc = ModbusMaster_Crc16(buf, (uint16_t)(len - 2U));
 270              		.loc 1 60 3 is_stmt 1 view .LVU85
 271              		.loc 1 60 14 is_stmt 0 view .LVU86
 272 0010 0239     		subs	r1, r1, #2
 273              	.LVL26:
 274              		.loc 1 60 14 view .LVU87
 275 0012 89B2     		uxth	r1, r1
 276 0014 FFF7FEFF 		bl	ModbusMaster_Crc16
 277              	.LVL27:
  61:Core/Src/modbus_master.c ****   crc_rx = (uint16_t)buf[len - 2U] | ((uint16_t)buf[len - 1U] << 8);
 278              		.loc 1 61 3 is_stmt 1 view .LVU88
 279              		.loc 1 61 25 is_stmt 0 view .LVU89
 280 0018 7219     		adds	r2, r6, r5
 281 001a 12F8023C 		ldrb	r3, [r2, #-2]	@ zero_extendqisi2
 282              		.loc 1 61 52 view .LVU90
 283 001e 12F8012C 		ldrb	r2, [r2, #-1]	@ zero_extendqisi2
 284              		.loc 1 61 10 view .LVU91
 285 0022 43EA0223 		orr	r3, r3, r2, lsl #8
 286              	.LVL28:
  62:Core/Src/modbus_master.c ****   if (crc_calc != crc_rx)
 287              		.loc 1 62 3 is_stmt 1 view .LVU92
 288              		.loc 1 62 6 is_stmt 0 view .LVU93
 289 0026 9842     		cmp	r0, r3
 290 0028 29D1     		bne	.L27
  63:Core/Src/modbus_master.c ****   {
  64:Core/Src/modbus_master.c ****     return 0U;
  65:Core/Src/modbus_master.c ****   }
  66:Core/Src/modbus_master.c **** 
  67:Core/Src/modbus_master.c ****   out->slave_id = buf[0];
 291              		.loc 1 67 3 is_stmt 1 view .LVU94
 292              		.loc 1 67 22 is_stmt 0 view .LVU95
 293 002a 3378     		ldrb	r3, [r6]	@ zero_extendqisi2
 294              	.LVL29:
 295              		.loc 1 67 17 view .LVU96
 296 002c 2370     		strb	r3, [r4]
 297              	.LVL30:
  68:Core/Src/modbus_master.c ****   out->function_code = buf[1];
 298              		.loc 1 68 3 is_stmt 1 view .LVU97
 299              		.loc 1 68 27 is_stmt 0 view .LVU98
 300 002e 7378     		ldrb	r3, [r6, #1]	@ zero_extendqisi2
 301              		.loc 1 68 22 view .LVU99
 302 0030 6370     		strb	r3, [r4, #1]
  69:Core/Src/modbus_master.c ****   out->byte_count = buf[2];
 303              		.loc 1 69 3 is_stmt 1 view .LVU100
 304              		.loc 1 69 24 is_stmt 0 view .LVU101
 305 0032 B278     		ldrb	r2, [r6, #2]	@ zero_extendqisi2
 306              		.loc 1 69 19 view .LVU102
 307 0034 A270     		strb	r2, [r4, #2]
  70:Core/Src/modbus_master.c **** 
  71:Core/Src/modbus_master.c ****   if ((out->function_code != 0x03U) || ((uint16_t)out->byte_count + 5U != len))
 308              		.loc 1 71 3 is_stmt 1 view .LVU103
ARM GAS  C:\Users\40918\AppData\Local\Temp\ccnQPXZ8.s 			page 8


 309              		.loc 1 71 6 is_stmt 0 view .LVU104
 310 0036 032B     		cmp	r3, #3
 311 0038 23D1     		bne	.L28
 312              		.loc 1 71 67 discriminator 1 view .LVU105
 313 003a 531D     		adds	r3, r2, #5
 314              		.loc 1 71 37 discriminator 1 view .LVU106
 315 003c 9D42     		cmp	r5, r3
 316 003e 22D1     		bne	.L29
  72:Core/Src/modbus_master.c ****   {
  73:Core/Src/modbus_master.c ****     return 0U;
  74:Core/Src/modbus_master.c ****   }
  75:Core/Src/modbus_master.c **** 
  76:Core/Src/modbus_master.c ****   reg_count = (uint16_t)(out->byte_count / 2U);
 317              		.loc 1 76 3 is_stmt 1 view .LVU107
 318              		.loc 1 76 15 is_stmt 0 view .LVU108
 319 0040 5508     		lsrs	r5, r2, #1
 320              	.LVL31:
  77:Core/Src/modbus_master.c ****   if (reg_count > 32U)
 321              		.loc 1 77 3 is_stmt 1 view .LVU109
 322              		.loc 1 77 6 is_stmt 0 view .LVU110
 323 0042 412A     		cmp	r2, #65
 324 0044 21D8     		bhi	.L30
  78:Core/Src/modbus_master.c ****   {
  79:Core/Src/modbus_master.c ****     return 0U;
  80:Core/Src/modbus_master.c ****   }
  81:Core/Src/modbus_master.c **** 
  82:Core/Src/modbus_master.c ****   out->reg_count = reg_count;
 325              		.loc 1 82 3 is_stmt 1 view .LVU111
 326              		.loc 1 82 18 is_stmt 0 view .LVU112
 327 0046 A4F84450 		strh	r5, [r4, #68]	@ movhi
  83:Core/Src/modbus_master.c ****   for (i = 0; i < reg_count; i++)
 328              		.loc 1 83 3 is_stmt 1 view .LVU113
 329              	.LVL32:
 330              		.loc 1 83 10 is_stmt 0 view .LVU114
 331 004a 0023     		movs	r3, #0
 332              		.loc 1 83 3 view .LVU115
 333 004c 0BE0     		b	.L22
 334              	.LVL33:
 335              	.L23:
  84:Core/Src/modbus_master.c ****   {
  85:Core/Src/modbus_master.c ****     out->regs[i] = ((uint16_t)buf[3U + (2U * i)] << 8) | buf[4U + (2U * i)];
 336              		.loc 1 85 5 is_stmt 1 view .LVU116
 337              		.loc 1 85 44 is_stmt 0 view .LVU117
 338 004e 5A00     		lsls	r2, r3, #1
 339              		.loc 1 85 38 view .LVU118
 340 0050 D11C     		adds	r1, r2, #3
 341              		.loc 1 85 34 view .LVU119
 342 0052 705C     		ldrb	r0, [r6, r1]	@ zero_extendqisi2
 343              		.loc 1 85 65 view .LVU120
 344 0054 991C     		adds	r1, r3, #2
 345              		.loc 1 85 61 view .LVU121
 346 0056 16F81110 		ldrb	r1, [r6, r1, lsl #1]	@ zero_extendqisi2
 347              		.loc 1 85 56 view .LVU122
 348 005a 41EA0021 		orr	r1, r1, r0, lsl #8
 349              		.loc 1 85 18 view .LVU123
 350 005e 2244     		add	r2, r2, r4
 351 0060 9180     		strh	r1, [r2, #4]	@ movhi
ARM GAS  C:\Users\40918\AppData\Local\Temp\ccnQPXZ8.s 			page 9


  83:Core/Src/modbus_master.c ****   for (i = 0; i < reg_count; i++)
 352              		.loc 1 83 31 is_stmt 1 discriminator 3 view .LVU124
 353 0062 0133     		adds	r3, r3, #1
 354              	.LVL34:
  83:Core/Src/modbus_master.c ****   for (i = 0; i < reg_count; i++)
 355              		.loc 1 83 31 is_stmt 0 discriminator 3 view .LVU125
 356 0064 9BB2     		uxth	r3, r3
 357              	.LVL35:
 358              	.L22:
  83:Core/Src/modbus_master.c ****   for (i = 0; i < reg_count; i++)
 359              		.loc 1 83 17 is_stmt 1 discriminator 1 view .LVU126
 360 0066 AB42     		cmp	r3, r5
 361 0068 F1D3     		bcc	.L23
  86:Core/Src/modbus_master.c ****   }
  87:Core/Src/modbus_master.c ****   out->valid = 1U;
 362              		.loc 1 87 3 view .LVU127
 363              		.loc 1 87 14 is_stmt 0 view .LVU128
 364 006a 0120     		movs	r0, #1
 365 006c 84F84600 		strb	r0, [r4, #70]
  88:Core/Src/modbus_master.c ****   return 1U;
 366              		.loc 1 88 3 is_stmt 1 view .LVU129
 367              		.loc 1 88 10 is_stmt 0 view .LVU130
 368 0070 04E0     		b	.L21
 369              	.LVL36:
 370              	.L24:
 371              	.LCFI5:
 372              		.cfi_def_cfa_offset 0
 373              		.cfi_restore 4
 374              		.cfi_restore 5
 375              		.cfi_restore 6
 376              		.cfi_restore 14
  57:Core/Src/modbus_master.c ****   }
 377              		.loc 1 57 12 view .LVU131
 378 0072 0020     		movs	r0, #0
 379              	.LVL37:
  89:Core/Src/modbus_master.c **** }
 380              		.loc 1 89 1 view .LVU132
 381 0074 7047     		bx	lr
 382              	.LVL38:
 383              	.L25:
 384              	.LCFI6:
 385              		.cfi_def_cfa_offset 16
 386              		.cfi_offset 4, -16
 387              		.cfi_offset 5, -12
 388              		.cfi_offset 6, -8
 389              		.cfi_offset 14, -4
  57:Core/Src/modbus_master.c ****   }
 390              		.loc 1 57 12 view .LVU133
 391 0076 0020     		movs	r0, #0
 392              	.LVL39:
  57:Core/Src/modbus_master.c ****   }
 393              		.loc 1 57 12 view .LVU134
 394 0078 00E0     		b	.L21
 395              	.LVL40:
 396              	.L26:
  57:Core/Src/modbus_master.c ****   }
 397              		.loc 1 57 12 view .LVU135
ARM GAS  C:\Users\40918\AppData\Local\Temp\ccnQPXZ8.s 			page 10


 398 007a 0020     		movs	r0, #0
 399              	.LVL41:
 400              	.L21:
 401              		.loc 1 89 1 view .LVU136
 402 007c 70BD     		pop	{r4, r5, r6, pc}
 403              	.LVL42:
 404              	.L27:
  64:Core/Src/modbus_master.c ****   }
 405              		.loc 1 64 12 view .LVU137
 406 007e 0020     		movs	r0, #0
 407              	.LVL43:
  64:Core/Src/modbus_master.c ****   }
 408              		.loc 1 64 12 view .LVU138
 409 0080 FCE7     		b	.L21
 410              	.LVL44:
 411              	.L28:
  73:Core/Src/modbus_master.c ****   }
 412              		.loc 1 73 12 view .LVU139
 413 0082 0020     		movs	r0, #0
 414              	.LVL45:
  73:Core/Src/modbus_master.c ****   }
 415              		.loc 1 73 12 view .LVU140
 416 0084 FAE7     		b	.L21
 417              	.LVL46:
 418              	.L29:
  73:Core/Src/modbus_master.c ****   }
 419              		.loc 1 73 12 view .LVU141
 420 0086 0020     		movs	r0, #0
 421              	.LVL47:
  73:Core/Src/modbus_master.c ****   }
 422              		.loc 1 73 12 view .LVU142
 423 0088 F8E7     		b	.L21
 424              	.LVL48:
 425              	.L30:
  79:Core/Src/modbus_master.c ****   }
 426              		.loc 1 79 12 view .LVU143
 427 008a 0020     		movs	r0, #0
 428              	.LVL49:
  79:Core/Src/modbus_master.c ****   }
 429              		.loc 1 79 12 view .LVU144
 430 008c F6E7     		b	.L21
 431              		.cfi_endproc
 432              	.LFE2:
 434              		.text
 435              	.Letext0:
 436              		.file 2 "D:/Tools/Arm GNU Toolchain arm-none-eabi/13.3 rel1/arm-none-eabi/include/machine/_default
 437              		.file 3 "D:/Tools/Arm GNU Toolchain arm-none-eabi/13.3 rel1/arm-none-eabi/include/sys/_stdint.h"
 438              		.file 4 "Core/Inc/modbus_master.h"
ARM GAS  C:\Users\40918\AppData\Local\Temp\ccnQPXZ8.s 			page 11


DEFINED SYMBOLS
                            *ABS*:00000000 modbus_master.c
C:\Users\40918\AppData\Local\Temp\ccnQPXZ8.s:21     .text.ModbusMaster_Crc16:00000000 $t
C:\Users\40918\AppData\Local\Temp\ccnQPXZ8.s:27     .text.ModbusMaster_Crc16:00000000 ModbusMaster_Crc16
C:\Users\40918\AppData\Local\Temp\ccnQPXZ8.s:111    .text.ModbusMaster_BuildReadHolding:00000000 $t
C:\Users\40918\AppData\Local\Temp\ccnQPXZ8.s:117    .text.ModbusMaster_BuildReadHolding:00000000 ModbusMaster_BuildReadHolding
C:\Users\40918\AppData\Local\Temp\ccnQPXZ8.s:234    .text.ModbusMaster_ParseReadHoldingResp:00000000 $t
C:\Users\40918\AppData\Local\Temp\ccnQPXZ8.s:240    .text.ModbusMaster_ParseReadHoldingResp:00000000 ModbusMaster_ParseReadHoldingResp

NO UNDEFINED SYMBOLS
