ARM GAS  C:\Users\40918\AppData\Local\Temp\cc46yiXj.s 			page 1


   1              		.cpu cortex-m4
   2              		.arch armv7e-m
   3              		.fpu fpv4-sp-d16
   4              		.eabi_attribute 27, 1
   5              		.eabi_attribute 28, 1
   6              		.eabi_attribute 20, 1
   7              		.eabi_attribute 21, 1
   8              		.eabi_attribute 23, 3
   9              		.eabi_attribute 24, 1
  10              		.eabi_attribute 25, 1
  11              		.eabi_attribute 26, 1
  12              		.eabi_attribute 30, 1
  13              		.eabi_attribute 34, 1
  14              		.eabi_attribute 18, 4
  15              		.file	"sd_diskio.c"
  16              		.text
  17              	.Ltext0:
  18              		.cfi_sections	.debug_frame
  19              		.file 1 "FATFS/Target/sd_diskio.c"
  20              		.section	.text.SD_CheckStatus,"ax",%progbits
  21              		.align	1
  22              		.syntax unified
  23              		.thumb
  24              		.thumb_func
  26              	SD_CheckStatus:
  27              	.LVL0:
  28              	.LFB247:
   1:FATFS/Target/sd_diskio.c **** /* USER CODE BEGIN Header */
   2:FATFS/Target/sd_diskio.c **** /**
   3:FATFS/Target/sd_diskio.c ****   ******************************************************************************
   4:FATFS/Target/sd_diskio.c ****   * @file    sd_diskio.c
   5:FATFS/Target/sd_diskio.c ****   * @brief   SD Disk I/O driver
   6:FATFS/Target/sd_diskio.c ****   ******************************************************************************
   7:FATFS/Target/sd_diskio.c ****   * @attention
   8:FATFS/Target/sd_diskio.c ****   *
   9:FATFS/Target/sd_diskio.c ****   * Copyright (c) 2026 STMicroelectronics.
  10:FATFS/Target/sd_diskio.c ****   * All rights reserved.
  11:FATFS/Target/sd_diskio.c ****   *
  12:FATFS/Target/sd_diskio.c ****   * This software is licensed under terms that can be found in the LICENSE file
  13:FATFS/Target/sd_diskio.c ****   * in the root directory of this software component.
  14:FATFS/Target/sd_diskio.c ****   * If no LICENSE file comes with this software, it is provided AS-IS.
  15:FATFS/Target/sd_diskio.c ****   *
  16:FATFS/Target/sd_diskio.c ****   ******************************************************************************
  17:FATFS/Target/sd_diskio.c ****   */
  18:FATFS/Target/sd_diskio.c **** /* USER CODE END Header */
  19:FATFS/Target/sd_diskio.c **** 
  20:FATFS/Target/sd_diskio.c **** /* Note: code generation based on sd_diskio_dma_rtos_template_bspv1.c v2.1.4
  21:FATFS/Target/sd_diskio.c ****    as FreeRTOS is enabled. */
  22:FATFS/Target/sd_diskio.c **** 
  23:FATFS/Target/sd_diskio.c **** /* USER CODE BEGIN firstSection */
  24:FATFS/Target/sd_diskio.c **** /* can be used to modify / undefine following code or add new definitions */
  25:FATFS/Target/sd_diskio.c **** /* USER CODE END firstSection*/
  26:FATFS/Target/sd_diskio.c **** 
  27:FATFS/Target/sd_diskio.c **** /* Includes ------------------------------------------------------------------*/
  28:FATFS/Target/sd_diskio.c **** #include "ff_gen_drv.h"
  29:FATFS/Target/sd_diskio.c **** #include "sd_diskio.h"
  30:FATFS/Target/sd_diskio.c **** 
ARM GAS  C:\Users\40918\AppData\Local\Temp\cc46yiXj.s 			page 2


  31:FATFS/Target/sd_diskio.c **** #include <string.h>
  32:FATFS/Target/sd_diskio.c **** #include <stdio.h>
  33:FATFS/Target/sd_diskio.c **** 
  34:FATFS/Target/sd_diskio.c **** /* Private typedef -----------------------------------------------------------*/
  35:FATFS/Target/sd_diskio.c **** /* Private define ------------------------------------------------------------*/
  36:FATFS/Target/sd_diskio.c **** 
  37:FATFS/Target/sd_diskio.c **** #define QUEUE_SIZE         (uint32_t) 10
  38:FATFS/Target/sd_diskio.c **** #define READ_CPLT_MSG      (uint32_t) 1
  39:FATFS/Target/sd_diskio.c **** #define WRITE_CPLT_MSG     (uint32_t) 2
  40:FATFS/Target/sd_diskio.c **** /*
  41:FATFS/Target/sd_diskio.c **** ==================================================================
  42:FATFS/Target/sd_diskio.c **** enable the defines below to send custom rtos messages
  43:FATFS/Target/sd_diskio.c **** when an error or an abort occurs.
  44:FATFS/Target/sd_diskio.c **** Notice: depending on the HAL/SD driver the HAL_SD_ErrorCallback()
  45:FATFS/Target/sd_diskio.c **** may not be available.
  46:FATFS/Target/sd_diskio.c **** See BSP_SD_ErrorCallback() and BSP_SD_AbortCallback() below
  47:FATFS/Target/sd_diskio.c **** ==================================================================
  48:FATFS/Target/sd_diskio.c **** 
  49:FATFS/Target/sd_diskio.c **** #define RW_ERROR_MSG       (uint32_t) 3
  50:FATFS/Target/sd_diskio.c **** #define RW_ABORT_MSG       (uint32_t) 4
  51:FATFS/Target/sd_diskio.c **** */
  52:FATFS/Target/sd_diskio.c **** /*
  53:FATFS/Target/sd_diskio.c ****  * the following Timeout is useful to give the control back to the applications
  54:FATFS/Target/sd_diskio.c ****  * in case of errors in either BSP_SD_ReadCpltCallback() or BSP_SD_WriteCpltCallback()
  55:FATFS/Target/sd_diskio.c ****  * the value by default is as defined in the BSP platform driver otherwise 30 secs
  56:FATFS/Target/sd_diskio.c ****  */
  57:FATFS/Target/sd_diskio.c **** #define SD_TIMEOUT 50U
  58:FATFS/Target/sd_diskio.c **** 
  59:FATFS/Target/sd_diskio.c **** #define SD_DEFAULT_BLOCK_SIZE 512
  60:FATFS/Target/sd_diskio.c **** 
  61:FATFS/Target/sd_diskio.c **** /*
  62:FATFS/Target/sd_diskio.c ****  * Depending on the use case, the SD card initialization could be done at the
  63:FATFS/Target/sd_diskio.c ****  * application level: if it is the case define the flag below to disable
  64:FATFS/Target/sd_diskio.c ****  * the BSP_SD_Init() call in the SD_Initialize() and add a call to
  65:FATFS/Target/sd_diskio.c ****  * BSP_SD_Init() elsewhere in the application.
  66:FATFS/Target/sd_diskio.c ****  */
  67:FATFS/Target/sd_diskio.c **** /* USER CODE BEGIN disableSDInit */
  68:FATFS/Target/sd_diskio.c **** /* #define DISABLE_SD_INIT */
  69:FATFS/Target/sd_diskio.c **** /* USER CODE END disableSDInit */
  70:FATFS/Target/sd_diskio.c **** 
  71:FATFS/Target/sd_diskio.c **** /*
  72:FATFS/Target/sd_diskio.c ****  * when using cacheable memory region, it may be needed to maintain the cache
  73:FATFS/Target/sd_diskio.c ****  * validity. Enable the define below to activate a cache maintenance at each
  74:FATFS/Target/sd_diskio.c ****  * read and write operation.
  75:FATFS/Target/sd_diskio.c ****  * Notice: This is applicable only for cortex M7 based platform.
  76:FATFS/Target/sd_diskio.c ****  */
  77:FATFS/Target/sd_diskio.c **** /* USER CODE BEGIN enableSDDmaCacheMaintenance */
  78:FATFS/Target/sd_diskio.c **** /* #define ENABLE_SD_DMA_CACHE_MAINTENANCE  1 */
  79:FATFS/Target/sd_diskio.c **** /* USER CODE END enableSDDmaCacheMaintenance */
  80:FATFS/Target/sd_diskio.c **** 
  81:FATFS/Target/sd_diskio.c **** /*
  82:FATFS/Target/sd_diskio.c **** * Some DMA requires 4-Byte aligned address buffer to correctly read/write data,
  83:FATFS/Target/sd_diskio.c **** * in FatFs some accesses aren't thus we need a 4-byte aligned scratch buffer to correctly
  84:FATFS/Target/sd_diskio.c **** * transfer data
  85:FATFS/Target/sd_diskio.c **** */
  86:FATFS/Target/sd_diskio.c **** /* USER CODE BEGIN enableScratchBuffer */
  87:FATFS/Target/sd_diskio.c **** /* #define ENABLE_SCRATCH_BUFFER */
ARM GAS  C:\Users\40918\AppData\Local\Temp\cc46yiXj.s 			page 3


  88:FATFS/Target/sd_diskio.c **** /* USER CODE END enableScratchBuffer */
  89:FATFS/Target/sd_diskio.c **** 
  90:FATFS/Target/sd_diskio.c **** /* Private variables ---------------------------------------------------------*/
  91:FATFS/Target/sd_diskio.c **** #if defined(ENABLE_SCRATCH_BUFFER)
  92:FATFS/Target/sd_diskio.c **** #if defined (ENABLE_SD_DMA_CACHE_MAINTENANCE)
  93:FATFS/Target/sd_diskio.c **** ALIGN_32BYTES(static uint8_t scratch[BLOCKSIZE]); // 32-Byte aligned for cache maintenance
  94:FATFS/Target/sd_diskio.c **** #else
  95:FATFS/Target/sd_diskio.c **** __ALIGN_BEGIN static uint8_t scratch[BLOCKSIZE] __ALIGN_END;
  96:FATFS/Target/sd_diskio.c **** #endif
  97:FATFS/Target/sd_diskio.c **** #endif
  98:FATFS/Target/sd_diskio.c **** /* Disk status */
  99:FATFS/Target/sd_diskio.c **** static volatile DSTATUS Stat = STA_NOINIT;
 100:FATFS/Target/sd_diskio.c **** 
 101:FATFS/Target/sd_diskio.c **** #if (osCMSIS <= 0x20000U)
 102:FATFS/Target/sd_diskio.c **** static osMessageQId SDQueueID = NULL;
 103:FATFS/Target/sd_diskio.c **** #else
 104:FATFS/Target/sd_diskio.c **** static osMessageQueueId_t SDQueueID = NULL;
 105:FATFS/Target/sd_diskio.c **** #endif
 106:FATFS/Target/sd_diskio.c **** /* Private function prototypes -----------------------------------------------*/
 107:FATFS/Target/sd_diskio.c **** static DSTATUS SD_CheckStatus(BYTE lun);
 108:FATFS/Target/sd_diskio.c **** DSTATUS SD_initialize (BYTE);
 109:FATFS/Target/sd_diskio.c **** DSTATUS SD_status (BYTE);
 110:FATFS/Target/sd_diskio.c **** DRESULT SD_read (BYTE, BYTE*, DWORD, UINT);
 111:FATFS/Target/sd_diskio.c **** #if _USE_WRITE == 1
 112:FATFS/Target/sd_diskio.c **** DRESULT SD_write (BYTE, const BYTE*, DWORD, UINT);
 113:FATFS/Target/sd_diskio.c **** #endif /* _USE_WRITE == 1 */
 114:FATFS/Target/sd_diskio.c **** #if _USE_IOCTL == 1
 115:FATFS/Target/sd_diskio.c **** DRESULT SD_ioctl (BYTE, BYTE, void*);
 116:FATFS/Target/sd_diskio.c **** #endif  /* _USE_IOCTL == 1 */
 117:FATFS/Target/sd_diskio.c **** 
 118:FATFS/Target/sd_diskio.c **** const Diskio_drvTypeDef  SD_Driver =
 119:FATFS/Target/sd_diskio.c **** {
 120:FATFS/Target/sd_diskio.c ****   SD_initialize,
 121:FATFS/Target/sd_diskio.c ****   SD_status,
 122:FATFS/Target/sd_diskio.c ****   SD_read,
 123:FATFS/Target/sd_diskio.c **** #if  _USE_WRITE == 1
 124:FATFS/Target/sd_diskio.c ****   SD_write,
 125:FATFS/Target/sd_diskio.c **** #endif /* _USE_WRITE == 1 */
 126:FATFS/Target/sd_diskio.c **** 
 127:FATFS/Target/sd_diskio.c **** #if  _USE_IOCTL == 1
 128:FATFS/Target/sd_diskio.c ****   SD_ioctl,
 129:FATFS/Target/sd_diskio.c **** #endif /* _USE_IOCTL == 1 */
 130:FATFS/Target/sd_diskio.c **** };
 131:FATFS/Target/sd_diskio.c **** 
 132:FATFS/Target/sd_diskio.c **** /* USER CODE BEGIN beforeFunctionSection */
 133:FATFS/Target/sd_diskio.c **** /* can be used to modify / undefine following code or add new code */
 134:FATFS/Target/sd_diskio.c **** /* USER CODE END beforeFunctionSection */
 135:FATFS/Target/sd_diskio.c **** 
 136:FATFS/Target/sd_diskio.c **** /* Private functions ---------------------------------------------------------*/
 137:FATFS/Target/sd_diskio.c **** 
 138:FATFS/Target/sd_diskio.c **** static int SD_CheckStatusWithTimeout(uint32_t timeout)
 139:FATFS/Target/sd_diskio.c **** {
 140:FATFS/Target/sd_diskio.c ****   uint32_t timer;
 141:FATFS/Target/sd_diskio.c ****   /* block until SDIO peripheral is ready again or a timeout occur */
 142:FATFS/Target/sd_diskio.c **** #if (osCMSIS <= 0x20000U)
 143:FATFS/Target/sd_diskio.c ****   timer = osKernelSysTick();
 144:FATFS/Target/sd_diskio.c ****   while( osKernelSysTick() - timer < timeout)
ARM GAS  C:\Users\40918\AppData\Local\Temp\cc46yiXj.s 			page 4


 145:FATFS/Target/sd_diskio.c **** #else
 146:FATFS/Target/sd_diskio.c ****   timer = osKernelGetTickCount();
 147:FATFS/Target/sd_diskio.c ****   while( osKernelGetTickCount() - timer < timeout)
 148:FATFS/Target/sd_diskio.c **** #endif
 149:FATFS/Target/sd_diskio.c ****   {
 150:FATFS/Target/sd_diskio.c ****     if (BSP_SD_GetCardState() == SD_TRANSFER_OK)
 151:FATFS/Target/sd_diskio.c ****     {
 152:FATFS/Target/sd_diskio.c ****       return 0;
 153:FATFS/Target/sd_diskio.c ****     }
 154:FATFS/Target/sd_diskio.c ****   }
 155:FATFS/Target/sd_diskio.c **** 
 156:FATFS/Target/sd_diskio.c ****   return -1;
 157:FATFS/Target/sd_diskio.c **** }
 158:FATFS/Target/sd_diskio.c **** 
 159:FATFS/Target/sd_diskio.c **** static DSTATUS SD_CheckStatus(BYTE lun)
 160:FATFS/Target/sd_diskio.c **** {
  29              		.loc 1 160 1 view -0
  30              		.cfi_startproc
  31              		@ args = 0, pretend = 0, frame = 0
  32              		@ frame_needed = 0, uses_anonymous_args = 0
  33              		.loc 1 160 1 is_stmt 0 view .LVU1
  34 0000 08B5     		push	{r3, lr}
  35              	.LCFI0:
  36              		.cfi_def_cfa_offset 8
  37              		.cfi_offset 3, -8
  38              		.cfi_offset 14, -4
 161:FATFS/Target/sd_diskio.c ****   Stat = STA_NOINIT;
  39              		.loc 1 161 3 is_stmt 1 view .LVU2
  40              		.loc 1 161 8 is_stmt 0 view .LVU3
  41 0002 074B     		ldr	r3, .L4
  42 0004 0122     		movs	r2, #1
  43 0006 1A70     		strb	r2, [r3]
 162:FATFS/Target/sd_diskio.c **** 
 163:FATFS/Target/sd_diskio.c ****   if(BSP_SD_GetCardState() == SD_TRANSFER_OK)
  44              		.loc 1 163 3 is_stmt 1 view .LVU4
  45              		.loc 1 163 6 is_stmt 0 view .LVU5
  46 0008 FFF7FEFF 		bl	BSP_SD_GetCardState
  47              	.LVL1:
  48              		.loc 1 163 5 discriminator 1 view .LVU6
  49 000c 20B9     		cbnz	r0, .L2
 164:FATFS/Target/sd_diskio.c ****   {
 165:FATFS/Target/sd_diskio.c ****     Stat &= ~STA_NOINIT;
  50              		.loc 1 165 5 is_stmt 1 view .LVU7
  51              		.loc 1 165 10 is_stmt 0 view .LVU8
  52 000e 044A     		ldr	r2, .L4
  53 0010 1378     		ldrb	r3, [r2]	@ zero_extendqisi2
  54 0012 03F0FE03 		and	r3, r3, #254
  55 0016 1370     		strb	r3, [r2]
  56              	.L2:
 166:FATFS/Target/sd_diskio.c ****   }
 167:FATFS/Target/sd_diskio.c **** 
 168:FATFS/Target/sd_diskio.c ****   return Stat;
  57              		.loc 1 168 3 is_stmt 1 view .LVU9
  58              		.loc 1 168 10 is_stmt 0 view .LVU10
  59 0018 014B     		ldr	r3, .L4
  60 001a 1878     		ldrb	r0, [r3]	@ zero_extendqisi2
 169:FATFS/Target/sd_diskio.c **** }
ARM GAS  C:\Users\40918\AppData\Local\Temp\cc46yiXj.s 			page 5


  61              		.loc 1 169 1 view .LVU11
  62 001c 08BD     		pop	{r3, pc}
  63              	.L5:
  64 001e 00BF     		.align	2
  65              	.L4:
  66 0020 00000000 		.word	Stat
  67              		.cfi_endproc
  68              	.LFE247:
  70              		.section	.text.SD_initialize,"ax",%progbits
  71              		.align	1
  72              		.global	SD_initialize
  73              		.syntax unified
  74              		.thumb
  75              		.thumb_func
  77              	SD_initialize:
  78              	.LVL2:
  79              	.LFB248:
 170:FATFS/Target/sd_diskio.c **** 
 171:FATFS/Target/sd_diskio.c **** /**
 172:FATFS/Target/sd_diskio.c ****   * @brief  Initializes a Drive
 173:FATFS/Target/sd_diskio.c ****   * @param  lun : not used
 174:FATFS/Target/sd_diskio.c ****   * @retval DSTATUS: Operation status
 175:FATFS/Target/sd_diskio.c ****   */
 176:FATFS/Target/sd_diskio.c **** DSTATUS SD_initialize(BYTE lun)
 177:FATFS/Target/sd_diskio.c **** {
  80              		.loc 1 177 1 is_stmt 1 view -0
  81              		.cfi_startproc
  82              		@ args = 0, pretend = 0, frame = 0
  83              		@ frame_needed = 0, uses_anonymous_args = 0
  84              		.loc 1 177 1 is_stmt 0 view .LVU13
  85 0000 10B5     		push	{r4, lr}
  86              	.LCFI1:
  87              		.cfi_def_cfa_offset 8
  88              		.cfi_offset 4, -8
  89              		.cfi_offset 14, -4
  90 0002 0446     		mov	r4, r0
 178:FATFS/Target/sd_diskio.c **** Stat = STA_NOINIT;
  91              		.loc 1 178 1 is_stmt 1 view .LVU14
  92              		.loc 1 178 6 is_stmt 0 view .LVU15
  93 0004 164B     		ldr	r3, .L14
  94 0006 0122     		movs	r2, #1
  95 0008 1A70     		strb	r2, [r3]
 179:FATFS/Target/sd_diskio.c **** 
 180:FATFS/Target/sd_diskio.c ****   /*
 181:FATFS/Target/sd_diskio.c ****    * check that the kernel has been started before continuing
 182:FATFS/Target/sd_diskio.c ****    * as the osMessage API will fail otherwise
 183:FATFS/Target/sd_diskio.c ****    */
 184:FATFS/Target/sd_diskio.c **** #if (osCMSIS <= 0x20000U)
 185:FATFS/Target/sd_diskio.c ****   if(osKernelRunning())
 186:FATFS/Target/sd_diskio.c **** #else
 187:FATFS/Target/sd_diskio.c ****   if(osKernelGetState() == osKernelRunning)
  96              		.loc 1 187 3 is_stmt 1 view .LVU16
  97              		.loc 1 187 6 is_stmt 0 view .LVU17
  98 000a FFF7FEFF 		bl	osKernelGetState
  99              	.LVL3:
 100              		.loc 1 187 5 discriminator 1 view .LVU18
 101 000e 0228     		cmp	r0, #2
ARM GAS  C:\Users\40918\AppData\Local\Temp\cc46yiXj.s 			page 6


 102 0010 02D0     		beq	.L11
 103              	.L7:
 188:FATFS/Target/sd_diskio.c **** #endif
 189:FATFS/Target/sd_diskio.c ****   {
 190:FATFS/Target/sd_diskio.c **** #if !defined(DISABLE_SD_INIT)
 191:FATFS/Target/sd_diskio.c **** 
 192:FATFS/Target/sd_diskio.c ****     if(BSP_SD_Init() == MSD_OK)
 193:FATFS/Target/sd_diskio.c ****     {
 194:FATFS/Target/sd_diskio.c ****       Stat = SD_CheckStatus(lun);
 195:FATFS/Target/sd_diskio.c ****     }
 196:FATFS/Target/sd_diskio.c **** 
 197:FATFS/Target/sd_diskio.c **** #else
 198:FATFS/Target/sd_diskio.c ****     Stat = SD_CheckStatus(lun);
 199:FATFS/Target/sd_diskio.c **** #endif
 200:FATFS/Target/sd_diskio.c **** 
 201:FATFS/Target/sd_diskio.c ****     /*
 202:FATFS/Target/sd_diskio.c ****     * if the SD is correctly initialized, create the operation queue
 203:FATFS/Target/sd_diskio.c ****     * if not already created
 204:FATFS/Target/sd_diskio.c ****     */
 205:FATFS/Target/sd_diskio.c **** 
 206:FATFS/Target/sd_diskio.c ****     if (Stat != STA_NOINIT)
 207:FATFS/Target/sd_diskio.c ****     {
 208:FATFS/Target/sd_diskio.c ****       if (SDQueueID == NULL)
 209:FATFS/Target/sd_diskio.c ****       {
 210:FATFS/Target/sd_diskio.c ****  #if (osCMSIS <= 0x20000U)
 211:FATFS/Target/sd_diskio.c ****       osMessageQDef(SD_Queue, QUEUE_SIZE, uint16_t);
 212:FATFS/Target/sd_diskio.c ****       SDQueueID = osMessageCreate (osMessageQ(SD_Queue), NULL);
 213:FATFS/Target/sd_diskio.c **** #else
 214:FATFS/Target/sd_diskio.c ****       SDQueueID = osMessageQueueNew(QUEUE_SIZE, 2, NULL);
 215:FATFS/Target/sd_diskio.c **** #endif
 216:FATFS/Target/sd_diskio.c ****       }
 217:FATFS/Target/sd_diskio.c **** 
 218:FATFS/Target/sd_diskio.c ****       if (SDQueueID == NULL)
 219:FATFS/Target/sd_diskio.c ****       {
 220:FATFS/Target/sd_diskio.c ****         Stat |= STA_NOINIT;
 221:FATFS/Target/sd_diskio.c ****       }
 222:FATFS/Target/sd_diskio.c ****     }
 223:FATFS/Target/sd_diskio.c ****   }
 224:FATFS/Target/sd_diskio.c **** 
 225:FATFS/Target/sd_diskio.c ****   return Stat;
 104              		.loc 1 225 3 is_stmt 1 view .LVU19
 105              		.loc 1 225 10 is_stmt 0 view .LVU20
 106 0012 134B     		ldr	r3, .L14
 107 0014 1878     		ldrb	r0, [r3]	@ zero_extendqisi2
 226:FATFS/Target/sd_diskio.c **** }
 108              		.loc 1 226 1 view .LVU21
 109 0016 10BD     		pop	{r4, pc}
 110              	.LVL4:
 111              	.L11:
 192:FATFS/Target/sd_diskio.c ****     {
 112              		.loc 1 192 5 is_stmt 1 view .LVU22
 192:FATFS/Target/sd_diskio.c ****     {
 113              		.loc 1 192 8 is_stmt 0 view .LVU23
 114 0018 FFF7FEFF 		bl	BSP_SD_Init
 115              	.LVL5:
 192:FATFS/Target/sd_diskio.c ****     {
 116              		.loc 1 192 7 discriminator 1 view .LVU24
ARM GAS  C:\Users\40918\AppData\Local\Temp\cc46yiXj.s 			page 7


 117 001c 88B1     		cbz	r0, .L12
 118              	.L8:
 206:FATFS/Target/sd_diskio.c ****     {
 119              		.loc 1 206 5 is_stmt 1 view .LVU25
 206:FATFS/Target/sd_diskio.c ****     {
 120              		.loc 1 206 14 is_stmt 0 view .LVU26
 121 001e 104B     		ldr	r3, .L14
 122 0020 1B78     		ldrb	r3, [r3]	@ zero_extendqisi2
 123 0022 DBB2     		uxtb	r3, r3
 206:FATFS/Target/sd_diskio.c ****     {
 124              		.loc 1 206 8 view .LVU27
 125 0024 012B     		cmp	r3, #1
 126 0026 F4D0     		beq	.L7
 208:FATFS/Target/sd_diskio.c ****       {
 127              		.loc 1 208 7 is_stmt 1 view .LVU28
 208:FATFS/Target/sd_diskio.c ****       {
 128              		.loc 1 208 21 is_stmt 0 view .LVU29
 129 0028 0E4B     		ldr	r3, .L14+4
 130 002a 1B68     		ldr	r3, [r3]
 208:FATFS/Target/sd_diskio.c ****       {
 131              		.loc 1 208 10 view .LVU30
 132 002c 7BB1     		cbz	r3, .L13
 133              	.L9:
 218:FATFS/Target/sd_diskio.c ****       {
 134              		.loc 1 218 7 is_stmt 1 view .LVU31
 218:FATFS/Target/sd_diskio.c ****       {
 135              		.loc 1 218 21 is_stmt 0 view .LVU32
 136 002e 0D4B     		ldr	r3, .L14+4
 137 0030 1B68     		ldr	r3, [r3]
 218:FATFS/Target/sd_diskio.c ****       {
 138              		.loc 1 218 10 view .LVU33
 139 0032 002B     		cmp	r3, #0
 140 0034 EDD1     		bne	.L7
 220:FATFS/Target/sd_diskio.c ****       }
 141              		.loc 1 220 9 is_stmt 1 view .LVU34
 220:FATFS/Target/sd_diskio.c ****       }
 142              		.loc 1 220 14 is_stmt 0 view .LVU35
 143 0036 0A4A     		ldr	r2, .L14
 144 0038 1378     		ldrb	r3, [r2]	@ zero_extendqisi2
 145 003a 43F00103 		orr	r3, r3, #1
 146 003e 1370     		strb	r3, [r2]
 147 0040 E7E7     		b	.L7
 148              	.L12:
 194:FATFS/Target/sd_diskio.c ****     }
 149              		.loc 1 194 7 is_stmt 1 view .LVU36
 194:FATFS/Target/sd_diskio.c ****     }
 150              		.loc 1 194 14 is_stmt 0 view .LVU37
 151 0042 2046     		mov	r0, r4
 152 0044 FFF7FEFF 		bl	SD_CheckStatus
 153              	.LVL6:
 194:FATFS/Target/sd_diskio.c ****     }
 154              		.loc 1 194 12 discriminator 1 view .LVU38
 155 0048 054B     		ldr	r3, .L14
 156 004a 1870     		strb	r0, [r3]
 157 004c E7E7     		b	.L8
 158              	.L13:
 214:FATFS/Target/sd_diskio.c **** #endif
ARM GAS  C:\Users\40918\AppData\Local\Temp\cc46yiXj.s 			page 8


 159              		.loc 1 214 7 is_stmt 1 view .LVU39
 214:FATFS/Target/sd_diskio.c **** #endif
 160              		.loc 1 214 19 is_stmt 0 view .LVU40
 161 004e 0022     		movs	r2, #0
 162 0050 0221     		movs	r1, #2
 163 0052 0A20     		movs	r0, #10
 164 0054 FFF7FEFF 		bl	osMessageQueueNew
 165              	.LVL7:
 214:FATFS/Target/sd_diskio.c **** #endif
 166              		.loc 1 214 17 discriminator 1 view .LVU41
 167 0058 024B     		ldr	r3, .L14+4
 168 005a 1860     		str	r0, [r3]
 169 005c E7E7     		b	.L9
 170              	.L15:
 171 005e 00BF     		.align	2
 172              	.L14:
 173 0060 00000000 		.word	Stat
 174 0064 00000000 		.word	SDQueueID
 175              		.cfi_endproc
 176              	.LFE248:
 178              		.section	.text.SD_status,"ax",%progbits
 179              		.align	1
 180              		.global	SD_status
 181              		.syntax unified
 182              		.thumb
 183              		.thumb_func
 185              	SD_status:
 186              	.LVL8:
 187              	.LFB249:
 227:FATFS/Target/sd_diskio.c **** 
 228:FATFS/Target/sd_diskio.c **** /**
 229:FATFS/Target/sd_diskio.c ****   * @brief  Gets Disk Status
 230:FATFS/Target/sd_diskio.c ****   * @param  lun : not used
 231:FATFS/Target/sd_diskio.c ****   * @retval DSTATUS: Operation status
 232:FATFS/Target/sd_diskio.c ****   */
 233:FATFS/Target/sd_diskio.c **** DSTATUS SD_status(BYTE lun)
 234:FATFS/Target/sd_diskio.c **** {
 188              		.loc 1 234 1 is_stmt 1 view -0
 189              		.cfi_startproc
 190              		@ args = 0, pretend = 0, frame = 0
 191              		@ frame_needed = 0, uses_anonymous_args = 0
 192              		.loc 1 234 1 is_stmt 0 view .LVU43
 193 0000 08B5     		push	{r3, lr}
 194              	.LCFI2:
 195              		.cfi_def_cfa_offset 8
 196              		.cfi_offset 3, -8
 197              		.cfi_offset 14, -4
 235:FATFS/Target/sd_diskio.c ****   return SD_CheckStatus(lun);
 198              		.loc 1 235 3 is_stmt 1 view .LVU44
 199              		.loc 1 235 10 is_stmt 0 view .LVU45
 200 0002 FFF7FEFF 		bl	SD_CheckStatus
 201              	.LVL9:
 236:FATFS/Target/sd_diskio.c **** }
 202              		.loc 1 236 1 view .LVU46
 203 0006 08BD     		pop	{r3, pc}
 204              		.cfi_endproc
 205              	.LFE249:
ARM GAS  C:\Users\40918\AppData\Local\Temp\cc46yiXj.s 			page 9


 207              		.section	.text.SD_CheckStatusWithTimeout,"ax",%progbits
 208              		.align	1
 209              		.syntax unified
 210              		.thumb
 211              		.thumb_func
 213              	SD_CheckStatusWithTimeout:
 214              	.LVL10:
 215              	.LFB246:
 139:FATFS/Target/sd_diskio.c ****   uint32_t timer;
 216              		.loc 1 139 1 is_stmt 1 view -0
 217              		.cfi_startproc
 218              		@ args = 0, pretend = 0, frame = 0
 219              		@ frame_needed = 0, uses_anonymous_args = 0
 139:FATFS/Target/sd_diskio.c ****   uint32_t timer;
 220              		.loc 1 139 1 is_stmt 0 view .LVU48
 221 0000 38B5     		push	{r3, r4, r5, lr}
 222              	.LCFI3:
 223              		.cfi_def_cfa_offset 16
 224              		.cfi_offset 3, -16
 225              		.cfi_offset 4, -12
 226              		.cfi_offset 5, -8
 227              		.cfi_offset 14, -4
 228 0002 0546     		mov	r5, r0
 140:FATFS/Target/sd_diskio.c ****   /* block until SDIO peripheral is ready again or a timeout occur */
 229              		.loc 1 140 3 is_stmt 1 view .LVU49
 146:FATFS/Target/sd_diskio.c ****   while( osKernelGetTickCount() - timer < timeout)
 230              		.loc 1 146 3 view .LVU50
 146:FATFS/Target/sd_diskio.c ****   while( osKernelGetTickCount() - timer < timeout)
 231              		.loc 1 146 11 is_stmt 0 view .LVU51
 232 0004 FFF7FEFF 		bl	osKernelGetTickCount
 233              	.LVL11:
 146:FATFS/Target/sd_diskio.c ****   while( osKernelGetTickCount() - timer < timeout)
 234              		.loc 1 146 11 view .LVU52
 235 0008 0446     		mov	r4, r0
 236              	.LVL12:
 147:FATFS/Target/sd_diskio.c **** #endif
 237              		.loc 1 147 3 is_stmt 1 view .LVU53
 238              	.L19:
 147:FATFS/Target/sd_diskio.c **** #endif
 239              		.loc 1 147 41 view .LVU54
 147:FATFS/Target/sd_diskio.c **** #endif
 240              		.loc 1 147 10 is_stmt 0 view .LVU55
 241 000a FFF7FEFF 		bl	osKernelGetTickCount
 242              	.LVL13:
 147:FATFS/Target/sd_diskio.c **** #endif
 243              		.loc 1 147 33 discriminator 1 view .LVU56
 244 000e 001B     		subs	r0, r0, r4
 147:FATFS/Target/sd_diskio.c **** #endif
 245              		.loc 1 147 41 discriminator 1 view .LVU57
 246 0010 A842     		cmp	r0, r5
 247 0012 05D2     		bcs	.L24
 150:FATFS/Target/sd_diskio.c ****     {
 248              		.loc 1 150 5 is_stmt 1 view .LVU58
 150:FATFS/Target/sd_diskio.c ****     {
 249              		.loc 1 150 9 is_stmt 0 view .LVU59
 250 0014 FFF7FEFF 		bl	BSP_SD_GetCardState
 251              	.LVL14:
ARM GAS  C:\Users\40918\AppData\Local\Temp\cc46yiXj.s 			page 10


 150:FATFS/Target/sd_diskio.c ****     {
 252              		.loc 1 150 8 discriminator 1 view .LVU60
 253 0018 0028     		cmp	r0, #0
 254 001a F6D1     		bne	.L19
 152:FATFS/Target/sd_diskio.c ****     }
 255              		.loc 1 152 14 view .LVU61
 256 001c 0020     		movs	r0, #0
 257 001e 01E0     		b	.L18
 258              	.L24:
 156:FATFS/Target/sd_diskio.c **** }
 259              		.loc 1 156 10 view .LVU62
 260 0020 4FF0FF30 		mov	r0, #-1
 261              	.L18:
 157:FATFS/Target/sd_diskio.c **** 
 262              		.loc 1 157 1 view .LVU63
 263 0024 38BD     		pop	{r3, r4, r5, pc}
 157:FATFS/Target/sd_diskio.c **** 
 264              		.loc 1 157 1 view .LVU64
 265              		.cfi_endproc
 266              	.LFE246:
 268              		.section	.text.SD_read,"ax",%progbits
 269              		.align	1
 270              		.global	SD_read
 271              		.syntax unified
 272              		.thumb
 273              		.thumb_func
 275              	SD_read:
 276              	.LVL15:
 277              	.LFB250:
 237:FATFS/Target/sd_diskio.c **** 
 238:FATFS/Target/sd_diskio.c **** /* USER CODE BEGIN beforeReadSection */
 239:FATFS/Target/sd_diskio.c **** /* can be used to modify previous code / undefine following code / add new code */
 240:FATFS/Target/sd_diskio.c **** /* USER CODE END beforeReadSection */
 241:FATFS/Target/sd_diskio.c **** /**
 242:FATFS/Target/sd_diskio.c ****   * @brief  Reads Sector(s)
 243:FATFS/Target/sd_diskio.c ****   * @param  lun : not used
 244:FATFS/Target/sd_diskio.c ****   * @param  *buff: Data buffer to store read data
 245:FATFS/Target/sd_diskio.c ****   * @param  sector: Sector address (LBA)
 246:FATFS/Target/sd_diskio.c ****   * @param  count: Number of sectors to read (1..128)
 247:FATFS/Target/sd_diskio.c ****   * @retval DRESULT: Operation result
 248:FATFS/Target/sd_diskio.c ****   */
 249:FATFS/Target/sd_diskio.c **** 
 250:FATFS/Target/sd_diskio.c **** DRESULT SD_read(BYTE lun, BYTE *buff, DWORD sector, UINT count)
 251:FATFS/Target/sd_diskio.c **** {
 278              		.loc 1 251 1 is_stmt 1 view -0
 279              		.cfi_startproc
 280              		@ args = 0, pretend = 0, frame = 8
 281              		@ frame_needed = 0, uses_anonymous_args = 0
 282              		.loc 1 251 1 is_stmt 0 view .LVU66
 283 0000 70B5     		push	{r4, r5, r6, lr}
 284              	.LCFI4:
 285              		.cfi_def_cfa_offset 16
 286              		.cfi_offset 4, -16
 287              		.cfi_offset 5, -12
 288              		.cfi_offset 6, -8
 289              		.cfi_offset 14, -4
 290 0002 82B0     		sub	sp, sp, #8
ARM GAS  C:\Users\40918\AppData\Local\Temp\cc46yiXj.s 			page 11


 291              	.LCFI5:
 292              		.cfi_def_cfa_offset 24
 293 0004 0C46     		mov	r4, r1
 294 0006 1546     		mov	r5, r2
 295 0008 1E46     		mov	r6, r3
 252:FATFS/Target/sd_diskio.c ****   uint8_t ret;
 296              		.loc 1 252 3 is_stmt 1 view .LVU67
 253:FATFS/Target/sd_diskio.c ****   DRESULT res = RES_ERROR;
 297              		.loc 1 253 3 view .LVU68
 298              	.LVL16:
 254:FATFS/Target/sd_diskio.c ****   uint32_t timer;
 299              		.loc 1 254 3 view .LVU69
 255:FATFS/Target/sd_diskio.c **** #if (osCMSIS < 0x20000U)
 256:FATFS/Target/sd_diskio.c ****   osEvent event;
 257:FATFS/Target/sd_diskio.c **** #else
 258:FATFS/Target/sd_diskio.c ****   uint16_t event;
 300              		.loc 1 258 3 view .LVU70
 259:FATFS/Target/sd_diskio.c ****   osStatus_t status;
 301              		.loc 1 259 3 view .LVU71
 260:FATFS/Target/sd_diskio.c **** #endif
 261:FATFS/Target/sd_diskio.c **** #if (ENABLE_SD_DMA_CACHE_MAINTENANCE == 1)
 262:FATFS/Target/sd_diskio.c ****   uint32_t alignedAddr;
 263:FATFS/Target/sd_diskio.c **** #endif
 264:FATFS/Target/sd_diskio.c ****   /*
 265:FATFS/Target/sd_diskio.c ****   * ensure the SDCard is ready for a new operation
 266:FATFS/Target/sd_diskio.c ****   */
 267:FATFS/Target/sd_diskio.c **** 
 268:FATFS/Target/sd_diskio.c ****   if (SD_CheckStatusWithTimeout(SD_TIMEOUT) < 0)
 302              		.loc 1 268 3 view .LVU72
 303              		.loc 1 268 7 is_stmt 0 view .LVU73
 304 000a 3220     		movs	r0, #50
 305              	.LVL17:
 306              		.loc 1 268 7 view .LVU74
 307 000c FFF7FEFF 		bl	SD_CheckStatusWithTimeout
 308              	.LVL18:
 309              		.loc 1 268 6 discriminator 1 view .LVU75
 310 0010 0028     		cmp	r0, #0
 311 0012 25DB     		blt	.L29
 269:FATFS/Target/sd_diskio.c ****   {
 270:FATFS/Target/sd_diskio.c ****     return res;
 271:FATFS/Target/sd_diskio.c ****   }
 272:FATFS/Target/sd_diskio.c **** 
 273:FATFS/Target/sd_diskio.c **** #if defined(ENABLE_SCRATCH_BUFFER)
 274:FATFS/Target/sd_diskio.c ****   if (!((uint32_t)buff & 0x3))
 275:FATFS/Target/sd_diskio.c ****   {
 276:FATFS/Target/sd_diskio.c **** #endif
 277:FATFS/Target/sd_diskio.c ****     /* Fast path cause destination buffer is correctly aligned */
 278:FATFS/Target/sd_diskio.c ****     ret = BSP_SD_ReadBlocks_DMA((uint32_t*)buff, (uint32_t)(sector), count);
 312              		.loc 1 278 5 is_stmt 1 view .LVU76
 313              		.loc 1 278 11 is_stmt 0 view .LVU77
 314 0014 3246     		mov	r2, r6
 315 0016 2946     		mov	r1, r5
 316 0018 2046     		mov	r0, r4
 317 001a FFF7FEFF 		bl	BSP_SD_ReadBlocks_DMA
 318              	.LVL19:
 279:FATFS/Target/sd_diskio.c **** 
 280:FATFS/Target/sd_diskio.c ****     if (ret == MSD_OK) {
ARM GAS  C:\Users\40918\AppData\Local\Temp\cc46yiXj.s 			page 12


 319              		.loc 1 280 5 is_stmt 1 view .LVU78
 320              		.loc 1 280 8 is_stmt 0 view .LVU79
 321 001e 08B1     		cbz	r0, .L34
 253:FATFS/Target/sd_diskio.c ****   uint32_t timer;
 322              		.loc 1 253 11 view .LVU80
 323 0020 0120     		movs	r0, #1
 324              	.LVL20:
 253:FATFS/Target/sd_diskio.c ****   uint32_t timer;
 325              		.loc 1 253 11 view .LVU81
 326 0022 1EE0     		b	.L26
 327              	.LVL21:
 328              	.L34:
 281:FATFS/Target/sd_diskio.c **** #if (osCMSIS < 0x20000U)
 282:FATFS/Target/sd_diskio.c ****     /* wait for a message from the queue or a timeout */
 283:FATFS/Target/sd_diskio.c ****     event = osMessageGet(SDQueueID, SD_TIMEOUT);
 284:FATFS/Target/sd_diskio.c **** 
 285:FATFS/Target/sd_diskio.c ****     if (event.status == osEventMessage)
 286:FATFS/Target/sd_diskio.c ****     {
 287:FATFS/Target/sd_diskio.c ****       if (event.value.v == READ_CPLT_MSG)
 288:FATFS/Target/sd_diskio.c ****       {
 289:FATFS/Target/sd_diskio.c ****         timer = osKernelSysTick();
 290:FATFS/Target/sd_diskio.c ****         /* block until SDIO IP is ready or a timeout occur */
 291:FATFS/Target/sd_diskio.c ****         while(osKernelSysTick() - timer <SD_TIMEOUT)
 292:FATFS/Target/sd_diskio.c **** #else
 293:FATFS/Target/sd_diskio.c ****           status = osMessageQueueGet(SDQueueID, (void *)&event, NULL, SD_TIMEOUT);
 329              		.loc 1 293 11 is_stmt 1 view .LVU82
 330              		.loc 1 293 20 is_stmt 0 view .LVU83
 331 0024 3223     		movs	r3, #50
 332 0026 0022     		movs	r2, #0
 333 0028 0DF10601 		add	r1, sp, #6
 334 002c 0F48     		ldr	r0, .L37
 335              	.LVL22:
 336              		.loc 1 293 20 view .LVU84
 337 002e 0068     		ldr	r0, [r0]
 338 0030 FFF7FEFF 		bl	osMessageQueueGet
 339              	.LVL23:
 294:FATFS/Target/sd_diskio.c ****           if ((status == osOK) && (event == READ_CPLT_MSG))
 340              		.loc 1 294 11 is_stmt 1 view .LVU85
 341              		.loc 1 294 14 is_stmt 0 view .LVU86
 342 0034 B8B9     		cbnz	r0, .L31
 343              		.loc 1 294 42 discriminator 1 view .LVU87
 344 0036 BDF80630 		ldrh	r3, [sp, #6]
 345              		.loc 1 294 32 discriminator 1 view .LVU88
 346 003a 012B     		cmp	r3, #1
 347 003c 01D0     		beq	.L35
 253:FATFS/Target/sd_diskio.c ****   uint32_t timer;
 348              		.loc 1 253 11 view .LVU89
 349 003e 0120     		movs	r0, #1
 350              	.LVL24:
 253:FATFS/Target/sd_diskio.c ****   uint32_t timer;
 351              		.loc 1 253 11 view .LVU90
 352 0040 0FE0     		b	.L26
 353              	.LVL25:
 354              	.L35:
 295:FATFS/Target/sd_diskio.c ****           {
 296:FATFS/Target/sd_diskio.c ****             timer = osKernelGetTickCount();
 355              		.loc 1 296 13 is_stmt 1 view .LVU91
ARM GAS  C:\Users\40918\AppData\Local\Temp\cc46yiXj.s 			page 13


 356              		.loc 1 296 21 is_stmt 0 view .LVU92
 357 0042 FFF7FEFF 		bl	osKernelGetTickCount
 358              	.LVL26:
 359              		.loc 1 296 21 view .LVU93
 360 0046 0446     		mov	r4, r0
 361              	.LVL27:
 297:FATFS/Target/sd_diskio.c ****             /* block until SDIO IP is ready or a timeout occur */
 298:FATFS/Target/sd_diskio.c ****             while(osKernelGetTickCount() - timer <SD_TIMEOUT)
 362              		.loc 1 298 13 is_stmt 1 view .LVU94
 363              	.L27:
 364              		.loc 1 298 50 view .LVU95
 365              		.loc 1 298 19 is_stmt 0 view .LVU96
 366 0048 FFF7FEFF 		bl	osKernelGetTickCount
 367              	.LVL28:
 368              		.loc 1 298 42 discriminator 1 view .LVU97
 369 004c 001B     		subs	r0, r0, r4
 370              		.loc 1 298 50 discriminator 1 view .LVU98
 371 004e 3128     		cmp	r0, #49
 372 0050 04D8     		bhi	.L36
 299:FATFS/Target/sd_diskio.c **** #endif
 300:FATFS/Target/sd_diskio.c ****             {
 301:FATFS/Target/sd_diskio.c ****               if (BSP_SD_GetCardState() == SD_TRANSFER_OK)
 373              		.loc 1 301 15 is_stmt 1 view .LVU99
 374              		.loc 1 301 19 is_stmt 0 view .LVU100
 375 0052 FFF7FEFF 		bl	BSP_SD_GetCardState
 376              	.LVL29:
 377              		.loc 1 301 18 discriminator 1 view .LVU101
 378 0056 0028     		cmp	r0, #0
 379 0058 F6D1     		bne	.L27
 380 005a 02E0     		b	.L26
 381              	.L36:
 253:FATFS/Target/sd_diskio.c ****   uint32_t timer;
 382              		.loc 1 253 11 view .LVU102
 383 005c 0120     		movs	r0, #1
 384 005e 00E0     		b	.L26
 385              	.LVL30:
 386              	.L29:
 270:FATFS/Target/sd_diskio.c ****   }
 387              		.loc 1 270 12 view .LVU103
 388 0060 0120     		movs	r0, #1
 389              	.LVL31:
 390              	.L26:
 302:FATFS/Target/sd_diskio.c ****               {
 303:FATFS/Target/sd_diskio.c ****                 res = RES_OK;
 304:FATFS/Target/sd_diskio.c **** #if (ENABLE_SD_DMA_CACHE_MAINTENANCE == 1)
 305:FATFS/Target/sd_diskio.c ****                 /*
 306:FATFS/Target/sd_diskio.c ****                 the SCB_InvalidateDCache_by_Addr() requires a 32-Byte aligned address,
 307:FATFS/Target/sd_diskio.c ****                 adjust the address and the D-Cache size to invalidate accordingly.
 308:FATFS/Target/sd_diskio.c ****                 */
 309:FATFS/Target/sd_diskio.c ****                 alignedAddr = (uint32_t)buff & ~0x1F;
 310:FATFS/Target/sd_diskio.c ****                 SCB_InvalidateDCache_by_Addr((uint32_t*)alignedAddr, count*BLOCKSIZE + ((uint32_t)b
 311:FATFS/Target/sd_diskio.c **** #endif
 312:FATFS/Target/sd_diskio.c ****                 break;
 313:FATFS/Target/sd_diskio.c ****               }
 314:FATFS/Target/sd_diskio.c ****             }
 315:FATFS/Target/sd_diskio.c **** #if (osCMSIS < 0x20000U)
 316:FATFS/Target/sd_diskio.c ****           }
ARM GAS  C:\Users\40918\AppData\Local\Temp\cc46yiXj.s 			page 14


 317:FATFS/Target/sd_diskio.c ****         }
 318:FATFS/Target/sd_diskio.c **** #else
 319:FATFS/Target/sd_diskio.c ****       }
 320:FATFS/Target/sd_diskio.c **** #endif
 321:FATFS/Target/sd_diskio.c ****     }
 322:FATFS/Target/sd_diskio.c **** 
 323:FATFS/Target/sd_diskio.c **** #if defined(ENABLE_SCRATCH_BUFFER)
 324:FATFS/Target/sd_diskio.c ****     }
 325:FATFS/Target/sd_diskio.c ****     else
 326:FATFS/Target/sd_diskio.c ****     {
 327:FATFS/Target/sd_diskio.c ****       /* Slow path, fetch each sector a part and memcpy to destination buffer */
 328:FATFS/Target/sd_diskio.c ****       int i;
 329:FATFS/Target/sd_diskio.c **** 
 330:FATFS/Target/sd_diskio.c ****       for (i = 0; i < count; i++)
 331:FATFS/Target/sd_diskio.c ****       {
 332:FATFS/Target/sd_diskio.c ****         ret = BSP_SD_ReadBlocks_DMA((uint32_t*)scratch, (uint32_t)sector++, 1);
 333:FATFS/Target/sd_diskio.c ****         if (ret == MSD_OK )
 334:FATFS/Target/sd_diskio.c ****         {
 335:FATFS/Target/sd_diskio.c ****           /* wait until the read is successful or a timeout occurs */
 336:FATFS/Target/sd_diskio.c **** #if (osCMSIS < 0x20000U)
 337:FATFS/Target/sd_diskio.c ****           /* wait for a message from the queue or a timeout */
 338:FATFS/Target/sd_diskio.c ****           event = osMessageGet(SDQueueID, SD_TIMEOUT);
 339:FATFS/Target/sd_diskio.c **** 
 340:FATFS/Target/sd_diskio.c ****           if (event.status == osEventMessage)
 341:FATFS/Target/sd_diskio.c ****           {
 342:FATFS/Target/sd_diskio.c ****             if (event.value.v == WRITE_CPLT_MSG)
 343:FATFS/Target/sd_diskio.c ****             {
 344:FATFS/Target/sd_diskio.c ****               timer = osKernelSysTick();
 345:FATFS/Target/sd_diskio.c ****               /* block until SDIO IP is ready or a timeout occur */
 346:FATFS/Target/sd_diskio.c ****               while(osKernelSysTick() - timer <SD_TIMEOUT)
 347:FATFS/Target/sd_diskio.c **** #else
 348:FATFS/Target/sd_diskio.c ****                 status = osMessageQueueGet(SDQueueID, (void *)&event, NULL, SD_TIMEOUT);
 349:FATFS/Target/sd_diskio.c ****               if ((status == osOK) && (event == WRITE_CPLT_MSG))
 350:FATFS/Target/sd_diskio.c ****               {
 351:FATFS/Target/sd_diskio.c ****                 timer = osKernelGetTickCount();
 352:FATFS/Target/sd_diskio.c ****                 /* block until SDIO IP is ready or a timeout occur */
 353:FATFS/Target/sd_diskio.c ****                 ret = MSD_ERROR;
 354:FATFS/Target/sd_diskio.c ****                 while(osKernelGetTickCount() - timer < SD_TIMEOUT)
 355:FATFS/Target/sd_diskio.c **** #endif
 356:FATFS/Target/sd_diskio.c ****                 {
 357:FATFS/Target/sd_diskio.c ****                   ret = BSP_SD_GetCardState();
 358:FATFS/Target/sd_diskio.c **** 
 359:FATFS/Target/sd_diskio.c ****                   if (ret == MSD_OK)
 360:FATFS/Target/sd_diskio.c ****                   {
 361:FATFS/Target/sd_diskio.c ****                     break;
 362:FATFS/Target/sd_diskio.c ****                   }
 363:FATFS/Target/sd_diskio.c ****                 }
 364:FATFS/Target/sd_diskio.c **** 
 365:FATFS/Target/sd_diskio.c ****                 if (ret != MSD_OK)
 366:FATFS/Target/sd_diskio.c ****                 {
 367:FATFS/Target/sd_diskio.c ****                   break;
 368:FATFS/Target/sd_diskio.c ****                 }
 369:FATFS/Target/sd_diskio.c **** #if (osCMSIS < 0x20000U)
 370:FATFS/Target/sd_diskio.c ****               }
 371:FATFS/Target/sd_diskio.c ****             }
 372:FATFS/Target/sd_diskio.c **** #else
 373:FATFS/Target/sd_diskio.c ****           }
ARM GAS  C:\Users\40918\AppData\Local\Temp\cc46yiXj.s 			page 15


 374:FATFS/Target/sd_diskio.c **** #endif
 375:FATFS/Target/sd_diskio.c **** #if (ENABLE_SD_DMA_CACHE_MAINTENANCE == 1)
 376:FATFS/Target/sd_diskio.c ****           /*
 377:FATFS/Target/sd_diskio.c ****           *
 378:FATFS/Target/sd_diskio.c ****           * invalidate the scratch buffer before the next read to get the actual data instead of th
 379:FATFS/Target/sd_diskio.c ****           */
 380:FATFS/Target/sd_diskio.c ****           SCB_InvalidateDCache_by_Addr((uint32_t*)scratch, BLOCKSIZE);
 381:FATFS/Target/sd_diskio.c **** #endif
 382:FATFS/Target/sd_diskio.c ****           memcpy(buff, scratch, BLOCKSIZE);
 383:FATFS/Target/sd_diskio.c ****           buff += BLOCKSIZE;
 384:FATFS/Target/sd_diskio.c ****         }
 385:FATFS/Target/sd_diskio.c ****         else
 386:FATFS/Target/sd_diskio.c ****         {
 387:FATFS/Target/sd_diskio.c ****           break;
 388:FATFS/Target/sd_diskio.c ****         }
 389:FATFS/Target/sd_diskio.c ****       }
 390:FATFS/Target/sd_diskio.c **** 
 391:FATFS/Target/sd_diskio.c ****       if ((i == count) && (ret == MSD_OK ))
 392:FATFS/Target/sd_diskio.c ****         res = RES_OK;
 393:FATFS/Target/sd_diskio.c ****     }
 394:FATFS/Target/sd_diskio.c **** #endif
 395:FATFS/Target/sd_diskio.c ****   return res;
 396:FATFS/Target/sd_diskio.c **** }
 391              		.loc 1 396 1 view .LVU104
 392 0062 02B0     		add	sp, sp, #8
 393              	.LCFI6:
 394              		.cfi_remember_state
 395              		.cfi_def_cfa_offset 16
 396              		@ sp needed
 397 0064 70BD     		pop	{r4, r5, r6, pc}
 398              	.LVL32:
 399              	.L31:
 400              	.LCFI7:
 401              		.cfi_restore_state
 253:FATFS/Target/sd_diskio.c ****   uint32_t timer;
 402              		.loc 1 253 11 view .LVU105
 403 0066 0120     		movs	r0, #1
 404              	.LVL33:
 253:FATFS/Target/sd_diskio.c ****   uint32_t timer;
 405              		.loc 1 253 11 view .LVU106
 406 0068 FBE7     		b	.L26
 407              	.L38:
 408 006a 00BF     		.align	2
 409              	.L37:
 410 006c 00000000 		.word	SDQueueID
 411              		.cfi_endproc
 412              	.LFE250:
 414              		.section	.text.SD_write,"ax",%progbits
 415              		.align	1
 416              		.global	SD_write
 417              		.syntax unified
 418              		.thumb
 419              		.thumb_func
 421              	SD_write:
 422              	.LVL34:
 423              	.LFB251:
 397:FATFS/Target/sd_diskio.c **** 
ARM GAS  C:\Users\40918\AppData\Local\Temp\cc46yiXj.s 			page 16


 398:FATFS/Target/sd_diskio.c **** /* USER CODE BEGIN beforeWriteSection */
 399:FATFS/Target/sd_diskio.c **** /* can be used to modify previous code / undefine following code / add new code */
 400:FATFS/Target/sd_diskio.c **** /* USER CODE END beforeWriteSection */
 401:FATFS/Target/sd_diskio.c **** /**
 402:FATFS/Target/sd_diskio.c ****   * @brief  Writes Sector(s)
 403:FATFS/Target/sd_diskio.c ****   * @param  lun : not used
 404:FATFS/Target/sd_diskio.c ****   * @param  *buff: Data to be written
 405:FATFS/Target/sd_diskio.c ****   * @param  sector: Sector address (LBA)
 406:FATFS/Target/sd_diskio.c ****   * @param  count: Number of sectors to write (1..128)
 407:FATFS/Target/sd_diskio.c ****   * @retval DRESULT: Operation result
 408:FATFS/Target/sd_diskio.c ****   */
 409:FATFS/Target/sd_diskio.c **** #if _USE_WRITE == 1
 410:FATFS/Target/sd_diskio.c **** 
 411:FATFS/Target/sd_diskio.c **** DRESULT SD_write(BYTE lun, const BYTE *buff, DWORD sector, UINT count)
 412:FATFS/Target/sd_diskio.c **** {
 424              		.loc 1 412 1 is_stmt 1 view -0
 425              		.cfi_startproc
 426              		@ args = 0, pretend = 0, frame = 8
 427              		@ frame_needed = 0, uses_anonymous_args = 0
 428              		.loc 1 412 1 is_stmt 0 view .LVU108
 429 0000 70B5     		push	{r4, r5, r6, lr}
 430              	.LCFI8:
 431              		.cfi_def_cfa_offset 16
 432              		.cfi_offset 4, -16
 433              		.cfi_offset 5, -12
 434              		.cfi_offset 6, -8
 435              		.cfi_offset 14, -4
 436 0002 82B0     		sub	sp, sp, #8
 437              	.LCFI9:
 438              		.cfi_def_cfa_offset 24
 439 0004 0C46     		mov	r4, r1
 440 0006 1546     		mov	r5, r2
 441 0008 1E46     		mov	r6, r3
 413:FATFS/Target/sd_diskio.c ****   DRESULT res = RES_ERROR;
 442              		.loc 1 413 3 is_stmt 1 view .LVU109
 443              	.LVL35:
 414:FATFS/Target/sd_diskio.c ****   uint32_t timer;
 444              		.loc 1 414 3 view .LVU110
 415:FATFS/Target/sd_diskio.c **** 
 416:FATFS/Target/sd_diskio.c **** #if (osCMSIS < 0x20000U)
 417:FATFS/Target/sd_diskio.c ****   osEvent event;
 418:FATFS/Target/sd_diskio.c **** #else
 419:FATFS/Target/sd_diskio.c ****   uint16_t event;
 445              		.loc 1 419 3 view .LVU111
 420:FATFS/Target/sd_diskio.c ****   osStatus_t status;
 446              		.loc 1 420 3 view .LVU112
 421:FATFS/Target/sd_diskio.c **** #endif
 422:FATFS/Target/sd_diskio.c **** 
 423:FATFS/Target/sd_diskio.c **** #if defined(ENABLE_SCRATCH_BUFFER)
 424:FATFS/Target/sd_diskio.c ****   int32_t ret;
 425:FATFS/Target/sd_diskio.c **** #endif
 426:FATFS/Target/sd_diskio.c **** 
 427:FATFS/Target/sd_diskio.c ****   /*
 428:FATFS/Target/sd_diskio.c ****   * ensure the SDCard is ready for a new operation
 429:FATFS/Target/sd_diskio.c ****   */
 430:FATFS/Target/sd_diskio.c **** 
 431:FATFS/Target/sd_diskio.c ****   if (SD_CheckStatusWithTimeout(SD_TIMEOUT) < 0)
ARM GAS  C:\Users\40918\AppData\Local\Temp\cc46yiXj.s 			page 17


 447              		.loc 1 431 3 view .LVU113
 448              		.loc 1 431 7 is_stmt 0 view .LVU114
 449 000a 3220     		movs	r0, #50
 450              	.LVL36:
 451              		.loc 1 431 7 view .LVU115
 452 000c FFF7FEFF 		bl	SD_CheckStatusWithTimeout
 453              	.LVL37:
 454              		.loc 1 431 6 discriminator 1 view .LVU116
 455 0010 0028     		cmp	r0, #0
 456 0012 25DB     		blt	.L43
 432:FATFS/Target/sd_diskio.c ****   {
 433:FATFS/Target/sd_diskio.c ****     return res;
 434:FATFS/Target/sd_diskio.c ****   }
 435:FATFS/Target/sd_diskio.c **** 
 436:FATFS/Target/sd_diskio.c **** #if defined(ENABLE_SCRATCH_BUFFER)
 437:FATFS/Target/sd_diskio.c ****   if (!((uint32_t)buff & 0x3))
 438:FATFS/Target/sd_diskio.c ****   {
 439:FATFS/Target/sd_diskio.c **** #endif
 440:FATFS/Target/sd_diskio.c **** #if (ENABLE_SD_DMA_CACHE_MAINTENANCE == 1)
 441:FATFS/Target/sd_diskio.c ****   uint32_t alignedAddr;
 442:FATFS/Target/sd_diskio.c ****   /*
 443:FATFS/Target/sd_diskio.c ****     the SCB_CleanDCache_by_Addr() requires a 32-Byte aligned address
 444:FATFS/Target/sd_diskio.c ****     adjust the address and the D-Cache size to clean accordingly.
 445:FATFS/Target/sd_diskio.c ****   */
 446:FATFS/Target/sd_diskio.c ****   alignedAddr = (uint32_t)buff & ~0x1F;
 447:FATFS/Target/sd_diskio.c ****   SCB_CleanDCache_by_Addr((uint32_t*)alignedAddr, count*BLOCKSIZE + ((uint32_t)buff - alignedAddr))
 448:FATFS/Target/sd_diskio.c **** #endif
 449:FATFS/Target/sd_diskio.c **** 
 450:FATFS/Target/sd_diskio.c ****   if(BSP_SD_WriteBlocks_DMA((uint32_t*)buff,
 457              		.loc 1 450 3 is_stmt 1 view .LVU117
 458              		.loc 1 450 6 is_stmt 0 view .LVU118
 459 0014 3246     		mov	r2, r6
 460 0016 2946     		mov	r1, r5
 461 0018 2046     		mov	r0, r4
 462 001a FFF7FEFF 		bl	BSP_SD_WriteBlocks_DMA
 463              	.LVL38:
 464              		.loc 1 450 5 discriminator 1 view .LVU119
 465 001e 08B1     		cbz	r0, .L48
 413:FATFS/Target/sd_diskio.c ****   uint32_t timer;
 466              		.loc 1 413 11 view .LVU120
 467 0020 0120     		movs	r0, #1
 468 0022 1EE0     		b	.L40
 469              	.L48:
 451:FATFS/Target/sd_diskio.c ****                            (uint32_t) (sector),
 452:FATFS/Target/sd_diskio.c ****                            count) == MSD_OK)
 453:FATFS/Target/sd_diskio.c ****   {
 454:FATFS/Target/sd_diskio.c **** #if (osCMSIS < 0x20000U)
 455:FATFS/Target/sd_diskio.c ****     /* Get the message from the queue */
 456:FATFS/Target/sd_diskio.c ****     event = osMessageGet(SDQueueID, SD_TIMEOUT);
 457:FATFS/Target/sd_diskio.c **** 
 458:FATFS/Target/sd_diskio.c ****     if (event.status == osEventMessage)
 459:FATFS/Target/sd_diskio.c ****     {
 460:FATFS/Target/sd_diskio.c ****       if (event.value.v == WRITE_CPLT_MSG)
 461:FATFS/Target/sd_diskio.c ****       {
 462:FATFS/Target/sd_diskio.c **** #else
 463:FATFS/Target/sd_diskio.c ****     status = osMessageQueueGet(SDQueueID, (void *)&event, NULL, SD_TIMEOUT);
 470              		.loc 1 463 5 is_stmt 1 view .LVU121
ARM GAS  C:\Users\40918\AppData\Local\Temp\cc46yiXj.s 			page 18


 471              		.loc 1 463 14 is_stmt 0 view .LVU122
 472 0024 3223     		movs	r3, #50
 473 0026 0022     		movs	r2, #0
 474 0028 0DF10601 		add	r1, sp, #6
 475 002c 0F48     		ldr	r0, .L51
 476 002e 0068     		ldr	r0, [r0]
 477 0030 FFF7FEFF 		bl	osMessageQueueGet
 478              	.LVL39:
 464:FATFS/Target/sd_diskio.c ****     if ((status == osOK) && (event == WRITE_CPLT_MSG))
 479              		.loc 1 464 5 is_stmt 1 view .LVU123
 480              		.loc 1 464 8 is_stmt 0 view .LVU124
 481 0034 B8B9     		cbnz	r0, .L45
 482              		.loc 1 464 36 discriminator 1 view .LVU125
 483 0036 BDF80630 		ldrh	r3, [sp, #6]
 484              		.loc 1 464 26 discriminator 1 view .LVU126
 485 003a 022B     		cmp	r3, #2
 486 003c 01D0     		beq	.L49
 413:FATFS/Target/sd_diskio.c ****   uint32_t timer;
 487              		.loc 1 413 11 view .LVU127
 488 003e 0120     		movs	r0, #1
 489              	.LVL40:
 413:FATFS/Target/sd_diskio.c ****   uint32_t timer;
 490              		.loc 1 413 11 view .LVU128
 491 0040 0FE0     		b	.L40
 492              	.LVL41:
 493              	.L49:
 465:FATFS/Target/sd_diskio.c ****     {
 466:FATFS/Target/sd_diskio.c **** #endif
 467:FATFS/Target/sd_diskio.c ****  #if (osCMSIS < 0x20000U)
 468:FATFS/Target/sd_diskio.c ****         timer = osKernelSysTick();
 469:FATFS/Target/sd_diskio.c ****         /* block until SDIO IP is ready or a timeout occur */
 470:FATFS/Target/sd_diskio.c ****         while(osKernelSysTick() - timer  < SD_TIMEOUT)
 471:FATFS/Target/sd_diskio.c **** #else
 472:FATFS/Target/sd_diskio.c ****         timer = osKernelGetTickCount();
 494              		.loc 1 472 9 is_stmt 1 view .LVU129
 495              		.loc 1 472 17 is_stmt 0 view .LVU130
 496 0042 FFF7FEFF 		bl	osKernelGetTickCount
 497              	.LVL42:
 498              		.loc 1 472 17 view .LVU131
 499 0046 0446     		mov	r4, r0
 500              	.LVL43:
 473:FATFS/Target/sd_diskio.c ****         /* block until SDIO IP is ready or a timeout occur */
 474:FATFS/Target/sd_diskio.c ****         while(osKernelGetTickCount() - timer  < SD_TIMEOUT)
 501              		.loc 1 474 9 is_stmt 1 view .LVU132
 502              	.L41:
 503              		.loc 1 474 47 view .LVU133
 504              		.loc 1 474 15 is_stmt 0 view .LVU134
 505 0048 FFF7FEFF 		bl	osKernelGetTickCount
 506              	.LVL44:
 507              		.loc 1 474 38 discriminator 1 view .LVU135
 508 004c 001B     		subs	r0, r0, r4
 509              		.loc 1 474 47 discriminator 1 view .LVU136
 510 004e 3128     		cmp	r0, #49
 511 0050 04D8     		bhi	.L50
 475:FATFS/Target/sd_diskio.c **** #endif
 476:FATFS/Target/sd_diskio.c ****         {
 477:FATFS/Target/sd_diskio.c ****           if (BSP_SD_GetCardState() == SD_TRANSFER_OK)
ARM GAS  C:\Users\40918\AppData\Local\Temp\cc46yiXj.s 			page 19


 512              		.loc 1 477 11 is_stmt 1 view .LVU137
 513              		.loc 1 477 15 is_stmt 0 view .LVU138
 514 0052 FFF7FEFF 		bl	BSP_SD_GetCardState
 515              	.LVL45:
 516              		.loc 1 477 14 discriminator 1 view .LVU139
 517 0056 0028     		cmp	r0, #0
 518 0058 F6D1     		bne	.L41
 519 005a 02E0     		b	.L40
 520              	.L50:
 413:FATFS/Target/sd_diskio.c ****   uint32_t timer;
 521              		.loc 1 413 11 view .LVU140
 522 005c 0120     		movs	r0, #1
 523 005e 00E0     		b	.L40
 524              	.LVL46:
 525              	.L43:
 433:FATFS/Target/sd_diskio.c ****   }
 526              		.loc 1 433 12 view .LVU141
 527 0060 0120     		movs	r0, #1
 528              	.LVL47:
 529              	.L40:
 478:FATFS/Target/sd_diskio.c ****           {
 479:FATFS/Target/sd_diskio.c ****             res = RES_OK;
 480:FATFS/Target/sd_diskio.c ****             break;
 481:FATFS/Target/sd_diskio.c ****           }
 482:FATFS/Target/sd_diskio.c ****         }
 483:FATFS/Target/sd_diskio.c **** #if (osCMSIS < 0x20000U)
 484:FATFS/Target/sd_diskio.c ****       }
 485:FATFS/Target/sd_diskio.c ****     }
 486:FATFS/Target/sd_diskio.c **** #else
 487:FATFS/Target/sd_diskio.c ****     }
 488:FATFS/Target/sd_diskio.c **** #endif
 489:FATFS/Target/sd_diskio.c ****   }
 490:FATFS/Target/sd_diskio.c **** #if defined(ENABLE_SCRATCH_BUFFER)
 491:FATFS/Target/sd_diskio.c ****   }
 492:FATFS/Target/sd_diskio.c ****   else {
 493:FATFS/Target/sd_diskio.c ****     /* Slow path, fetch each sector a part and memcpy to destination buffer */
 494:FATFS/Target/sd_diskio.c ****     int i;
 495:FATFS/Target/sd_diskio.c **** 
 496:FATFS/Target/sd_diskio.c **** #if (ENABLE_SD_DMA_CACHE_MAINTENANCE == 1)
 497:FATFS/Target/sd_diskio.c ****     /*
 498:FATFS/Target/sd_diskio.c ****      * invalidate the scratch buffer before the next write to get the actual data instead of the ca
 499:FATFS/Target/sd_diskio.c ****      */
 500:FATFS/Target/sd_diskio.c ****      SCB_InvalidateDCache_by_Addr((uint32_t*)scratch, BLOCKSIZE);
 501:FATFS/Target/sd_diskio.c **** #endif
 502:FATFS/Target/sd_diskio.c ****       for (i = 0; i < count; i++)
 503:FATFS/Target/sd_diskio.c ****       {
 504:FATFS/Target/sd_diskio.c ****         memcpy((void *)scratch, buff, BLOCKSIZE);
 505:FATFS/Target/sd_diskio.c ****         buff += BLOCKSIZE;
 506:FATFS/Target/sd_diskio.c **** 
 507:FATFS/Target/sd_diskio.c ****         ret = BSP_SD_WriteBlocks_DMA((uint32_t*)scratch, (uint32_t)sector++, 1);
 508:FATFS/Target/sd_diskio.c ****         if (ret == MSD_OK )
 509:FATFS/Target/sd_diskio.c ****         {
 510:FATFS/Target/sd_diskio.c ****           /* wait until the read is successful or a timeout occurs */
 511:FATFS/Target/sd_diskio.c **** #if (osCMSIS < 0x20000U)
 512:FATFS/Target/sd_diskio.c ****           /* wait for a message from the queue or a timeout */
 513:FATFS/Target/sd_diskio.c ****           event = osMessageGet(SDQueueID, SD_TIMEOUT);
 514:FATFS/Target/sd_diskio.c **** 
ARM GAS  C:\Users\40918\AppData\Local\Temp\cc46yiXj.s 			page 20


 515:FATFS/Target/sd_diskio.c ****           if (event.status == osEventMessage)
 516:FATFS/Target/sd_diskio.c ****           {
 517:FATFS/Target/sd_diskio.c ****             if (event.value.v == READ_CPLT_MSG)
 518:FATFS/Target/sd_diskio.c ****             {
 519:FATFS/Target/sd_diskio.c ****               timer = osKernelSysTick();
 520:FATFS/Target/sd_diskio.c ****               /* block until SDIO IP is ready or a timeout occur */
 521:FATFS/Target/sd_diskio.c ****               while(osKernelSysTick() - timer <SD_TIMEOUT)
 522:FATFS/Target/sd_diskio.c **** #else
 523:FATFS/Target/sd_diskio.c ****                 status = osMessageQueueGet(SDQueueID, (void *)&event, NULL, SD_TIMEOUT);
 524:FATFS/Target/sd_diskio.c ****               if ((status == osOK) && (event == READ_CPLT_MSG))
 525:FATFS/Target/sd_diskio.c ****               {
 526:FATFS/Target/sd_diskio.c ****                 timer = osKernelGetTickCount();
 527:FATFS/Target/sd_diskio.c ****                 /* block until SDIO IP is ready or a timeout occur */
 528:FATFS/Target/sd_diskio.c ****                 ret = MSD_ERROR;
 529:FATFS/Target/sd_diskio.c ****                 while(osKernelGetTickCount() - timer < SD_TIMEOUT)
 530:FATFS/Target/sd_diskio.c **** #endif
 531:FATFS/Target/sd_diskio.c ****                 {
 532:FATFS/Target/sd_diskio.c ****                   ret = BSP_SD_GetCardState();
 533:FATFS/Target/sd_diskio.c **** 
 534:FATFS/Target/sd_diskio.c ****                   if (ret == MSD_OK)
 535:FATFS/Target/sd_diskio.c ****                   {
 536:FATFS/Target/sd_diskio.c ****                     break;
 537:FATFS/Target/sd_diskio.c ****                   }
 538:FATFS/Target/sd_diskio.c ****                 }
 539:FATFS/Target/sd_diskio.c **** 
 540:FATFS/Target/sd_diskio.c ****                 if (ret != MSD_OK)
 541:FATFS/Target/sd_diskio.c ****                 {
 542:FATFS/Target/sd_diskio.c ****                   break;
 543:FATFS/Target/sd_diskio.c ****                 }
 544:FATFS/Target/sd_diskio.c **** #if (osCMSIS < 0x20000U)
 545:FATFS/Target/sd_diskio.c ****               }
 546:FATFS/Target/sd_diskio.c ****             }
 547:FATFS/Target/sd_diskio.c **** #else
 548:FATFS/Target/sd_diskio.c ****           }
 549:FATFS/Target/sd_diskio.c **** #endif
 550:FATFS/Target/sd_diskio.c ****         }
 551:FATFS/Target/sd_diskio.c ****         else
 552:FATFS/Target/sd_diskio.c ****         {
 553:FATFS/Target/sd_diskio.c ****           break;
 554:FATFS/Target/sd_diskio.c ****         }
 555:FATFS/Target/sd_diskio.c ****       }
 556:FATFS/Target/sd_diskio.c **** 
 557:FATFS/Target/sd_diskio.c ****       if ((i == count) && (ret == MSD_OK ))
 558:FATFS/Target/sd_diskio.c ****         res = RES_OK;
 559:FATFS/Target/sd_diskio.c ****     }
 560:FATFS/Target/sd_diskio.c **** 
 561:FATFS/Target/sd_diskio.c **** #endif
 562:FATFS/Target/sd_diskio.c **** 
 563:FATFS/Target/sd_diskio.c ****   return res;
 564:FATFS/Target/sd_diskio.c **** }
 530              		.loc 1 564 1 view .LVU142
 531 0062 02B0     		add	sp, sp, #8
 532              	.LCFI10:
 533              		.cfi_remember_state
 534              		.cfi_def_cfa_offset 16
 535              		@ sp needed
 536 0064 70BD     		pop	{r4, r5, r6, pc}
ARM GAS  C:\Users\40918\AppData\Local\Temp\cc46yiXj.s 			page 21


 537              	.LVL48:
 538              	.L45:
 539              	.LCFI11:
 540              		.cfi_restore_state
 413:FATFS/Target/sd_diskio.c ****   uint32_t timer;
 541              		.loc 1 413 11 view .LVU143
 542 0066 0120     		movs	r0, #1
 543              	.LVL49:
 413:FATFS/Target/sd_diskio.c ****   uint32_t timer;
 544              		.loc 1 413 11 view .LVU144
 545 0068 FBE7     		b	.L40
 546              	.L52:
 547 006a 00BF     		.align	2
 548              	.L51:
 549 006c 00000000 		.word	SDQueueID
 550              		.cfi_endproc
 551              	.LFE251:
 553              		.section	.text.SD_ioctl,"ax",%progbits
 554              		.align	1
 555              		.global	SD_ioctl
 556              		.syntax unified
 557              		.thumb
 558              		.thumb_func
 560              	SD_ioctl:
 561              	.LVL50:
 562              	.LFB252:
 565:FATFS/Target/sd_diskio.c ****  #endif /* _USE_WRITE == 1 */
 566:FATFS/Target/sd_diskio.c **** 
 567:FATFS/Target/sd_diskio.c **** /* USER CODE BEGIN beforeIoctlSection */
 568:FATFS/Target/sd_diskio.c **** /* can be used to modify previous code / undefine following code / add new code */
 569:FATFS/Target/sd_diskio.c **** /* USER CODE END beforeIoctlSection */
 570:FATFS/Target/sd_diskio.c **** /**
 571:FATFS/Target/sd_diskio.c ****   * @brief  I/O control operation
 572:FATFS/Target/sd_diskio.c ****   * @param  lun : not used
 573:FATFS/Target/sd_diskio.c ****   * @param  cmd: Control code
 574:FATFS/Target/sd_diskio.c ****   * @param  *buff: Buffer to send/receive control data
 575:FATFS/Target/sd_diskio.c ****   * @retval DRESULT: Operation result
 576:FATFS/Target/sd_diskio.c ****   */
 577:FATFS/Target/sd_diskio.c **** #if _USE_IOCTL == 1
 578:FATFS/Target/sd_diskio.c **** DRESULT SD_ioctl(BYTE lun, BYTE cmd, void *buff)
 579:FATFS/Target/sd_diskio.c **** {
 563              		.loc 1 579 1 is_stmt 1 view -0
 564              		.cfi_startproc
 565              		@ args = 0, pretend = 0, frame = 32
 566              		@ frame_needed = 0, uses_anonymous_args = 0
 567              		.loc 1 579 1 is_stmt 0 view .LVU146
 568 0000 30B5     		push	{r4, r5, lr}
 569              	.LCFI12:
 570              		.cfi_def_cfa_offset 12
 571              		.cfi_offset 4, -12
 572              		.cfi_offset 5, -8
 573              		.cfi_offset 14, -4
 574 0002 89B0     		sub	sp, sp, #36
 575              	.LCFI13:
 576              		.cfi_def_cfa_offset 48
 580:FATFS/Target/sd_diskio.c ****   DRESULT res = RES_ERROR;
 577              		.loc 1 580 3 is_stmt 1 view .LVU147
ARM GAS  C:\Users\40918\AppData\Local\Temp\cc46yiXj.s 			page 22


 578              	.LVL51:
 581:FATFS/Target/sd_diskio.c ****   BSP_SD_CardInfo CardInfo;
 579              		.loc 1 581 3 view .LVU148
 582:FATFS/Target/sd_diskio.c **** 
 583:FATFS/Target/sd_diskio.c ****   if (Stat & STA_NOINIT) return RES_NOTRDY;
 580              		.loc 1 583 3 view .LVU149
 581              		.loc 1 583 12 is_stmt 0 view .LVU150
 582 0004 134B     		ldr	r3, .L63
 583 0006 1878     		ldrb	r0, [r3]	@ zero_extendqisi2
 584              	.LVL52:
 585              		.loc 1 583 6 view .LVU151
 586 0008 10F00104 		ands	r4, r0, #1
 587 000c 1BD1     		bne	.L60
 588 000e 1546     		mov	r5, r2
 584:FATFS/Target/sd_diskio.c **** 
 585:FATFS/Target/sd_diskio.c ****   switch (cmd)
 589              		.loc 1 585 3 is_stmt 1 view .LVU152
 590 0010 0329     		cmp	r1, #3
 591 0012 1CD8     		bhi	.L61
 592 0014 DFE801F0 		tbb	[pc, r1]
 593              	.L56:
 594 0018 02       		.byte	(.L59-.L56)/2
 595 0019 04       		.byte	(.L58-.L56)/2
 596 001a 0A       		.byte	(.L57-.L56)/2
 597 001b 10       		.byte	(.L55-.L56)/2
 598              		.p2align 1
 599              	.L59:
 600 001c 0C46     		mov	r4, r1
 601 001e 13E0     		b	.L54
 602              	.L58:
 586:FATFS/Target/sd_diskio.c ****   {
 587:FATFS/Target/sd_diskio.c ****   /* Make sure that no pending write process */
 588:FATFS/Target/sd_diskio.c ****   case CTRL_SYNC :
 589:FATFS/Target/sd_diskio.c ****     res = RES_OK;
 590:FATFS/Target/sd_diskio.c ****     break;
 591:FATFS/Target/sd_diskio.c **** 
 592:FATFS/Target/sd_diskio.c ****   /* Get number of sectors on the disk (DWORD) */
 593:FATFS/Target/sd_diskio.c ****   case GET_SECTOR_COUNT :
 594:FATFS/Target/sd_diskio.c ****     BSP_SD_GetCardInfo(&CardInfo);
 603              		.loc 1 594 5 view .LVU153
 604 0020 6846     		mov	r0, sp
 605 0022 FFF7FEFF 		bl	BSP_SD_GetCardInfo
 606              	.LVL53:
 595:FATFS/Target/sd_diskio.c ****     *(DWORD*)buff = CardInfo.LogBlockNbr;
 607              		.loc 1 595 5 view .LVU154
 608              		.loc 1 595 29 is_stmt 0 view .LVU155
 609 0026 069B     		ldr	r3, [sp, #24]
 610              		.loc 1 595 19 view .LVU156
 611 0028 2B60     		str	r3, [r5]
 596:FATFS/Target/sd_diskio.c ****     res = RES_OK;
 612              		.loc 1 596 5 is_stmt 1 view .LVU157
 613              	.LVL54:
 597:FATFS/Target/sd_diskio.c ****     break;
 614              		.loc 1 597 5 view .LVU158
 615 002a 0DE0     		b	.L54
 616              	.LVL55:
 617              	.L57:
ARM GAS  C:\Users\40918\AppData\Local\Temp\cc46yiXj.s 			page 23


 598:FATFS/Target/sd_diskio.c **** 
 599:FATFS/Target/sd_diskio.c ****   /* Get R/W sector size (WORD) */
 600:FATFS/Target/sd_diskio.c ****   case GET_SECTOR_SIZE :
 601:FATFS/Target/sd_diskio.c ****     BSP_SD_GetCardInfo(&CardInfo);
 618              		.loc 1 601 5 view .LVU159
 619 002c 6846     		mov	r0, sp
 620 002e FFF7FEFF 		bl	BSP_SD_GetCardInfo
 621              	.LVL56:
 602:FATFS/Target/sd_diskio.c ****     *(WORD*)buff = CardInfo.LogBlockSize;
 622              		.loc 1 602 5 view .LVU160
 623              		.loc 1 602 28 is_stmt 0 view .LVU161
 624 0032 079B     		ldr	r3, [sp, #28]
 625              		.loc 1 602 18 view .LVU162
 626 0034 2B80     		strh	r3, [r5]	@ movhi
 603:FATFS/Target/sd_diskio.c ****     res = RES_OK;
 627              		.loc 1 603 5 is_stmt 1 view .LVU163
 628              	.LVL57:
 604:FATFS/Target/sd_diskio.c ****     break;
 629              		.loc 1 604 5 view .LVU164
 630 0036 07E0     		b	.L54
 631              	.LVL58:
 632              	.L55:
 605:FATFS/Target/sd_diskio.c **** 
 606:FATFS/Target/sd_diskio.c ****   /* Get erase block size in unit of sector (DWORD) */
 607:FATFS/Target/sd_diskio.c ****   case GET_BLOCK_SIZE :
 608:FATFS/Target/sd_diskio.c ****     BSP_SD_GetCardInfo(&CardInfo);
 633              		.loc 1 608 5 view .LVU165
 634 0038 6846     		mov	r0, sp
 635 003a FFF7FEFF 		bl	BSP_SD_GetCardInfo
 636              	.LVL59:
 609:FATFS/Target/sd_diskio.c ****     *(DWORD*)buff = CardInfo.LogBlockSize / SD_DEFAULT_BLOCK_SIZE;
 637              		.loc 1 609 5 view .LVU166
 638              		.loc 1 609 29 is_stmt 0 view .LVU167
 639 003e 079B     		ldr	r3, [sp, #28]
 640              		.loc 1 609 43 view .LVU168
 641 0040 5B0A     		lsrs	r3, r3, #9
 642              		.loc 1 609 19 view .LVU169
 643 0042 2B60     		str	r3, [r5]
 610:FATFS/Target/sd_diskio.c ****     res = RES_OK;
 644              		.loc 1 610 5 is_stmt 1 view .LVU170
 645              	.LVL60:
 611:FATFS/Target/sd_diskio.c ****     break;
 646              		.loc 1 611 5 view .LVU171
 647 0044 00E0     		b	.L54
 648              	.LVL61:
 649              	.L60:
 583:FATFS/Target/sd_diskio.c **** 
 650              		.loc 1 583 33 is_stmt 0 discriminator 1 view .LVU172
 651 0046 0324     		movs	r4, #3
 652              	.LVL62:
 653              	.L54:
 612:FATFS/Target/sd_diskio.c **** 
 613:FATFS/Target/sd_diskio.c ****   default:
 614:FATFS/Target/sd_diskio.c ****     res = RES_PARERR;
 615:FATFS/Target/sd_diskio.c ****   }
 616:FATFS/Target/sd_diskio.c **** 
 617:FATFS/Target/sd_diskio.c ****   return res;
ARM GAS  C:\Users\40918\AppData\Local\Temp\cc46yiXj.s 			page 24


 618:FATFS/Target/sd_diskio.c **** }
 654              		.loc 1 618 1 view .LVU173
 655 0048 2046     		mov	r0, r4
 656 004a 09B0     		add	sp, sp, #36
 657              	.LCFI14:
 658              		.cfi_remember_state
 659              		.cfi_def_cfa_offset 12
 660              		@ sp needed
 661 004c 30BD     		pop	{r4, r5, pc}
 662              	.LVL63:
 663              	.L61:
 664              	.LCFI15:
 665              		.cfi_restore_state
 614:FATFS/Target/sd_diskio.c ****   }
 666              		.loc 1 614 9 view .LVU174
 667 004e 0424     		movs	r4, #4
 668 0050 FAE7     		b	.L54
 669              	.L64:
 670 0052 00BF     		.align	2
 671              	.L63:
 672 0054 00000000 		.word	Stat
 673              		.cfi_endproc
 674              	.LFE252:
 676              		.section	.text.BSP_SD_WriteCpltCallback,"ax",%progbits
 677              		.align	1
 678              		.global	BSP_SD_WriteCpltCallback
 679              		.syntax unified
 680              		.thumb
 681              		.thumb_func
 683              	BSP_SD_WriteCpltCallback:
 684              	.LFB253:
 619:FATFS/Target/sd_diskio.c **** #endif /* _USE_IOCTL == 1 */
 620:FATFS/Target/sd_diskio.c **** 
 621:FATFS/Target/sd_diskio.c **** /* USER CODE BEGIN afterIoctlSection */
 622:FATFS/Target/sd_diskio.c **** /* can be used to modify previous code / undefine following code / add new code */
 623:FATFS/Target/sd_diskio.c **** /* USER CODE END afterIoctlSection */
 624:FATFS/Target/sd_diskio.c **** 
 625:FATFS/Target/sd_diskio.c **** /* USER CODE BEGIN callbackSection */
 626:FATFS/Target/sd_diskio.c **** /* can be used to modify / following code or add new code */
 627:FATFS/Target/sd_diskio.c **** /* USER CODE END callbackSection */
 628:FATFS/Target/sd_diskio.c **** /**
 629:FATFS/Target/sd_diskio.c ****   * @brief Tx Transfer completed callbacks
 630:FATFS/Target/sd_diskio.c ****   * @param hsd: SD handle
 631:FATFS/Target/sd_diskio.c ****   * @retval None
 632:FATFS/Target/sd_diskio.c ****   */
 633:FATFS/Target/sd_diskio.c **** void BSP_SD_WriteCpltCallback(void)
 634:FATFS/Target/sd_diskio.c **** {
 685              		.loc 1 634 1 is_stmt 1 view -0
 686              		.cfi_startproc
 687              		@ args = 0, pretend = 0, frame = 8
 688              		@ frame_needed = 0, uses_anonymous_args = 0
 689 0000 00B5     		push	{lr}
 690              	.LCFI16:
 691              		.cfi_def_cfa_offset 4
 692              		.cfi_offset 14, -4
 693 0002 83B0     		sub	sp, sp, #12
 694              	.LCFI17:
ARM GAS  C:\Users\40918\AppData\Local\Temp\cc46yiXj.s 			page 25


 695              		.cfi_def_cfa_offset 16
 635:FATFS/Target/sd_diskio.c **** 
 636:FATFS/Target/sd_diskio.c ****   /*
 637:FATFS/Target/sd_diskio.c ****    * No need to add an "osKernelRunning()" check here, as the SD_initialize()
 638:FATFS/Target/sd_diskio.c ****    * is always called before any SD_Read()/SD_Write() call
 639:FATFS/Target/sd_diskio.c ****    */
 640:FATFS/Target/sd_diskio.c **** #if (osCMSIS < 0x20000U)
 641:FATFS/Target/sd_diskio.c ****    osMessagePut(SDQueueID, WRITE_CPLT_MSG, 0);
 642:FATFS/Target/sd_diskio.c **** #else
 643:FATFS/Target/sd_diskio.c ****    const uint16_t msg = WRITE_CPLT_MSG;
 696              		.loc 1 643 4 view .LVU176
 697              		.loc 1 643 19 is_stmt 0 view .LVU177
 698 0004 0223     		movs	r3, #2
 699 0006 ADF80630 		strh	r3, [sp, #6]	@ movhi
 644:FATFS/Target/sd_diskio.c ****    osMessageQueuePut(SDQueueID, (const void *)&msg, 0, 0);
 700              		.loc 1 644 4 is_stmt 1 view .LVU178
 701 000a 0023     		movs	r3, #0
 702 000c 1A46     		mov	r2, r3
 703 000e 0DF10601 		add	r1, sp, #6
 704 0012 0348     		ldr	r0, .L67
 705 0014 0068     		ldr	r0, [r0]
 706 0016 FFF7FEFF 		bl	osMessageQueuePut
 707              	.LVL64:
 645:FATFS/Target/sd_diskio.c **** #endif
 646:FATFS/Target/sd_diskio.c **** }
 708              		.loc 1 646 1 is_stmt 0 view .LVU179
 709 001a 03B0     		add	sp, sp, #12
 710              	.LCFI18:
 711              		.cfi_def_cfa_offset 4
 712              		@ sp needed
 713 001c 5DF804FB 		ldr	pc, [sp], #4
 714              	.L68:
 715              		.align	2
 716              	.L67:
 717 0020 00000000 		.word	SDQueueID
 718              		.cfi_endproc
 719              	.LFE253:
 721              		.section	.text.BSP_SD_ReadCpltCallback,"ax",%progbits
 722              		.align	1
 723              		.global	BSP_SD_ReadCpltCallback
 724              		.syntax unified
 725              		.thumb
 726              		.thumb_func
 728              	BSP_SD_ReadCpltCallback:
 729              	.LFB254:
 647:FATFS/Target/sd_diskio.c **** 
 648:FATFS/Target/sd_diskio.c **** /**
 649:FATFS/Target/sd_diskio.c ****   * @brief Rx Transfer completed callbacks
 650:FATFS/Target/sd_diskio.c ****   * @param hsd: SD handle
 651:FATFS/Target/sd_diskio.c ****   * @retval None
 652:FATFS/Target/sd_diskio.c ****   */
 653:FATFS/Target/sd_diskio.c **** void BSP_SD_ReadCpltCallback(void)
 654:FATFS/Target/sd_diskio.c **** {
 730              		.loc 1 654 1 is_stmt 1 view -0
 731              		.cfi_startproc
 732              		@ args = 0, pretend = 0, frame = 8
 733              		@ frame_needed = 0, uses_anonymous_args = 0
ARM GAS  C:\Users\40918\AppData\Local\Temp\cc46yiXj.s 			page 26


 734 0000 00B5     		push	{lr}
 735              	.LCFI19:
 736              		.cfi_def_cfa_offset 4
 737              		.cfi_offset 14, -4
 738 0002 83B0     		sub	sp, sp, #12
 739              	.LCFI20:
 740              		.cfi_def_cfa_offset 16
 655:FATFS/Target/sd_diskio.c ****   /*
 656:FATFS/Target/sd_diskio.c ****    * No need to add an "osKernelRunning()" check here, as the SD_initialize()
 657:FATFS/Target/sd_diskio.c ****    * is always called before any SD_Read()/SD_Write() call
 658:FATFS/Target/sd_diskio.c ****    */
 659:FATFS/Target/sd_diskio.c **** #if (osCMSIS < 0x20000U)
 660:FATFS/Target/sd_diskio.c ****    osMessagePut(SDQueueID, READ_CPLT_MSG, 0);
 661:FATFS/Target/sd_diskio.c **** #else
 662:FATFS/Target/sd_diskio.c ****    const uint16_t msg = READ_CPLT_MSG;
 741              		.loc 1 662 4 view .LVU181
 742              		.loc 1 662 19 is_stmt 0 view .LVU182
 743 0004 0123     		movs	r3, #1
 744 0006 ADF80630 		strh	r3, [sp, #6]	@ movhi
 663:FATFS/Target/sd_diskio.c ****    osMessageQueuePut(SDQueueID, (const void *)&msg, 0, 0);
 745              		.loc 1 663 4 is_stmt 1 view .LVU183
 746 000a 0023     		movs	r3, #0
 747 000c 1A46     		mov	r2, r3
 748 000e 0DF10601 		add	r1, sp, #6
 749 0012 0348     		ldr	r0, .L71
 750 0014 0068     		ldr	r0, [r0]
 751 0016 FFF7FEFF 		bl	osMessageQueuePut
 752              	.LVL65:
 664:FATFS/Target/sd_diskio.c **** #endif
 665:FATFS/Target/sd_diskio.c **** }
 753              		.loc 1 665 1 is_stmt 0 view .LVU184
 754 001a 03B0     		add	sp, sp, #12
 755              	.LCFI21:
 756              		.cfi_def_cfa_offset 4
 757              		@ sp needed
 758 001c 5DF804FB 		ldr	pc, [sp], #4
 759              	.L72:
 760              		.align	2
 761              	.L71:
 762 0020 00000000 		.word	SDQueueID
 763              		.cfi_endproc
 764              	.LFE254:
 766              		.global	SD_Driver
 767              		.section	.rodata.SD_Driver,"a"
 768              		.align	2
 771              	SD_Driver:
 772 0000 00000000 		.word	SD_initialize
 773 0004 00000000 		.word	SD_status
 774 0008 00000000 		.word	SD_read
 775 000c 00000000 		.word	SD_write
 776 0010 00000000 		.word	SD_ioctl
 777              		.section	.bss.SDQueueID,"aw",%nobits
 778              		.align	2
 781              	SDQueueID:
 782 0000 00000000 		.space	4
 783              		.section	.data.Stat,"aw"
 786              	Stat:
ARM GAS  C:\Users\40918\AppData\Local\Temp\cc46yiXj.s 			page 27


 787 0000 01       		.byte	1
 788              		.text
 789              	.Letext0:
 790              		.file 2 "Middlewares/Third_Party/FatFs/src/integer.h"
 791              		.file 3 "Middlewares/Third_Party/FatFs/src/diskio.h"
 792              		.file 4 "D:/Tools/Arm GNU Toolchain arm-none-eabi/13.3 rel1/arm-none-eabi/include/machine/_default
 793              		.file 5 "D:/Tools/Arm GNU Toolchain arm-none-eabi/13.3 rel1/arm-none-eabi/include/sys/_stdint.h"
 794              		.file 6 "Drivers/STM32F4xx_HAL_Driver/Inc/stm32f4xx_hal_sd.h"
 795              		.file 7 "Middlewares/Third_Party/FreeRTOS/Source/CMSIS_RTOS_V2/cmsis_os2.h"
 796              		.file 8 "Middlewares/Third_Party/FatFs/src/ff_gen_drv.h"
 797              		.file 9 "FATFS/Target/bsp_driver_sd.h"
 798              		.file 10 "FATFS/Target/sd_diskio.h"
ARM GAS  C:\Users\40918\AppData\Local\Temp\cc46yiXj.s 			page 28


DEFINED SYMBOLS
                            *ABS*:00000000 sd_diskio.c
C:\Users\40918\AppData\Local\Temp\cc46yiXj.s:21     .text.SD_CheckStatus:00000000 $t
C:\Users\40918\AppData\Local\Temp\cc46yiXj.s:26     .text.SD_CheckStatus:00000000 SD_CheckStatus
C:\Users\40918\AppData\Local\Temp\cc46yiXj.s:66     .text.SD_CheckStatus:00000020 $d
C:\Users\40918\AppData\Local\Temp\cc46yiXj.s:786    .data.Stat:00000000 Stat
C:\Users\40918\AppData\Local\Temp\cc46yiXj.s:71     .text.SD_initialize:00000000 $t
C:\Users\40918\AppData\Local\Temp\cc46yiXj.s:77     .text.SD_initialize:00000000 SD_initialize
C:\Users\40918\AppData\Local\Temp\cc46yiXj.s:173    .text.SD_initialize:00000060 $d
C:\Users\40918\AppData\Local\Temp\cc46yiXj.s:781    .bss.SDQueueID:00000000 SDQueueID
C:\Users\40918\AppData\Local\Temp\cc46yiXj.s:179    .text.SD_status:00000000 $t
C:\Users\40918\AppData\Local\Temp\cc46yiXj.s:185    .text.SD_status:00000000 SD_status
C:\Users\40918\AppData\Local\Temp\cc46yiXj.s:208    .text.SD_CheckStatusWithTimeout:00000000 $t
C:\Users\40918\AppData\Local\Temp\cc46yiXj.s:213    .text.SD_CheckStatusWithTimeout:00000000 SD_CheckStatusWithTimeout
C:\Users\40918\AppData\Local\Temp\cc46yiXj.s:269    .text.SD_read:00000000 $t
C:\Users\40918\AppData\Local\Temp\cc46yiXj.s:275    .text.SD_read:00000000 SD_read
C:\Users\40918\AppData\Local\Temp\cc46yiXj.s:410    .text.SD_read:0000006c $d
C:\Users\40918\AppData\Local\Temp\cc46yiXj.s:415    .text.SD_write:00000000 $t
C:\Users\40918\AppData\Local\Temp\cc46yiXj.s:421    .text.SD_write:00000000 SD_write
C:\Users\40918\AppData\Local\Temp\cc46yiXj.s:549    .text.SD_write:0000006c $d
C:\Users\40918\AppData\Local\Temp\cc46yiXj.s:554    .text.SD_ioctl:00000000 $t
C:\Users\40918\AppData\Local\Temp\cc46yiXj.s:560    .text.SD_ioctl:00000000 SD_ioctl
C:\Users\40918\AppData\Local\Temp\cc46yiXj.s:594    .text.SD_ioctl:00000018 $d
C:\Users\40918\AppData\Local\Temp\cc46yiXj.s:598    .text.SD_ioctl:0000001c $t
C:\Users\40918\AppData\Local\Temp\cc46yiXj.s:672    .text.SD_ioctl:00000054 $d
C:\Users\40918\AppData\Local\Temp\cc46yiXj.s:677    .text.BSP_SD_WriteCpltCallback:00000000 $t
C:\Users\40918\AppData\Local\Temp\cc46yiXj.s:683    .text.BSP_SD_WriteCpltCallback:00000000 BSP_SD_WriteCpltCallback
C:\Users\40918\AppData\Local\Temp\cc46yiXj.s:717    .text.BSP_SD_WriteCpltCallback:00000020 $d
C:\Users\40918\AppData\Local\Temp\cc46yiXj.s:722    .text.BSP_SD_ReadCpltCallback:00000000 $t
C:\Users\40918\AppData\Local\Temp\cc46yiXj.s:728    .text.BSP_SD_ReadCpltCallback:00000000 BSP_SD_ReadCpltCallback
C:\Users\40918\AppData\Local\Temp\cc46yiXj.s:762    .text.BSP_SD_ReadCpltCallback:00000020 $d
C:\Users\40918\AppData\Local\Temp\cc46yiXj.s:771    .rodata.SD_Driver:00000000 SD_Driver
C:\Users\40918\AppData\Local\Temp\cc46yiXj.s:768    .rodata.SD_Driver:00000000 $d
C:\Users\40918\AppData\Local\Temp\cc46yiXj.s:778    .bss.SDQueueID:00000000 $d

UNDEFINED SYMBOLS
BSP_SD_GetCardState
osKernelGetState
BSP_SD_Init
osMessageQueueNew
osKernelGetTickCount
BSP_SD_ReadBlocks_DMA
osMessageQueueGet
BSP_SD_WriteBlocks_DMA
BSP_SD_GetCardInfo
osMessageQueuePut
