ARM GAS  C:\Users\40918\AppData\Local\Temp\ccu6E5mV.s 			page 1


   1              		.cpu cortex-m4
   2              		.arch armv7e-m
   3              		.fpu fpv4-sp-d16
   4              		.eabi_attribute 27, 1
   5              		.eabi_attribute 28, 1
   6              		.eabi_attribute 20, 1
   7              		.eabi_attribute 21, 1
   8              		.eabi_attribute 23, 3
   9              		.eabi_attribute 24, 1
  10              		.eabi_attribute 25, 1
  11              		.eabi_attribute 26, 1
  12              		.eabi_attribute 30, 1
  13              		.eabi_attribute 34, 1
  14              		.eabi_attribute 18, 4
  15              		.file	"stm32f4xx_it.c"
  16              		.text
  17              	.Ltext0:
  18              		.cfi_sections	.debug_frame
  19              		.file 1 "Core/Src/stm32f4xx_it.c"
  20              		.section	.text.NMI_Handler,"ax",%progbits
  21              		.align	1
  22              		.global	NMI_Handler
  23              		.syntax unified
  24              		.thumb
  25              		.thumb_func
  27              	NMI_Handler:
  28              	.LFB239:
   1:Core/Src/stm32f4xx_it.c **** /* USER CODE BEGIN Header */
   2:Core/Src/stm32f4xx_it.c **** /**
   3:Core/Src/stm32f4xx_it.c ****   ******************************************************************************
   4:Core/Src/stm32f4xx_it.c ****   * @file    stm32f4xx_it.c
   5:Core/Src/stm32f4xx_it.c ****   * @brief   Interrupt Service Routines.
   6:Core/Src/stm32f4xx_it.c ****   ******************************************************************************
   7:Core/Src/stm32f4xx_it.c ****   * @attention
   8:Core/Src/stm32f4xx_it.c ****   *
   9:Core/Src/stm32f4xx_it.c ****   * Copyright (c) 2026 STMicroelectronics.
  10:Core/Src/stm32f4xx_it.c ****   * All rights reserved.
  11:Core/Src/stm32f4xx_it.c ****   *
  12:Core/Src/stm32f4xx_it.c ****   * This software is licensed under terms that can be found in the LICENSE file
  13:Core/Src/stm32f4xx_it.c ****   * in the root directory of this software component.
  14:Core/Src/stm32f4xx_it.c ****   * If no LICENSE file comes with this software, it is provided AS-IS.
  15:Core/Src/stm32f4xx_it.c ****   *
  16:Core/Src/stm32f4xx_it.c ****   ******************************************************************************
  17:Core/Src/stm32f4xx_it.c ****   */
  18:Core/Src/stm32f4xx_it.c **** /* USER CODE END Header */
  19:Core/Src/stm32f4xx_it.c **** 
  20:Core/Src/stm32f4xx_it.c **** /* Includes ------------------------------------------------------------------*/
  21:Core/Src/stm32f4xx_it.c **** #include "main.h"
  22:Core/Src/stm32f4xx_it.c **** #include "stm32f4xx_it.h"
  23:Core/Src/stm32f4xx_it.c **** #include "bsp_driver_sd.h"
  24:Core/Src/stm32f4xx_it.c **** /* Private includes ----------------------------------------------------------*/
  25:Core/Src/stm32f4xx_it.c **** /* USER CODE BEGIN Includes */
  26:Core/Src/stm32f4xx_it.c **** /* USER CODE END Includes */
  27:Core/Src/stm32f4xx_it.c **** 
  28:Core/Src/stm32f4xx_it.c **** /* Private typedef -----------------------------------------------------------*/
  29:Core/Src/stm32f4xx_it.c **** /* USER CODE BEGIN TD */
  30:Core/Src/stm32f4xx_it.c **** 
ARM GAS  C:\Users\40918\AppData\Local\Temp\ccu6E5mV.s 			page 2


  31:Core/Src/stm32f4xx_it.c **** /* USER CODE END TD */
  32:Core/Src/stm32f4xx_it.c **** 
  33:Core/Src/stm32f4xx_it.c **** /* Private define ------------------------------------------------------------*/
  34:Core/Src/stm32f4xx_it.c **** /* USER CODE BEGIN PD */
  35:Core/Src/stm32f4xx_it.c **** 
  36:Core/Src/stm32f4xx_it.c **** /* USER CODE END PD */
  37:Core/Src/stm32f4xx_it.c **** 
  38:Core/Src/stm32f4xx_it.c **** /* Private macro -------------------------------------------------------------*/
  39:Core/Src/stm32f4xx_it.c **** /* USER CODE BEGIN PM */
  40:Core/Src/stm32f4xx_it.c **** 
  41:Core/Src/stm32f4xx_it.c **** /* USER CODE END PM */
  42:Core/Src/stm32f4xx_it.c **** 
  43:Core/Src/stm32f4xx_it.c **** /* Private variables ---------------------------------------------------------*/
  44:Core/Src/stm32f4xx_it.c **** /* USER CODE BEGIN PV */
  45:Core/Src/stm32f4xx_it.c **** 
  46:Core/Src/stm32f4xx_it.c **** /* USER CODE END PV */
  47:Core/Src/stm32f4xx_it.c **** 
  48:Core/Src/stm32f4xx_it.c **** /* Private function prototypes -----------------------------------------------*/
  49:Core/Src/stm32f4xx_it.c **** /* USER CODE BEGIN PFP */
  50:Core/Src/stm32f4xx_it.c **** 
  51:Core/Src/stm32f4xx_it.c **** /* USER CODE END PFP */
  52:Core/Src/stm32f4xx_it.c **** 
  53:Core/Src/stm32f4xx_it.c **** /* Private user code ---------------------------------------------------------*/
  54:Core/Src/stm32f4xx_it.c **** /* USER CODE BEGIN 0 */
  55:Core/Src/stm32f4xx_it.c **** 
  56:Core/Src/stm32f4xx_it.c **** /* USER CODE END 0 */
  57:Core/Src/stm32f4xx_it.c **** 
  58:Core/Src/stm32f4xx_it.c **** /* External variables --------------------------------------------------------*/
  59:Core/Src/stm32f4xx_it.c **** extern DMA_HandleTypeDef hdma_sdio_rx;
  60:Core/Src/stm32f4xx_it.c **** extern DMA_HandleTypeDef hdma_sdio_tx;
  61:Core/Src/stm32f4xx_it.c **** extern DMA_HandleTypeDef hdma_usart1_rx;
  62:Core/Src/stm32f4xx_it.c **** extern DMA_HandleTypeDef hdma_usart1_tx;
  63:Core/Src/stm32f4xx_it.c **** extern DMA_HandleTypeDef hdma_usart2_rx;
  64:Core/Src/stm32f4xx_it.c **** extern DMA_HandleTypeDef hdma_usart2_tx;
  65:Core/Src/stm32f4xx_it.c **** extern DMA_HandleTypeDef hdma_usart3_rx;
  66:Core/Src/stm32f4xx_it.c **** extern DMA_HandleTypeDef hdma_usart3_tx;
  67:Core/Src/stm32f4xx_it.c **** extern UART_HandleTypeDef huart1;
  68:Core/Src/stm32f4xx_it.c **** extern UART_HandleTypeDef huart2;
  69:Core/Src/stm32f4xx_it.c **** extern UART_HandleTypeDef huart3;
  70:Core/Src/stm32f4xx_it.c **** extern UART_HandleTypeDef huart6;
  71:Core/Src/stm32f4xx_it.c **** extern TIM_HandleTypeDef htim6;
  72:Core/Src/stm32f4xx_it.c **** 
  73:Core/Src/stm32f4xx_it.c **** /* USER CODE BEGIN EV */
  74:Core/Src/stm32f4xx_it.c **** 
  75:Core/Src/stm32f4xx_it.c **** /* USER CODE END EV */
  76:Core/Src/stm32f4xx_it.c **** 
  77:Core/Src/stm32f4xx_it.c **** /******************************************************************************/
  78:Core/Src/stm32f4xx_it.c **** /*           Cortex-M4 Processor Interruption and Exception Handlers          */
  79:Core/Src/stm32f4xx_it.c **** /******************************************************************************/
  80:Core/Src/stm32f4xx_it.c **** /**
  81:Core/Src/stm32f4xx_it.c ****   * @brief This function handles Non maskable interrupt.
  82:Core/Src/stm32f4xx_it.c ****   */
  83:Core/Src/stm32f4xx_it.c **** void NMI_Handler(void)
  84:Core/Src/stm32f4xx_it.c **** {
  29              		.loc 1 84 1 view -0
  30              		.cfi_startproc
  31              		@ Volatile: function does not return.
ARM GAS  C:\Users\40918\AppData\Local\Temp\ccu6E5mV.s 			page 3


  32              		@ args = 0, pretend = 0, frame = 0
  33              		@ frame_needed = 0, uses_anonymous_args = 0
  34              		@ link register save eliminated.
  35              	.L2:
  85:Core/Src/stm32f4xx_it.c ****   /* USER CODE BEGIN NonMaskableInt_IRQn 0 */
  86:Core/Src/stm32f4xx_it.c **** 
  87:Core/Src/stm32f4xx_it.c ****   /* USER CODE END NonMaskableInt_IRQn 0 */
  88:Core/Src/stm32f4xx_it.c ****   /* USER CODE BEGIN NonMaskableInt_IRQn 1 */
  89:Core/Src/stm32f4xx_it.c ****    while (1)
  36              		.loc 1 89 4 view .LVU1
  90:Core/Src/stm32f4xx_it.c ****   {
  91:Core/Src/stm32f4xx_it.c ****   }
  37              		.loc 1 91 3 view .LVU2
  89:Core/Src/stm32f4xx_it.c ****   {
  38              		.loc 1 89 10 view .LVU3
  39 0000 FEE7     		b	.L2
  40              		.cfi_endproc
  41              	.LFE239:
  43              		.section	.text.HardFault_Handler,"ax",%progbits
  44              		.align	1
  45              		.global	HardFault_Handler
  46              		.syntax unified
  47              		.thumb
  48              		.thumb_func
  50              	HardFault_Handler:
  51              	.LFB240:
  92:Core/Src/stm32f4xx_it.c ****   /* USER CODE END NonMaskableInt_IRQn 1 */
  93:Core/Src/stm32f4xx_it.c **** }
  94:Core/Src/stm32f4xx_it.c **** 
  95:Core/Src/stm32f4xx_it.c **** /**
  96:Core/Src/stm32f4xx_it.c ****   * @brief This function handles Hard fault interrupt.
  97:Core/Src/stm32f4xx_it.c ****   */
  98:Core/Src/stm32f4xx_it.c **** void HardFault_Handler(void)
  99:Core/Src/stm32f4xx_it.c **** {
  52              		.loc 1 99 1 view -0
  53              		.cfi_startproc
  54              		@ Volatile: function does not return.
  55              		@ args = 0, pretend = 0, frame = 0
  56              		@ frame_needed = 0, uses_anonymous_args = 0
  57              		@ link register save eliminated.
  58              	.L4:
 100:Core/Src/stm32f4xx_it.c ****   /* USER CODE BEGIN HardFault_IRQn 0 */
 101:Core/Src/stm32f4xx_it.c **** 
 102:Core/Src/stm32f4xx_it.c ****   /* USER CODE END HardFault_IRQn 0 */
 103:Core/Src/stm32f4xx_it.c ****   while (1)
  59              		.loc 1 103 3 view .LVU5
 104:Core/Src/stm32f4xx_it.c ****   {
 105:Core/Src/stm32f4xx_it.c ****     /* USER CODE BEGIN W1_HardFault_IRQn 0 */
 106:Core/Src/stm32f4xx_it.c ****     /* USER CODE END W1_HardFault_IRQn 0 */
 107:Core/Src/stm32f4xx_it.c ****   }
  60              		.loc 1 107 3 view .LVU6
 103:Core/Src/stm32f4xx_it.c ****   {
  61              		.loc 1 103 9 view .LVU7
  62 0000 FEE7     		b	.L4
  63              		.cfi_endproc
  64              	.LFE240:
  66              		.section	.text.MemManage_Handler,"ax",%progbits
ARM GAS  C:\Users\40918\AppData\Local\Temp\ccu6E5mV.s 			page 4


  67              		.align	1
  68              		.global	MemManage_Handler
  69              		.syntax unified
  70              		.thumb
  71              		.thumb_func
  73              	MemManage_Handler:
  74              	.LFB241:
 108:Core/Src/stm32f4xx_it.c **** }
 109:Core/Src/stm32f4xx_it.c **** 
 110:Core/Src/stm32f4xx_it.c **** /**
 111:Core/Src/stm32f4xx_it.c ****   * @brief This function handles Memory management fault.
 112:Core/Src/stm32f4xx_it.c ****   */
 113:Core/Src/stm32f4xx_it.c **** void MemManage_Handler(void)
 114:Core/Src/stm32f4xx_it.c **** {
  75              		.loc 1 114 1 view -0
  76              		.cfi_startproc
  77              		@ Volatile: function does not return.
  78              		@ args = 0, pretend = 0, frame = 0
  79              		@ frame_needed = 0, uses_anonymous_args = 0
  80              		@ link register save eliminated.
  81              	.L6:
 115:Core/Src/stm32f4xx_it.c ****   /* USER CODE BEGIN MemoryManagement_IRQn 0 */
 116:Core/Src/stm32f4xx_it.c **** 
 117:Core/Src/stm32f4xx_it.c ****   /* USER CODE END MemoryManagement_IRQn 0 */
 118:Core/Src/stm32f4xx_it.c ****   while (1)
  82              		.loc 1 118 3 view .LVU9
 119:Core/Src/stm32f4xx_it.c ****   {
 120:Core/Src/stm32f4xx_it.c ****     /* USER CODE BEGIN W1_MemoryManagement_IRQn 0 */
 121:Core/Src/stm32f4xx_it.c ****     /* USER CODE END W1_MemoryManagement_IRQn 0 */
 122:Core/Src/stm32f4xx_it.c ****   }
  83              		.loc 1 122 3 view .LVU10
 118:Core/Src/stm32f4xx_it.c ****   {
  84              		.loc 1 118 9 view .LVU11
  85 0000 FEE7     		b	.L6
  86              		.cfi_endproc
  87              	.LFE241:
  89              		.section	.text.BusFault_Handler,"ax",%progbits
  90              		.align	1
  91              		.global	BusFault_Handler
  92              		.syntax unified
  93              		.thumb
  94              		.thumb_func
  96              	BusFault_Handler:
  97              	.LFB242:
 123:Core/Src/stm32f4xx_it.c **** }
 124:Core/Src/stm32f4xx_it.c **** 
 125:Core/Src/stm32f4xx_it.c **** /**
 126:Core/Src/stm32f4xx_it.c ****   * @brief This function handles Pre-fetch fault, memory access fault.
 127:Core/Src/stm32f4xx_it.c ****   */
 128:Core/Src/stm32f4xx_it.c **** void BusFault_Handler(void)
 129:Core/Src/stm32f4xx_it.c **** {
  98              		.loc 1 129 1 view -0
  99              		.cfi_startproc
 100              		@ Volatile: function does not return.
 101              		@ args = 0, pretend = 0, frame = 0
 102              		@ frame_needed = 0, uses_anonymous_args = 0
 103              		@ link register save eliminated.
ARM GAS  C:\Users\40918\AppData\Local\Temp\ccu6E5mV.s 			page 5


 104              	.L8:
 130:Core/Src/stm32f4xx_it.c ****   /* USER CODE BEGIN BusFault_IRQn 0 */
 131:Core/Src/stm32f4xx_it.c **** 
 132:Core/Src/stm32f4xx_it.c ****   /* USER CODE END BusFault_IRQn 0 */
 133:Core/Src/stm32f4xx_it.c ****   while (1)
 105              		.loc 1 133 3 view .LVU13
 134:Core/Src/stm32f4xx_it.c ****   {
 135:Core/Src/stm32f4xx_it.c ****     /* USER CODE BEGIN W1_BusFault_IRQn 0 */
 136:Core/Src/stm32f4xx_it.c ****     /* USER CODE END W1_BusFault_IRQn 0 */
 137:Core/Src/stm32f4xx_it.c ****   }
 106              		.loc 1 137 3 view .LVU14
 133:Core/Src/stm32f4xx_it.c ****   {
 107              		.loc 1 133 9 view .LVU15
 108 0000 FEE7     		b	.L8
 109              		.cfi_endproc
 110              	.LFE242:
 112              		.section	.text.UsageFault_Handler,"ax",%progbits
 113              		.align	1
 114              		.global	UsageFault_Handler
 115              		.syntax unified
 116              		.thumb
 117              		.thumb_func
 119              	UsageFault_Handler:
 120              	.LFB243:
 138:Core/Src/stm32f4xx_it.c **** }
 139:Core/Src/stm32f4xx_it.c **** 
 140:Core/Src/stm32f4xx_it.c **** /**
 141:Core/Src/stm32f4xx_it.c ****   * @brief This function handles Undefined instruction or illegal state.
 142:Core/Src/stm32f4xx_it.c ****   */
 143:Core/Src/stm32f4xx_it.c **** void UsageFault_Handler(void)
 144:Core/Src/stm32f4xx_it.c **** {
 121              		.loc 1 144 1 view -0
 122              		.cfi_startproc
 123              		@ Volatile: function does not return.
 124              		@ args = 0, pretend = 0, frame = 0
 125              		@ frame_needed = 0, uses_anonymous_args = 0
 126              		@ link register save eliminated.
 127              	.L10:
 145:Core/Src/stm32f4xx_it.c ****   /* USER CODE BEGIN UsageFault_IRQn 0 */
 146:Core/Src/stm32f4xx_it.c **** 
 147:Core/Src/stm32f4xx_it.c ****   /* USER CODE END UsageFault_IRQn 0 */
 148:Core/Src/stm32f4xx_it.c ****   while (1)
 128              		.loc 1 148 3 view .LVU17
 149:Core/Src/stm32f4xx_it.c ****   {
 150:Core/Src/stm32f4xx_it.c ****     /* USER CODE BEGIN W1_UsageFault_IRQn 0 */
 151:Core/Src/stm32f4xx_it.c ****     /* USER CODE END W1_UsageFault_IRQn 0 */
 152:Core/Src/stm32f4xx_it.c ****   }
 129              		.loc 1 152 3 view .LVU18
 148:Core/Src/stm32f4xx_it.c ****   {
 130              		.loc 1 148 9 view .LVU19
 131 0000 FEE7     		b	.L10
 132              		.cfi_endproc
 133              	.LFE243:
 135              		.section	.text.DebugMon_Handler,"ax",%progbits
 136              		.align	1
 137              		.global	DebugMon_Handler
 138              		.syntax unified
ARM GAS  C:\Users\40918\AppData\Local\Temp\ccu6E5mV.s 			page 6


 139              		.thumb
 140              		.thumb_func
 142              	DebugMon_Handler:
 143              	.LFB244:
 153:Core/Src/stm32f4xx_it.c **** }
 154:Core/Src/stm32f4xx_it.c **** 
 155:Core/Src/stm32f4xx_it.c **** /**
 156:Core/Src/stm32f4xx_it.c ****   * @brief This function handles Debug monitor.
 157:Core/Src/stm32f4xx_it.c ****   */
 158:Core/Src/stm32f4xx_it.c **** void DebugMon_Handler(void)
 159:Core/Src/stm32f4xx_it.c **** {
 144              		.loc 1 159 1 view -0
 145              		.cfi_startproc
 146              		@ args = 0, pretend = 0, frame = 0
 147              		@ frame_needed = 0, uses_anonymous_args = 0
 148              		@ link register save eliminated.
 160:Core/Src/stm32f4xx_it.c ****   /* USER CODE BEGIN DebugMonitor_IRQn 0 */
 161:Core/Src/stm32f4xx_it.c **** 
 162:Core/Src/stm32f4xx_it.c ****   /* USER CODE END DebugMonitor_IRQn 0 */
 163:Core/Src/stm32f4xx_it.c ****   /* USER CODE BEGIN DebugMonitor_IRQn 1 */
 164:Core/Src/stm32f4xx_it.c **** 
 165:Core/Src/stm32f4xx_it.c ****   /* USER CODE END DebugMonitor_IRQn 1 */
 166:Core/Src/stm32f4xx_it.c **** }
 149              		.loc 1 166 1 view .LVU21
 150 0000 7047     		bx	lr
 151              		.cfi_endproc
 152              	.LFE244:
 154              		.section	.text.EXTI1_IRQHandler,"ax",%progbits
 155              		.align	1
 156              		.global	EXTI1_IRQHandler
 157              		.syntax unified
 158              		.thumb
 159              		.thumb_func
 161              	EXTI1_IRQHandler:
 162              	.LFB245:
 167:Core/Src/stm32f4xx_it.c **** 
 168:Core/Src/stm32f4xx_it.c **** /******************************************************************************/
 169:Core/Src/stm32f4xx_it.c **** /* STM32F4xx Peripheral Interrupt Handlers                                    */
 170:Core/Src/stm32f4xx_it.c **** /* Add here the Interrupt Handlers for the used peripherals.                  */
 171:Core/Src/stm32f4xx_it.c **** /* For the available peripheral interrupt handler names,                      */
 172:Core/Src/stm32f4xx_it.c **** /* please refer to the startup file (startup_stm32f4xx.s).                    */
 173:Core/Src/stm32f4xx_it.c **** /******************************************************************************/
 174:Core/Src/stm32f4xx_it.c **** 
 175:Core/Src/stm32f4xx_it.c **** /**
 176:Core/Src/stm32f4xx_it.c ****   * @brief This function handles EXTI line1 interrupt.
 177:Core/Src/stm32f4xx_it.c ****   */
 178:Core/Src/stm32f4xx_it.c **** void EXTI1_IRQHandler(void)
 179:Core/Src/stm32f4xx_it.c **** {
 163              		.loc 1 179 1 view -0
 164              		.cfi_startproc
 165              		@ args = 0, pretend = 0, frame = 0
 166              		@ frame_needed = 0, uses_anonymous_args = 0
 167 0000 08B5     		push	{r3, lr}
 168              	.LCFI0:
 169              		.cfi_def_cfa_offset 8
 170              		.cfi_offset 3, -8
 171              		.cfi_offset 14, -4
ARM GAS  C:\Users\40918\AppData\Local\Temp\ccu6E5mV.s 			page 7


 180:Core/Src/stm32f4xx_it.c ****   /* USER CODE BEGIN EXTI1_IRQn 0 */
 181:Core/Src/stm32f4xx_it.c **** 
 182:Core/Src/stm32f4xx_it.c ****   /* USER CODE END EXTI1_IRQn 0 */
 183:Core/Src/stm32f4xx_it.c ****   HAL_GPIO_EXTI_IRQHandler(GPIO_PIN_1);
 172              		.loc 1 183 3 view .LVU23
 173 0002 0220     		movs	r0, #2
 174 0004 FFF7FEFF 		bl	HAL_GPIO_EXTI_IRQHandler
 175              	.LVL0:
 184:Core/Src/stm32f4xx_it.c ****   /* USER CODE BEGIN EXTI1_IRQn 1 */
 185:Core/Src/stm32f4xx_it.c **** 
 186:Core/Src/stm32f4xx_it.c ****   /* USER CODE END EXTI1_IRQn 1 */
 187:Core/Src/stm32f4xx_it.c **** }
 176              		.loc 1 187 1 is_stmt 0 view .LVU24
 177 0008 08BD     		pop	{r3, pc}
 178              		.cfi_endproc
 179              	.LFE245:
 181              		.section	.text.DMA1_Stream1_IRQHandler,"ax",%progbits
 182              		.align	1
 183              		.global	DMA1_Stream1_IRQHandler
 184              		.syntax unified
 185              		.thumb
 186              		.thumb_func
 188              	DMA1_Stream1_IRQHandler:
 189              	.LFB246:
 188:Core/Src/stm32f4xx_it.c **** 
 189:Core/Src/stm32f4xx_it.c **** /**
 190:Core/Src/stm32f4xx_it.c ****   * @brief This function handles DMA1 stream1 global interrupt.
 191:Core/Src/stm32f4xx_it.c ****   */
 192:Core/Src/stm32f4xx_it.c **** void DMA1_Stream1_IRQHandler(void)
 193:Core/Src/stm32f4xx_it.c **** {
 190              		.loc 1 193 1 is_stmt 1 view -0
 191              		.cfi_startproc
 192              		@ args = 0, pretend = 0, frame = 0
 193              		@ frame_needed = 0, uses_anonymous_args = 0
 194 0000 08B5     		push	{r3, lr}
 195              	.LCFI1:
 196              		.cfi_def_cfa_offset 8
 197              		.cfi_offset 3, -8
 198              		.cfi_offset 14, -4
 194:Core/Src/stm32f4xx_it.c ****   /* USER CODE BEGIN DMA1_Stream1_IRQn 0 */
 195:Core/Src/stm32f4xx_it.c **** 
 196:Core/Src/stm32f4xx_it.c ****   /* USER CODE END DMA1_Stream1_IRQn 0 */
 197:Core/Src/stm32f4xx_it.c ****   HAL_DMA_IRQHandler(&hdma_usart3_rx);
 199              		.loc 1 197 3 view .LVU26
 200 0002 0248     		ldr	r0, .L16
 201 0004 FFF7FEFF 		bl	HAL_DMA_IRQHandler
 202              	.LVL1:
 198:Core/Src/stm32f4xx_it.c ****   /* USER CODE BEGIN DMA1_Stream1_IRQn 1 */
 199:Core/Src/stm32f4xx_it.c **** 
 200:Core/Src/stm32f4xx_it.c ****   /* USER CODE END DMA1_Stream1_IRQn 1 */
 201:Core/Src/stm32f4xx_it.c **** }
 203              		.loc 1 201 1 is_stmt 0 view .LVU27
 204 0008 08BD     		pop	{r3, pc}
 205              	.L17:
 206 000a 00BF     		.align	2
 207              	.L16:
 208 000c 00000000 		.word	hdma_usart3_rx
ARM GAS  C:\Users\40918\AppData\Local\Temp\ccu6E5mV.s 			page 8


 209              		.cfi_endproc
 210              	.LFE246:
 212              		.section	.text.DMA1_Stream3_IRQHandler,"ax",%progbits
 213              		.align	1
 214              		.global	DMA1_Stream3_IRQHandler
 215              		.syntax unified
 216              		.thumb
 217              		.thumb_func
 219              	DMA1_Stream3_IRQHandler:
 220              	.LFB247:
 202:Core/Src/stm32f4xx_it.c **** 
 203:Core/Src/stm32f4xx_it.c **** /**
 204:Core/Src/stm32f4xx_it.c ****   * @brief This function handles DMA1 stream3 global interrupt.
 205:Core/Src/stm32f4xx_it.c ****   */
 206:Core/Src/stm32f4xx_it.c **** void DMA1_Stream3_IRQHandler(void)
 207:Core/Src/stm32f4xx_it.c **** {
 221              		.loc 1 207 1 is_stmt 1 view -0
 222              		.cfi_startproc
 223              		@ args = 0, pretend = 0, frame = 0
 224              		@ frame_needed = 0, uses_anonymous_args = 0
 225 0000 08B5     		push	{r3, lr}
 226              	.LCFI2:
 227              		.cfi_def_cfa_offset 8
 228              		.cfi_offset 3, -8
 229              		.cfi_offset 14, -4
 208:Core/Src/stm32f4xx_it.c ****   /* USER CODE BEGIN DMA1_Stream3_IRQn 0 */
 209:Core/Src/stm32f4xx_it.c **** 
 210:Core/Src/stm32f4xx_it.c ****   /* USER CODE END DMA1_Stream3_IRQn 0 */
 211:Core/Src/stm32f4xx_it.c ****   HAL_DMA_IRQHandler(&hdma_usart3_tx);
 230              		.loc 1 211 3 view .LVU29
 231 0002 0248     		ldr	r0, .L20
 232 0004 FFF7FEFF 		bl	HAL_DMA_IRQHandler
 233              	.LVL2:
 212:Core/Src/stm32f4xx_it.c ****   /* USER CODE BEGIN DMA1_Stream3_IRQn 1 */
 213:Core/Src/stm32f4xx_it.c **** 
 214:Core/Src/stm32f4xx_it.c ****   /* USER CODE END DMA1_Stream3_IRQn 1 */
 215:Core/Src/stm32f4xx_it.c **** }
 234              		.loc 1 215 1 is_stmt 0 view .LVU30
 235 0008 08BD     		pop	{r3, pc}
 236              	.L21:
 237 000a 00BF     		.align	2
 238              	.L20:
 239 000c 00000000 		.word	hdma_usart3_tx
 240              		.cfi_endproc
 241              	.LFE247:
 243              		.section	.text.DMA1_Stream5_IRQHandler,"ax",%progbits
 244              		.align	1
 245              		.global	DMA1_Stream5_IRQHandler
 246              		.syntax unified
 247              		.thumb
 248              		.thumb_func
 250              	DMA1_Stream5_IRQHandler:
 251              	.LFB248:
 216:Core/Src/stm32f4xx_it.c **** 
 217:Core/Src/stm32f4xx_it.c **** /**
 218:Core/Src/stm32f4xx_it.c ****   * @brief This function handles DMA1 stream5 global interrupt.
 219:Core/Src/stm32f4xx_it.c ****   */
ARM GAS  C:\Users\40918\AppData\Local\Temp\ccu6E5mV.s 			page 9


 220:Core/Src/stm32f4xx_it.c **** void DMA1_Stream5_IRQHandler(void)
 221:Core/Src/stm32f4xx_it.c **** {
 252              		.loc 1 221 1 is_stmt 1 view -0
 253              		.cfi_startproc
 254              		@ args = 0, pretend = 0, frame = 0
 255              		@ frame_needed = 0, uses_anonymous_args = 0
 256 0000 08B5     		push	{r3, lr}
 257              	.LCFI3:
 258              		.cfi_def_cfa_offset 8
 259              		.cfi_offset 3, -8
 260              		.cfi_offset 14, -4
 222:Core/Src/stm32f4xx_it.c ****   /* USER CODE BEGIN DMA1_Stream5_IRQn 0 */
 223:Core/Src/stm32f4xx_it.c **** 
 224:Core/Src/stm32f4xx_it.c ****   /* USER CODE END DMA1_Stream5_IRQn 0 */
 225:Core/Src/stm32f4xx_it.c ****   HAL_DMA_IRQHandler(&hdma_usart2_rx);
 261              		.loc 1 225 3 view .LVU32
 262 0002 0248     		ldr	r0, .L24
 263 0004 FFF7FEFF 		bl	HAL_DMA_IRQHandler
 264              	.LVL3:
 226:Core/Src/stm32f4xx_it.c ****   /* USER CODE BEGIN DMA1_Stream5_IRQn 1 */
 227:Core/Src/stm32f4xx_it.c **** 
 228:Core/Src/stm32f4xx_it.c ****   /* USER CODE END DMA1_Stream5_IRQn 1 */
 229:Core/Src/stm32f4xx_it.c **** }
 265              		.loc 1 229 1 is_stmt 0 view .LVU33
 266 0008 08BD     		pop	{r3, pc}
 267              	.L25:
 268 000a 00BF     		.align	2
 269              	.L24:
 270 000c 00000000 		.word	hdma_usart2_rx
 271              		.cfi_endproc
 272              	.LFE248:
 274              		.section	.text.DMA1_Stream6_IRQHandler,"ax",%progbits
 275              		.align	1
 276              		.global	DMA1_Stream6_IRQHandler
 277              		.syntax unified
 278              		.thumb
 279              		.thumb_func
 281              	DMA1_Stream6_IRQHandler:
 282              	.LFB249:
 230:Core/Src/stm32f4xx_it.c **** 
 231:Core/Src/stm32f4xx_it.c **** /**
 232:Core/Src/stm32f4xx_it.c ****   * @brief This function handles DMA1 stream6 global interrupt.
 233:Core/Src/stm32f4xx_it.c ****   */
 234:Core/Src/stm32f4xx_it.c **** void DMA1_Stream6_IRQHandler(void)
 235:Core/Src/stm32f4xx_it.c **** {
 283              		.loc 1 235 1 is_stmt 1 view -0
 284              		.cfi_startproc
 285              		@ args = 0, pretend = 0, frame = 0
 286              		@ frame_needed = 0, uses_anonymous_args = 0
 287 0000 08B5     		push	{r3, lr}
 288              	.LCFI4:
 289              		.cfi_def_cfa_offset 8
 290              		.cfi_offset 3, -8
 291              		.cfi_offset 14, -4
 236:Core/Src/stm32f4xx_it.c ****   /* USER CODE BEGIN DMA1_Stream6_IRQn 0 */
 237:Core/Src/stm32f4xx_it.c **** 
 238:Core/Src/stm32f4xx_it.c ****   /* USER CODE END DMA1_Stream6_IRQn 0 */
ARM GAS  C:\Users\40918\AppData\Local\Temp\ccu6E5mV.s 			page 10


 239:Core/Src/stm32f4xx_it.c ****   HAL_DMA_IRQHandler(&hdma_usart2_tx);
 292              		.loc 1 239 3 view .LVU35
 293 0002 0248     		ldr	r0, .L28
 294 0004 FFF7FEFF 		bl	HAL_DMA_IRQHandler
 295              	.LVL4:
 240:Core/Src/stm32f4xx_it.c ****   /* USER CODE BEGIN DMA1_Stream6_IRQn 1 */
 241:Core/Src/stm32f4xx_it.c **** 
 242:Core/Src/stm32f4xx_it.c ****   /* USER CODE END DMA1_Stream6_IRQn 1 */
 243:Core/Src/stm32f4xx_it.c **** }
 296              		.loc 1 243 1 is_stmt 0 view .LVU36
 297 0008 08BD     		pop	{r3, pc}
 298              	.L29:
 299 000a 00BF     		.align	2
 300              	.L28:
 301 000c 00000000 		.word	hdma_usart2_tx
 302              		.cfi_endproc
 303              	.LFE249:
 305              		.section	.text.USART1_IRQHandler,"ax",%progbits
 306              		.align	1
 307              		.global	USART1_IRQHandler
 308              		.syntax unified
 309              		.thumb
 310              		.thumb_func
 312              	USART1_IRQHandler:
 313              	.LFB250:
 244:Core/Src/stm32f4xx_it.c **** 
 245:Core/Src/stm32f4xx_it.c **** /**
 246:Core/Src/stm32f4xx_it.c ****   * @brief This function handles USART1 global interrupt.
 247:Core/Src/stm32f4xx_it.c ****   */
 248:Core/Src/stm32f4xx_it.c **** void USART1_IRQHandler(void)
 249:Core/Src/stm32f4xx_it.c **** {
 314              		.loc 1 249 1 is_stmt 1 view -0
 315              		.cfi_startproc
 316              		@ args = 0, pretend = 0, frame = 0
 317              		@ frame_needed = 0, uses_anonymous_args = 0
 318 0000 08B5     		push	{r3, lr}
 319              	.LCFI5:
 320              		.cfi_def_cfa_offset 8
 321              		.cfi_offset 3, -8
 322              		.cfi_offset 14, -4
 250:Core/Src/stm32f4xx_it.c ****   /* USER CODE BEGIN USART1_IRQn 0 */
 251:Core/Src/stm32f4xx_it.c **** 
 252:Core/Src/stm32f4xx_it.c ****   /* USER CODE END USART1_IRQn 0 */
 253:Core/Src/stm32f4xx_it.c ****   HAL_UART_IRQHandler(&huart1);
 323              		.loc 1 253 3 view .LVU38
 324 0002 0248     		ldr	r0, .L32
 325 0004 FFF7FEFF 		bl	HAL_UART_IRQHandler
 326              	.LVL5:
 254:Core/Src/stm32f4xx_it.c ****   /* USER CODE BEGIN USART1_IRQn 1 */
 255:Core/Src/stm32f4xx_it.c **** 
 256:Core/Src/stm32f4xx_it.c ****   /* USER CODE END USART1_IRQn 1 */
 257:Core/Src/stm32f4xx_it.c **** }
 327              		.loc 1 257 1 is_stmt 0 view .LVU39
 328 0008 08BD     		pop	{r3, pc}
 329              	.L33:
 330 000a 00BF     		.align	2
 331              	.L32:
ARM GAS  C:\Users\40918\AppData\Local\Temp\ccu6E5mV.s 			page 11


 332 000c 00000000 		.word	huart1
 333              		.cfi_endproc
 334              	.LFE250:
 336              		.section	.text.USART2_IRQHandler,"ax",%progbits
 337              		.align	1
 338              		.global	USART2_IRQHandler
 339              		.syntax unified
 340              		.thumb
 341              		.thumb_func
 343              	USART2_IRQHandler:
 344              	.LFB251:
 258:Core/Src/stm32f4xx_it.c **** 
 259:Core/Src/stm32f4xx_it.c **** /**
 260:Core/Src/stm32f4xx_it.c ****   * @brief This function handles USART2 global interrupt.
 261:Core/Src/stm32f4xx_it.c ****   */
 262:Core/Src/stm32f4xx_it.c **** void USART2_IRQHandler(void)
 263:Core/Src/stm32f4xx_it.c **** {
 345              		.loc 1 263 1 is_stmt 1 view -0
 346              		.cfi_startproc
 347              		@ args = 0, pretend = 0, frame = 0
 348              		@ frame_needed = 0, uses_anonymous_args = 0
 349 0000 08B5     		push	{r3, lr}
 350              	.LCFI6:
 351              		.cfi_def_cfa_offset 8
 352              		.cfi_offset 3, -8
 353              		.cfi_offset 14, -4
 264:Core/Src/stm32f4xx_it.c ****   /* USER CODE BEGIN USART2_IRQn 0 */
 265:Core/Src/stm32f4xx_it.c **** 
 266:Core/Src/stm32f4xx_it.c ****   /* USER CODE END USART2_IRQn 0 */
 267:Core/Src/stm32f4xx_it.c ****   HAL_UART_IRQHandler(&huart2);
 354              		.loc 1 267 3 view .LVU41
 355 0002 0248     		ldr	r0, .L36
 356 0004 FFF7FEFF 		bl	HAL_UART_IRQHandler
 357              	.LVL6:
 268:Core/Src/stm32f4xx_it.c ****   /* USER CODE BEGIN USART2_IRQn 1 */
 269:Core/Src/stm32f4xx_it.c **** 
 270:Core/Src/stm32f4xx_it.c ****   /* USER CODE END USART2_IRQn 1 */
 271:Core/Src/stm32f4xx_it.c **** }
 358              		.loc 1 271 1 is_stmt 0 view .LVU42
 359 0008 08BD     		pop	{r3, pc}
 360              	.L37:
 361 000a 00BF     		.align	2
 362              	.L36:
 363 000c 00000000 		.word	huart2
 364              		.cfi_endproc
 365              	.LFE251:
 367              		.section	.text.USART3_IRQHandler,"ax",%progbits
 368              		.align	1
 369              		.global	USART3_IRQHandler
 370              		.syntax unified
 371              		.thumb
 372              		.thumb_func
 374              	USART3_IRQHandler:
 375              	.LFB252:
 272:Core/Src/stm32f4xx_it.c **** 
 273:Core/Src/stm32f4xx_it.c **** /**
 274:Core/Src/stm32f4xx_it.c ****   * @brief This function handles USART3 global interrupt.
ARM GAS  C:\Users\40918\AppData\Local\Temp\ccu6E5mV.s 			page 12


 275:Core/Src/stm32f4xx_it.c ****   */
 276:Core/Src/stm32f4xx_it.c **** void USART3_IRQHandler(void)
 277:Core/Src/stm32f4xx_it.c **** {
 376              		.loc 1 277 1 is_stmt 1 view -0
 377              		.cfi_startproc
 378              		@ args = 0, pretend = 0, frame = 0
 379              		@ frame_needed = 0, uses_anonymous_args = 0
 380 0000 08B5     		push	{r3, lr}
 381              	.LCFI7:
 382              		.cfi_def_cfa_offset 8
 383              		.cfi_offset 3, -8
 384              		.cfi_offset 14, -4
 278:Core/Src/stm32f4xx_it.c ****   /* USER CODE BEGIN USART3_IRQn 0 */
 279:Core/Src/stm32f4xx_it.c **** 
 280:Core/Src/stm32f4xx_it.c ****   /* USER CODE END USART3_IRQn 0 */
 281:Core/Src/stm32f4xx_it.c ****   HAL_UART_IRQHandler(&huart3);
 385              		.loc 1 281 3 view .LVU44
 386 0002 0248     		ldr	r0, .L40
 387 0004 FFF7FEFF 		bl	HAL_UART_IRQHandler
 388              	.LVL7:
 282:Core/Src/stm32f4xx_it.c ****   /* USER CODE BEGIN USART3_IRQn 1 */
 283:Core/Src/stm32f4xx_it.c **** 
 284:Core/Src/stm32f4xx_it.c ****   /* USER CODE END USART3_IRQn 1 */
 285:Core/Src/stm32f4xx_it.c **** }
 389              		.loc 1 285 1 is_stmt 0 view .LVU45
 390 0008 08BD     		pop	{r3, pc}
 391              	.L41:
 392 000a 00BF     		.align	2
 393              	.L40:
 394 000c 00000000 		.word	huart3
 395              		.cfi_endproc
 396              	.LFE252:
 398              		.section	.text.TIM6_DAC_IRQHandler,"ax",%progbits
 399              		.align	1
 400              		.global	TIM6_DAC_IRQHandler
 401              		.syntax unified
 402              		.thumb
 403              		.thumb_func
 405              	TIM6_DAC_IRQHandler:
 406              	.LFB253:
 286:Core/Src/stm32f4xx_it.c **** 
 287:Core/Src/stm32f4xx_it.c **** /**
 288:Core/Src/stm32f4xx_it.c ****   * @brief This function handles TIM6 global interrupt, DAC1 and DAC2 underrun error interrupts.
 289:Core/Src/stm32f4xx_it.c ****   */
 290:Core/Src/stm32f4xx_it.c **** void TIM6_DAC_IRQHandler(void)
 291:Core/Src/stm32f4xx_it.c **** {
 407              		.loc 1 291 1 is_stmt 1 view -0
 408              		.cfi_startproc
 409              		@ args = 0, pretend = 0, frame = 0
 410              		@ frame_needed = 0, uses_anonymous_args = 0
 411 0000 08B5     		push	{r3, lr}
 412              	.LCFI8:
 413              		.cfi_def_cfa_offset 8
 414              		.cfi_offset 3, -8
 415              		.cfi_offset 14, -4
 292:Core/Src/stm32f4xx_it.c ****   /* USER CODE BEGIN TIM6_DAC_IRQn 0 */
 293:Core/Src/stm32f4xx_it.c **** 
ARM GAS  C:\Users\40918\AppData\Local\Temp\ccu6E5mV.s 			page 13


 294:Core/Src/stm32f4xx_it.c ****   /* USER CODE END TIM6_DAC_IRQn 0 */
 295:Core/Src/stm32f4xx_it.c ****   HAL_TIM_IRQHandler(&htim6);
 416              		.loc 1 295 3 view .LVU47
 417 0002 0248     		ldr	r0, .L44
 418 0004 FFF7FEFF 		bl	HAL_TIM_IRQHandler
 419              	.LVL8:
 296:Core/Src/stm32f4xx_it.c ****   /* USER CODE BEGIN TIM6_DAC_IRQn 1 */
 297:Core/Src/stm32f4xx_it.c **** 
 298:Core/Src/stm32f4xx_it.c ****   /* USER CODE END TIM6_DAC_IRQn 1 */
 299:Core/Src/stm32f4xx_it.c **** }
 420              		.loc 1 299 1 is_stmt 0 view .LVU48
 421 0008 08BD     		pop	{r3, pc}
 422              	.L45:
 423 000a 00BF     		.align	2
 424              	.L44:
 425 000c 00000000 		.word	htim6
 426              		.cfi_endproc
 427              	.LFE253:
 429              		.section	.text.DMA2_Stream2_IRQHandler,"ax",%progbits
 430              		.align	1
 431              		.global	DMA2_Stream2_IRQHandler
 432              		.syntax unified
 433              		.thumb
 434              		.thumb_func
 436              	DMA2_Stream2_IRQHandler:
 437              	.LFB254:
 300:Core/Src/stm32f4xx_it.c **** 
 301:Core/Src/stm32f4xx_it.c **** /**
 302:Core/Src/stm32f4xx_it.c ****   * @brief This function handles DMA2 stream2 global interrupt.
 303:Core/Src/stm32f4xx_it.c ****   */
 304:Core/Src/stm32f4xx_it.c **** void DMA2_Stream2_IRQHandler(void)
 305:Core/Src/stm32f4xx_it.c **** {
 438              		.loc 1 305 1 is_stmt 1 view -0
 439              		.cfi_startproc
 440              		@ args = 0, pretend = 0, frame = 0
 441              		@ frame_needed = 0, uses_anonymous_args = 0
 442 0000 08B5     		push	{r3, lr}
 443              	.LCFI9:
 444              		.cfi_def_cfa_offset 8
 445              		.cfi_offset 3, -8
 446              		.cfi_offset 14, -4
 306:Core/Src/stm32f4xx_it.c ****   /* USER CODE BEGIN DMA2_Stream2_IRQn 0 */
 307:Core/Src/stm32f4xx_it.c **** 
 308:Core/Src/stm32f4xx_it.c ****   /* USER CODE END DMA2_Stream2_IRQn 0 */
 309:Core/Src/stm32f4xx_it.c ****   HAL_DMA_IRQHandler(&hdma_usart1_rx);
 447              		.loc 1 309 3 view .LVU50
 448 0002 0248     		ldr	r0, .L48
 449 0004 FFF7FEFF 		bl	HAL_DMA_IRQHandler
 450              	.LVL9:
 310:Core/Src/stm32f4xx_it.c ****   /* USER CODE BEGIN DMA2_Stream2_IRQn 1 */
 311:Core/Src/stm32f4xx_it.c **** 
 312:Core/Src/stm32f4xx_it.c ****   /* USER CODE END DMA2_Stream2_IRQn 1 */
 313:Core/Src/stm32f4xx_it.c **** }
 451              		.loc 1 313 1 is_stmt 0 view .LVU51
 452 0008 08BD     		pop	{r3, pc}
 453              	.L49:
 454 000a 00BF     		.align	2
ARM GAS  C:\Users\40918\AppData\Local\Temp\ccu6E5mV.s 			page 14


 455              	.L48:
 456 000c 00000000 		.word	hdma_usart1_rx
 457              		.cfi_endproc
 458              	.LFE254:
 460              		.section	.text.DMA2_Stream3_IRQHandler,"ax",%progbits
 461              		.align	1
 462              		.global	DMA2_Stream3_IRQHandler
 463              		.syntax unified
 464              		.thumb
 465              		.thumb_func
 467              	DMA2_Stream3_IRQHandler:
 468              	.LFB255:
 314:Core/Src/stm32f4xx_it.c **** 
 315:Core/Src/stm32f4xx_it.c **** /**
 316:Core/Src/stm32f4xx_it.c ****   * @brief This function handles DMA2 stream3 global interrupt.
 317:Core/Src/stm32f4xx_it.c ****   */
 318:Core/Src/stm32f4xx_it.c **** void DMA2_Stream3_IRQHandler(void)
 319:Core/Src/stm32f4xx_it.c **** {
 469              		.loc 1 319 1 is_stmt 1 view -0
 470              		.cfi_startproc
 471              		@ args = 0, pretend = 0, frame = 0
 472              		@ frame_needed = 0, uses_anonymous_args = 0
 473 0000 08B5     		push	{r3, lr}
 474              	.LCFI10:
 475              		.cfi_def_cfa_offset 8
 476              		.cfi_offset 3, -8
 477              		.cfi_offset 14, -4
 320:Core/Src/stm32f4xx_it.c ****   /* USER CODE BEGIN DMA2_Stream3_IRQn 0 */
 321:Core/Src/stm32f4xx_it.c **** 
 322:Core/Src/stm32f4xx_it.c ****   /* USER CODE END DMA2_Stream3_IRQn 0 */
 323:Core/Src/stm32f4xx_it.c ****   HAL_DMA_IRQHandler(&hdma_sdio_rx);
 478              		.loc 1 323 3 view .LVU53
 479 0002 0248     		ldr	r0, .L52
 480 0004 FFF7FEFF 		bl	HAL_DMA_IRQHandler
 481              	.LVL10:
 324:Core/Src/stm32f4xx_it.c ****   /* USER CODE BEGIN DMA2_Stream3_IRQn 1 */
 325:Core/Src/stm32f4xx_it.c **** 
 326:Core/Src/stm32f4xx_it.c ****   /* USER CODE END DMA2_Stream3_IRQn 1 */
 327:Core/Src/stm32f4xx_it.c **** }
 482              		.loc 1 327 1 is_stmt 0 view .LVU54
 483 0008 08BD     		pop	{r3, pc}
 484              	.L53:
 485 000a 00BF     		.align	2
 486              	.L52:
 487 000c 00000000 		.word	hdma_sdio_rx
 488              		.cfi_endproc
 489              	.LFE255:
 491              		.section	.text.DMA2_Stream6_IRQHandler,"ax",%progbits
 492              		.align	1
 493              		.global	DMA2_Stream6_IRQHandler
 494              		.syntax unified
 495              		.thumb
 496              		.thumb_func
 498              	DMA2_Stream6_IRQHandler:
 499              	.LFB256:
 328:Core/Src/stm32f4xx_it.c **** 
 329:Core/Src/stm32f4xx_it.c **** /**
ARM GAS  C:\Users\40918\AppData\Local\Temp\ccu6E5mV.s 			page 15


 330:Core/Src/stm32f4xx_it.c ****   * @brief This function handles DMA2 stream6 global interrupt.
 331:Core/Src/stm32f4xx_it.c ****   */
 332:Core/Src/stm32f4xx_it.c **** void DMA2_Stream6_IRQHandler(void)
 333:Core/Src/stm32f4xx_it.c **** {
 500              		.loc 1 333 1 is_stmt 1 view -0
 501              		.cfi_startproc
 502              		@ args = 0, pretend = 0, frame = 0
 503              		@ frame_needed = 0, uses_anonymous_args = 0
 504 0000 08B5     		push	{r3, lr}
 505              	.LCFI11:
 506              		.cfi_def_cfa_offset 8
 507              		.cfi_offset 3, -8
 508              		.cfi_offset 14, -4
 334:Core/Src/stm32f4xx_it.c ****   /* USER CODE BEGIN DMA2_Stream6_IRQn 0 */
 335:Core/Src/stm32f4xx_it.c **** 
 336:Core/Src/stm32f4xx_it.c ****   /* USER CODE END DMA2_Stream6_IRQn 0 */
 337:Core/Src/stm32f4xx_it.c ****   HAL_DMA_IRQHandler(&hdma_sdio_tx);
 509              		.loc 1 337 3 view .LVU56
 510 0002 0248     		ldr	r0, .L56
 511 0004 FFF7FEFF 		bl	HAL_DMA_IRQHandler
 512              	.LVL11:
 338:Core/Src/stm32f4xx_it.c ****   /* USER CODE BEGIN DMA2_Stream6_IRQn 1 */
 339:Core/Src/stm32f4xx_it.c **** 
 340:Core/Src/stm32f4xx_it.c ****   /* USER CODE END DMA2_Stream6_IRQn 1 */
 341:Core/Src/stm32f4xx_it.c **** }
 513              		.loc 1 341 1 is_stmt 0 view .LVU57
 514 0008 08BD     		pop	{r3, pc}
 515              	.L57:
 516 000a 00BF     		.align	2
 517              	.L56:
 518 000c 00000000 		.word	hdma_sdio_tx
 519              		.cfi_endproc
 520              	.LFE256:
 522              		.section	.text.DMA2_Stream7_IRQHandler,"ax",%progbits
 523              		.align	1
 524              		.global	DMA2_Stream7_IRQHandler
 525              		.syntax unified
 526              		.thumb
 527              		.thumb_func
 529              	DMA2_Stream7_IRQHandler:
 530              	.LFB257:
 342:Core/Src/stm32f4xx_it.c **** 
 343:Core/Src/stm32f4xx_it.c **** /**
 344:Core/Src/stm32f4xx_it.c ****   * @brief This function handles DMA2 stream7 global interrupt.
 345:Core/Src/stm32f4xx_it.c ****   */
 346:Core/Src/stm32f4xx_it.c **** void DMA2_Stream7_IRQHandler(void)
 347:Core/Src/stm32f4xx_it.c **** {
 531              		.loc 1 347 1 is_stmt 1 view -0
 532              		.cfi_startproc
 533              		@ args = 0, pretend = 0, frame = 0
 534              		@ frame_needed = 0, uses_anonymous_args = 0
 535 0000 08B5     		push	{r3, lr}
 536              	.LCFI12:
 537              		.cfi_def_cfa_offset 8
 538              		.cfi_offset 3, -8
 539              		.cfi_offset 14, -4
 348:Core/Src/stm32f4xx_it.c ****   /* USER CODE BEGIN DMA2_Stream7_IRQn 0 */
ARM GAS  C:\Users\40918\AppData\Local\Temp\ccu6E5mV.s 			page 16


 349:Core/Src/stm32f4xx_it.c **** 
 350:Core/Src/stm32f4xx_it.c ****   /* USER CODE END DMA2_Stream7_IRQn 0 */
 351:Core/Src/stm32f4xx_it.c ****   HAL_DMA_IRQHandler(&hdma_usart1_tx);
 540              		.loc 1 351 3 view .LVU59
 541 0002 0248     		ldr	r0, .L60
 542 0004 FFF7FEFF 		bl	HAL_DMA_IRQHandler
 543              	.LVL12:
 352:Core/Src/stm32f4xx_it.c ****   /* USER CODE BEGIN DMA2_Stream7_IRQn 1 */
 353:Core/Src/stm32f4xx_it.c **** 
 354:Core/Src/stm32f4xx_it.c ****   /* USER CODE END DMA2_Stream7_IRQn 1 */
 355:Core/Src/stm32f4xx_it.c **** }
 544              		.loc 1 355 1 is_stmt 0 view .LVU60
 545 0008 08BD     		pop	{r3, pc}
 546              	.L61:
 547 000a 00BF     		.align	2
 548              	.L60:
 549 000c 00000000 		.word	hdma_usart1_tx
 550              		.cfi_endproc
 551              	.LFE257:
 553              		.section	.text.SDIO_IRQHandler,"ax",%progbits
 554              		.align	1
 555              		.global	SDIO_IRQHandler
 556              		.syntax unified
 557              		.thumb
 558              		.thumb_func
 560              	SDIO_IRQHandler:
 561              	.LFB258:
 356:Core/Src/stm32f4xx_it.c **** 
 357:Core/Src/stm32f4xx_it.c **** /**
 358:Core/Src/stm32f4xx_it.c ****   * @brief This function handles SDIO global interrupt.
 359:Core/Src/stm32f4xx_it.c ****   */
 360:Core/Src/stm32f4xx_it.c **** void SDIO_IRQHandler(void)
 361:Core/Src/stm32f4xx_it.c **** {
 562              		.loc 1 361 1 is_stmt 1 view -0
 563              		.cfi_startproc
 564              		@ args = 0, pretend = 0, frame = 0
 565              		@ frame_needed = 0, uses_anonymous_args = 0
 566 0000 08B5     		push	{r3, lr}
 567              	.LCFI13:
 568              		.cfi_def_cfa_offset 8
 569              		.cfi_offset 3, -8
 570              		.cfi_offset 14, -4
 362:Core/Src/stm32f4xx_it.c ****   /* USER CODE BEGIN SDIO_IRQn 0 */
 363:Core/Src/stm32f4xx_it.c **** 
 364:Core/Src/stm32f4xx_it.c ****   /* USER CODE END SDIO_IRQn 0 */
 365:Core/Src/stm32f4xx_it.c ****   BSP_SD_IRQHandler();
 571              		.loc 1 365 3 view .LVU62
 572 0002 FFF7FEFF 		bl	BSP_SD_IRQHandler
 573              	.LVL13:
 366:Core/Src/stm32f4xx_it.c ****   /* USER CODE BEGIN SDIO_IRQn 1 */
 367:Core/Src/stm32f4xx_it.c **** 
 368:Core/Src/stm32f4xx_it.c ****   /* USER CODE END SDIO_IRQn 1 */
 369:Core/Src/stm32f4xx_it.c **** }
 574              		.loc 1 369 1 is_stmt 0 view .LVU63
 575 0006 08BD     		pop	{r3, pc}
 576              		.cfi_endproc
 577              	.LFE258:
ARM GAS  C:\Users\40918\AppData\Local\Temp\ccu6E5mV.s 			page 17


 579              		.section	.text.USART6_IRQHandler,"ax",%progbits
 580              		.align	1
 581              		.global	USART6_IRQHandler
 582              		.syntax unified
 583              		.thumb
 584              		.thumb_func
 586              	USART6_IRQHandler:
 587              	.LFB259:
 370:Core/Src/stm32f4xx_it.c **** 
 371:Core/Src/stm32f4xx_it.c **** /**
 372:Core/Src/stm32f4xx_it.c ****   * @brief This function handles USART6 global interrupt.
 373:Core/Src/stm32f4xx_it.c ****   */
 374:Core/Src/stm32f4xx_it.c **** void USART6_IRQHandler(void)
 375:Core/Src/stm32f4xx_it.c **** {
 588              		.loc 1 375 1 is_stmt 1 view -0
 589              		.cfi_startproc
 590              		@ args = 0, pretend = 0, frame = 0
 591              		@ frame_needed = 0, uses_anonymous_args = 0
 592 0000 08B5     		push	{r3, lr}
 593              	.LCFI14:
 594              		.cfi_def_cfa_offset 8
 595              		.cfi_offset 3, -8
 596              		.cfi_offset 14, -4
 376:Core/Src/stm32f4xx_it.c ****   /* USER CODE BEGIN USART6_IRQn 0 */
 377:Core/Src/stm32f4xx_it.c **** 
 378:Core/Src/stm32f4xx_it.c ****   /* USER CODE END USART6_IRQn 0 */
 379:Core/Src/stm32f4xx_it.c ****   HAL_UART_IRQHandler(&huart6);
 597              		.loc 1 379 3 view .LVU65
 598 0002 0248     		ldr	r0, .L66
 599 0004 FFF7FEFF 		bl	HAL_UART_IRQHandler
 600              	.LVL14:
 380:Core/Src/stm32f4xx_it.c ****   /* USER CODE BEGIN USART6_IRQn 1 */
 381:Core/Src/stm32f4xx_it.c **** 
 382:Core/Src/stm32f4xx_it.c ****   /* USER CODE END USART6_IRQn 1 */
 383:Core/Src/stm32f4xx_it.c **** }
 601              		.loc 1 383 1 is_stmt 0 view .LVU66
 602 0008 08BD     		pop	{r3, pc}
 603              	.L67:
 604 000a 00BF     		.align	2
 605              	.L66:
 606 000c 00000000 		.word	huart6
 607              		.cfi_endproc
 608              	.LFE259:
 610              		.text
 611              	.Letext0:
 612              		.file 2 "D:/Tools/Arm GNU Toolchain arm-none-eabi/13.3 rel1/arm-none-eabi/include/machine/_default
 613              		.file 3 "D:/Tools/Arm GNU Toolchain arm-none-eabi/13.3 rel1/arm-none-eabi/include/sys/_stdint.h"
 614              		.file 4 "Drivers/CMSIS/Device/ST/STM32F4xx/Include/stm32f407xx.h"
 615              		.file 5 "Drivers/STM32F4xx_HAL_Driver/Inc/stm32f4xx_hal_def.h"
 616              		.file 6 "Drivers/STM32F4xx_HAL_Driver/Inc/stm32f4xx_hal_dma.h"
 617              		.file 7 "Drivers/STM32F4xx_HAL_Driver/Inc/stm32f4xx_hal_tim.h"
 618              		.file 8 "Drivers/STM32F4xx_HAL_Driver/Inc/stm32f4xx_hal_uart.h"
 619              		.file 9 "Drivers/STM32F4xx_HAL_Driver/Inc/stm32f4xx_hal_gpio.h"
 620              		.file 10 "FATFS/Target/bsp_driver_sd.h"
ARM GAS  C:\Users\40918\AppData\Local\Temp\ccu6E5mV.s 			page 18


DEFINED SYMBOLS
                            *ABS*:00000000 stm32f4xx_it.c
C:\Users\40918\AppData\Local\Temp\ccu6E5mV.s:21     .text.NMI_Handler:00000000 $t
C:\Users\40918\AppData\Local\Temp\ccu6E5mV.s:27     .text.NMI_Handler:00000000 NMI_Handler
C:\Users\40918\AppData\Local\Temp\ccu6E5mV.s:44     .text.HardFault_Handler:00000000 $t
C:\Users\40918\AppData\Local\Temp\ccu6E5mV.s:50     .text.HardFault_Handler:00000000 HardFault_Handler
C:\Users\40918\AppData\Local\Temp\ccu6E5mV.s:67     .text.MemManage_Handler:00000000 $t
C:\Users\40918\AppData\Local\Temp\ccu6E5mV.s:73     .text.MemManage_Handler:00000000 MemManage_Handler
C:\Users\40918\AppData\Local\Temp\ccu6E5mV.s:90     .text.BusFault_Handler:00000000 $t
C:\Users\40918\AppData\Local\Temp\ccu6E5mV.s:96     .text.BusFault_Handler:00000000 BusFault_Handler
C:\Users\40918\AppData\Local\Temp\ccu6E5mV.s:113    .text.UsageFault_Handler:00000000 $t
C:\Users\40918\AppData\Local\Temp\ccu6E5mV.s:119    .text.UsageFault_Handler:00000000 UsageFault_Handler
C:\Users\40918\AppData\Local\Temp\ccu6E5mV.s:136    .text.DebugMon_Handler:00000000 $t
C:\Users\40918\AppData\Local\Temp\ccu6E5mV.s:142    .text.DebugMon_Handler:00000000 DebugMon_Handler
C:\Users\40918\AppData\Local\Temp\ccu6E5mV.s:155    .text.EXTI1_IRQHandler:00000000 $t
C:\Users\40918\AppData\Local\Temp\ccu6E5mV.s:161    .text.EXTI1_IRQHandler:00000000 EXTI1_IRQHandler
C:\Users\40918\AppData\Local\Temp\ccu6E5mV.s:182    .text.DMA1_Stream1_IRQHandler:00000000 $t
C:\Users\40918\AppData\Local\Temp\ccu6E5mV.s:188    .text.DMA1_Stream1_IRQHandler:00000000 DMA1_Stream1_IRQHandler
C:\Users\40918\AppData\Local\Temp\ccu6E5mV.s:208    .text.DMA1_Stream1_IRQHandler:0000000c $d
C:\Users\40918\AppData\Local\Temp\ccu6E5mV.s:213    .text.DMA1_Stream3_IRQHandler:00000000 $t
C:\Users\40918\AppData\Local\Temp\ccu6E5mV.s:219    .text.DMA1_Stream3_IRQHandler:00000000 DMA1_Stream3_IRQHandler
C:\Users\40918\AppData\Local\Temp\ccu6E5mV.s:239    .text.DMA1_Stream3_IRQHandler:0000000c $d
C:\Users\40918\AppData\Local\Temp\ccu6E5mV.s:244    .text.DMA1_Stream5_IRQHandler:00000000 $t
C:\Users\40918\AppData\Local\Temp\ccu6E5mV.s:250    .text.DMA1_Stream5_IRQHandler:00000000 DMA1_Stream5_IRQHandler
C:\Users\40918\AppData\Local\Temp\ccu6E5mV.s:270    .text.DMA1_Stream5_IRQHandler:0000000c $d
C:\Users\40918\AppData\Local\Temp\ccu6E5mV.s:275    .text.DMA1_Stream6_IRQHandler:00000000 $t
C:\Users\40918\AppData\Local\Temp\ccu6E5mV.s:281    .text.DMA1_Stream6_IRQHandler:00000000 DMA1_Stream6_IRQHandler
C:\Users\40918\AppData\Local\Temp\ccu6E5mV.s:301    .text.DMA1_Stream6_IRQHandler:0000000c $d
C:\Users\40918\AppData\Local\Temp\ccu6E5mV.s:306    .text.USART1_IRQHandler:00000000 $t
C:\Users\40918\AppData\Local\Temp\ccu6E5mV.s:312    .text.USART1_IRQHandler:00000000 USART1_IRQHandler
C:\Users\40918\AppData\Local\Temp\ccu6E5mV.s:332    .text.USART1_IRQHandler:0000000c $d
C:\Users\40918\AppData\Local\Temp\ccu6E5mV.s:337    .text.USART2_IRQHandler:00000000 $t
C:\Users\40918\AppData\Local\Temp\ccu6E5mV.s:343    .text.USART2_IRQHandler:00000000 USART2_IRQHandler
C:\Users\40918\AppData\Local\Temp\ccu6E5mV.s:363    .text.USART2_IRQHandler:0000000c $d
C:\Users\40918\AppData\Local\Temp\ccu6E5mV.s:368    .text.USART3_IRQHandler:00000000 $t
C:\Users\40918\AppData\Local\Temp\ccu6E5mV.s:374    .text.USART3_IRQHandler:00000000 USART3_IRQHandler
C:\Users\40918\AppData\Local\Temp\ccu6E5mV.s:394    .text.USART3_IRQHandler:0000000c $d
C:\Users\40918\AppData\Local\Temp\ccu6E5mV.s:399    .text.TIM6_DAC_IRQHandler:00000000 $t
C:\Users\40918\AppData\Local\Temp\ccu6E5mV.s:405    .text.TIM6_DAC_IRQHandler:00000000 TIM6_DAC_IRQHandler
C:\Users\40918\AppData\Local\Temp\ccu6E5mV.s:425    .text.TIM6_DAC_IRQHandler:0000000c $d
C:\Users\40918\AppData\Local\Temp\ccu6E5mV.s:430    .text.DMA2_Stream2_IRQHandler:00000000 $t
C:\Users\40918\AppData\Local\Temp\ccu6E5mV.s:436    .text.DMA2_Stream2_IRQHandler:00000000 DMA2_Stream2_IRQHandler
C:\Users\40918\AppData\Local\Temp\ccu6E5mV.s:456    .text.DMA2_Stream2_IRQHandler:0000000c $d
C:\Users\40918\AppData\Local\Temp\ccu6E5mV.s:461    .text.DMA2_Stream3_IRQHandler:00000000 $t
C:\Users\40918\AppData\Local\Temp\ccu6E5mV.s:467    .text.DMA2_Stream3_IRQHandler:00000000 DMA2_Stream3_IRQHandler
C:\Users\40918\AppData\Local\Temp\ccu6E5mV.s:487    .text.DMA2_Stream3_IRQHandler:0000000c $d
C:\Users\40918\AppData\Local\Temp\ccu6E5mV.s:492    .text.DMA2_Stream6_IRQHandler:00000000 $t
C:\Users\40918\AppData\Local\Temp\ccu6E5mV.s:498    .text.DMA2_Stream6_IRQHandler:00000000 DMA2_Stream6_IRQHandler
C:\Users\40918\AppData\Local\Temp\ccu6E5mV.s:518    .text.DMA2_Stream6_IRQHandler:0000000c $d
C:\Users\40918\AppData\Local\Temp\ccu6E5mV.s:523    .text.DMA2_Stream7_IRQHandler:00000000 $t
C:\Users\40918\AppData\Local\Temp\ccu6E5mV.s:529    .text.DMA2_Stream7_IRQHandler:00000000 DMA2_Stream7_IRQHandler
C:\Users\40918\AppData\Local\Temp\ccu6E5mV.s:549    .text.DMA2_Stream7_IRQHandler:0000000c $d
C:\Users\40918\AppData\Local\Temp\ccu6E5mV.s:554    .text.SDIO_IRQHandler:00000000 $t
C:\Users\40918\AppData\Local\Temp\ccu6E5mV.s:560    .text.SDIO_IRQHandler:00000000 SDIO_IRQHandler
C:\Users\40918\AppData\Local\Temp\ccu6E5mV.s:580    .text.USART6_IRQHandler:00000000 $t
C:\Users\40918\AppData\Local\Temp\ccu6E5mV.s:586    .text.USART6_IRQHandler:00000000 USART6_IRQHandler
C:\Users\40918\AppData\Local\Temp\ccu6E5mV.s:606    .text.USART6_IRQHandler:0000000c $d
ARM GAS  C:\Users\40918\AppData\Local\Temp\ccu6E5mV.s 			page 19



UNDEFINED SYMBOLS
HAL_GPIO_EXTI_IRQHandler
HAL_DMA_IRQHandler
hdma_usart3_rx
hdma_usart3_tx
hdma_usart2_rx
hdma_usart2_tx
HAL_UART_IRQHandler
huart1
huart2
huart3
HAL_TIM_IRQHandler
htim6
hdma_usart1_rx
hdma_sdio_rx
hdma_sdio_tx
hdma_usart1_tx
BSP_SD_IRQHandler
huart6
