ARM GAS  C:\Users\40918\AppData\Local\Temp\cc9QE5T0.s 			page 1


   1              		.cpu cortex-m4
   2              		.arch armv7e-m
   3              		.fpu fpv4-sp-d16
   4              		.eabi_attribute 27, 1
   5              		.eabi_attribute 28, 1
   6              		.eabi_attribute 20, 1
   7              		.eabi_attribute 21, 1
   8              		.eabi_attribute 23, 3
   9              		.eabi_attribute 24, 1
  10              		.eabi_attribute 25, 1
  11              		.eabi_attribute 26, 1
  12              		.eabi_attribute 30, 1
  13              		.eabi_attribute 34, 1
  14              		.eabi_attribute 18, 4
  15              		.file	"syscall.c"
  16              		.text
  17              	.Ltext0:
  18              		.cfi_sections	.debug_frame
  19              		.file 1 "Middlewares/Third_Party/FatFs/src/option/syscall.c"
  20              		.section	.text.ff_cre_syncobj,"ax",%progbits
  21              		.align	1
  22              		.global	ff_cre_syncobj
  23              		.syntax unified
  24              		.thumb
  25              		.thumb_func
  27              	ff_cre_syncobj:
  28              	.LVL0:
  29              	.LFB243:
   1:Middlewares/Third_Party/FatFs/src/option/syscall.c **** /*------------------------------------------------------------------------*/
   2:Middlewares/Third_Party/FatFs/src/option/syscall.c **** /* Sample code of OS dependent controls for FatFs                         */
   3:Middlewares/Third_Party/FatFs/src/option/syscall.c **** /* (C)ChaN, 2014                                                          */
   4:Middlewares/Third_Party/FatFs/src/option/syscall.c **** /*   Portions COPYRIGHT 2017 STMicroelectronics                           */
   5:Middlewares/Third_Party/FatFs/src/option/syscall.c **** /*   Portions Copyright (C) 2014, ChaN, all right reserved                */
   6:Middlewares/Third_Party/FatFs/src/option/syscall.c **** /*------------------------------------------------------------------------*/
   7:Middlewares/Third_Party/FatFs/src/option/syscall.c **** 
   8:Middlewares/Third_Party/FatFs/src/option/syscall.c **** /**
   9:Middlewares/Third_Party/FatFs/src/option/syscall.c ****   ******************************************************************************
  10:Middlewares/Third_Party/FatFs/src/option/syscall.c ****   * @attention
  11:Middlewares/Third_Party/FatFs/src/option/syscall.c ****   *
  12:Middlewares/Third_Party/FatFs/src/option/syscall.c ****   * Copyright (c) 2017 STMicroelectronics. All rights reserved.
  13:Middlewares/Third_Party/FatFs/src/option/syscall.c ****   *
  14:Middlewares/Third_Party/FatFs/src/option/syscall.c ****   * This software component is licensed by ST under BSD 3-Clause license,
  15:Middlewares/Third_Party/FatFs/src/option/syscall.c ****   * the "License"; You may not use this file except in compliance with the
  16:Middlewares/Third_Party/FatFs/src/option/syscall.c ****   * License. You may obtain a copy of the License at:
  17:Middlewares/Third_Party/FatFs/src/option/syscall.c ****   *                       opensource.org/licenses/BSD-3-Clause
  18:Middlewares/Third_Party/FatFs/src/option/syscall.c ****   *
  19:Middlewares/Third_Party/FatFs/src/option/syscall.c ****   ******************************************************************************
  20:Middlewares/Third_Party/FatFs/src/option/syscall.c **** **/
  21:Middlewares/Third_Party/FatFs/src/option/syscall.c **** 
  22:Middlewares/Third_Party/FatFs/src/option/syscall.c **** 
  23:Middlewares/Third_Party/FatFs/src/option/syscall.c **** 
  24:Middlewares/Third_Party/FatFs/src/option/syscall.c **** #include "../ff.h"
  25:Middlewares/Third_Party/FatFs/src/option/syscall.c **** 
  26:Middlewares/Third_Party/FatFs/src/option/syscall.c **** 
  27:Middlewares/Third_Party/FatFs/src/option/syscall.c **** #if _FS_REENTRANT
  28:Middlewares/Third_Party/FatFs/src/option/syscall.c **** /*------------------------------------------------------------------------*/
  29:Middlewares/Third_Party/FatFs/src/option/syscall.c **** /* Create a Synchronization Object                                        */
ARM GAS  C:\Users\40918\AppData\Local\Temp\cc9QE5T0.s 			page 2


  30:Middlewares/Third_Party/FatFs/src/option/syscall.c **** /*------------------------------------------------------------------------*/
  31:Middlewares/Third_Party/FatFs/src/option/syscall.c **** /* This function is called in f_mount() function to create a new
  32:Middlewares/Third_Party/FatFs/src/option/syscall.c **** /  synchronization object, such as semaphore and mutex. When a 0 is returned,
  33:Middlewares/Third_Party/FatFs/src/option/syscall.c **** /  the f_mount() function fails with FR_INT_ERR.
  34:Middlewares/Third_Party/FatFs/src/option/syscall.c **** */
  35:Middlewares/Third_Party/FatFs/src/option/syscall.c **** 
  36:Middlewares/Third_Party/FatFs/src/option/syscall.c **** int ff_cre_syncobj (	/* 1:Function succeeded, 0:Could not create the sync object */
  37:Middlewares/Third_Party/FatFs/src/option/syscall.c **** 	BYTE vol,			/* Corresponding volume (logical drive number) */
  38:Middlewares/Third_Party/FatFs/src/option/syscall.c **** 	_SYNC_t *sobj		/* Pointer to return the created sync object */
  39:Middlewares/Third_Party/FatFs/src/option/syscall.c **** )
  40:Middlewares/Third_Party/FatFs/src/option/syscall.c **** {
  30              		.loc 1 40 1 view -0
  31              		.cfi_startproc
  32              		@ args = 0, pretend = 0, frame = 0
  33              		@ frame_needed = 0, uses_anonymous_args = 0
  34              		.loc 1 40 1 is_stmt 0 view .LVU1
  35 0000 10B5     		push	{r4, lr}
  36              	.LCFI0:
  37              		.cfi_def_cfa_offset 8
  38              		.cfi_offset 4, -8
  39              		.cfi_offset 14, -4
  40 0002 0C46     		mov	r4, r1
  41:Middlewares/Third_Party/FatFs/src/option/syscall.c **** 
  42:Middlewares/Third_Party/FatFs/src/option/syscall.c ****     int ret;
  41              		.loc 1 42 5 is_stmt 1 view .LVU2
  43:Middlewares/Third_Party/FatFs/src/option/syscall.c **** #if _USE_MUTEX
  44:Middlewares/Third_Party/FatFs/src/option/syscall.c **** 
  45:Middlewares/Third_Party/FatFs/src/option/syscall.c **** #if (osCMSIS < 0x20000U)
  46:Middlewares/Third_Party/FatFs/src/option/syscall.c ****     osMutexDef(MTX);
  47:Middlewares/Third_Party/FatFs/src/option/syscall.c ****     *sobj = osMutexCreate(osMutex(MTX));
  48:Middlewares/Third_Party/FatFs/src/option/syscall.c **** #else
  49:Middlewares/Third_Party/FatFs/src/option/syscall.c ****     *sobj = osMutexNew(NULL);
  50:Middlewares/Third_Party/FatFs/src/option/syscall.c **** #endif
  51:Middlewares/Third_Party/FatFs/src/option/syscall.c **** 
  52:Middlewares/Third_Party/FatFs/src/option/syscall.c **** #else
  53:Middlewares/Third_Party/FatFs/src/option/syscall.c **** 
  54:Middlewares/Third_Party/FatFs/src/option/syscall.c **** #if (osCMSIS < 0x20000U)
  55:Middlewares/Third_Party/FatFs/src/option/syscall.c ****     osSemaphoreDef(SEM);
  56:Middlewares/Third_Party/FatFs/src/option/syscall.c ****     *sobj = osSemaphoreCreate(osSemaphore(SEM), 1);
  57:Middlewares/Third_Party/FatFs/src/option/syscall.c **** #else
  58:Middlewares/Third_Party/FatFs/src/option/syscall.c ****     *sobj = osSemaphoreNew(1, 1, NULL);
  42              		.loc 1 58 5 view .LVU3
  43              		.loc 1 58 13 is_stmt 0 view .LVU4
  44 0004 0022     		movs	r2, #0
  45 0006 0121     		movs	r1, #1
  46              	.LVL1:
  47              		.loc 1 58 13 view .LVU5
  48 0008 0846     		mov	r0, r1
  49              	.LVL2:
  50              		.loc 1 58 13 view .LVU6
  51 000a FFF7FEFF 		bl	osSemaphoreNew
  52              	.LVL3:
  53              		.loc 1 58 11 discriminator 1 view .LVU7
  54 000e 2060     		str	r0, [r4]
  59:Middlewares/Third_Party/FatFs/src/option/syscall.c **** #endif
  60:Middlewares/Third_Party/FatFs/src/option/syscall.c **** 
  61:Middlewares/Third_Party/FatFs/src/option/syscall.c **** #endif
ARM GAS  C:\Users\40918\AppData\Local\Temp\cc9QE5T0.s 			page 3


  62:Middlewares/Third_Party/FatFs/src/option/syscall.c ****     ret = (*sobj != NULL);
  55              		.loc 1 62 5 is_stmt 1 view .LVU8
  56              	.LVL4:
  63:Middlewares/Third_Party/FatFs/src/option/syscall.c **** 
  64:Middlewares/Third_Party/FatFs/src/option/syscall.c ****     return ret;
  57              		.loc 1 64 5 view .LVU9
  65:Middlewares/Third_Party/FatFs/src/option/syscall.c **** }
  58              		.loc 1 65 1 is_stmt 0 view .LVU10
  59 0010 0038     		subs	r0, r0, #0
  60              	.LVL5:
  61              		.loc 1 65 1 view .LVU11
  62 0012 18BF     		it	ne
  63 0014 0120     		movne	r0, #1
  64 0016 10BD     		pop	{r4, pc}
  65              		.loc 1 65 1 view .LVU12
  66              		.cfi_endproc
  67              	.LFE243:
  69              		.section	.text.ff_del_syncobj,"ax",%progbits
  70              		.align	1
  71              		.global	ff_del_syncobj
  72              		.syntax unified
  73              		.thumb
  74              		.thumb_func
  76              	ff_del_syncobj:
  77              	.LVL6:
  78              	.LFB244:
  66:Middlewares/Third_Party/FatFs/src/option/syscall.c **** 
  67:Middlewares/Third_Party/FatFs/src/option/syscall.c **** 
  68:Middlewares/Third_Party/FatFs/src/option/syscall.c **** 
  69:Middlewares/Third_Party/FatFs/src/option/syscall.c **** /*------------------------------------------------------------------------*/
  70:Middlewares/Third_Party/FatFs/src/option/syscall.c **** /* Delete a Synchronization Object                                        */
  71:Middlewares/Third_Party/FatFs/src/option/syscall.c **** /*------------------------------------------------------------------------*/
  72:Middlewares/Third_Party/FatFs/src/option/syscall.c **** /* This function is called in f_mount() function to delete a synchronization
  73:Middlewares/Third_Party/FatFs/src/option/syscall.c **** /  object that created with ff_cre_syncobj() function. When a 0 is returned,
  74:Middlewares/Third_Party/FatFs/src/option/syscall.c **** /  the f_mount() function fails with FR_INT_ERR.
  75:Middlewares/Third_Party/FatFs/src/option/syscall.c **** */
  76:Middlewares/Third_Party/FatFs/src/option/syscall.c **** 
  77:Middlewares/Third_Party/FatFs/src/option/syscall.c **** int ff_del_syncobj (	/* 1:Function succeeded, 0:Could not delete due to any error */
  78:Middlewares/Third_Party/FatFs/src/option/syscall.c **** 	_SYNC_t sobj		/* Sync object tied to the logical drive to be deleted */
  79:Middlewares/Third_Party/FatFs/src/option/syscall.c **** )
  80:Middlewares/Third_Party/FatFs/src/option/syscall.c **** {
  79              		.loc 1 80 1 is_stmt 1 view -0
  80              		.cfi_startproc
  81              		@ args = 0, pretend = 0, frame = 0
  82              		@ frame_needed = 0, uses_anonymous_args = 0
  83              		.loc 1 80 1 is_stmt 0 view .LVU14
  84 0000 08B5     		push	{r3, lr}
  85              	.LCFI1:
  86              		.cfi_def_cfa_offset 8
  87              		.cfi_offset 3, -8
  88              		.cfi_offset 14, -4
  81:Middlewares/Third_Party/FatFs/src/option/syscall.c **** #if _USE_MUTEX
  82:Middlewares/Third_Party/FatFs/src/option/syscall.c ****     osMutexDelete (sobj);
  83:Middlewares/Third_Party/FatFs/src/option/syscall.c **** #else
  84:Middlewares/Third_Party/FatFs/src/option/syscall.c ****     osSemaphoreDelete (sobj);
  89              		.loc 1 84 5 is_stmt 1 view .LVU15
  90 0002 FFF7FEFF 		bl	osSemaphoreDelete
ARM GAS  C:\Users\40918\AppData\Local\Temp\cc9QE5T0.s 			page 4


  91              	.LVL7:
  85:Middlewares/Third_Party/FatFs/src/option/syscall.c **** #endif
  86:Middlewares/Third_Party/FatFs/src/option/syscall.c ****     return 1;
  92              		.loc 1 86 5 view .LVU16
  87:Middlewares/Third_Party/FatFs/src/option/syscall.c **** }
  93              		.loc 1 87 1 is_stmt 0 view .LVU17
  94 0006 0120     		movs	r0, #1
  95 0008 08BD     		pop	{r3, pc}
  96              		.cfi_endproc
  97              	.LFE244:
  99              		.section	.text.ff_req_grant,"ax",%progbits
 100              		.align	1
 101              		.global	ff_req_grant
 102              		.syntax unified
 103              		.thumb
 104              		.thumb_func
 106              	ff_req_grant:
 107              	.LVL8:
 108              	.LFB245:
  88:Middlewares/Third_Party/FatFs/src/option/syscall.c **** 
  89:Middlewares/Third_Party/FatFs/src/option/syscall.c **** 
  90:Middlewares/Third_Party/FatFs/src/option/syscall.c **** 
  91:Middlewares/Third_Party/FatFs/src/option/syscall.c **** /*------------------------------------------------------------------------*/
  92:Middlewares/Third_Party/FatFs/src/option/syscall.c **** /* Request Grant to Access the Volume                                     */
  93:Middlewares/Third_Party/FatFs/src/option/syscall.c **** /*------------------------------------------------------------------------*/
  94:Middlewares/Third_Party/FatFs/src/option/syscall.c **** /* This function is called on entering file functions to lock the volume.
  95:Middlewares/Third_Party/FatFs/src/option/syscall.c **** /  When a 0 is returned, the file function fails with FR_TIMEOUT.
  96:Middlewares/Third_Party/FatFs/src/option/syscall.c **** */
  97:Middlewares/Third_Party/FatFs/src/option/syscall.c **** 
  98:Middlewares/Third_Party/FatFs/src/option/syscall.c **** int ff_req_grant (	/* 1:Got a grant to access the volume, 0:Could not get a grant */
  99:Middlewares/Third_Party/FatFs/src/option/syscall.c **** 	_SYNC_t sobj	/* Sync object to wait */
 100:Middlewares/Third_Party/FatFs/src/option/syscall.c **** )
 101:Middlewares/Third_Party/FatFs/src/option/syscall.c **** {
 109              		.loc 1 101 1 is_stmt 1 view -0
 110              		.cfi_startproc
 111              		@ args = 0, pretend = 0, frame = 0
 112              		@ frame_needed = 0, uses_anonymous_args = 0
 113              		.loc 1 101 1 is_stmt 0 view .LVU19
 114 0000 08B5     		push	{r3, lr}
 115              	.LCFI2:
 116              		.cfi_def_cfa_offset 8
 117              		.cfi_offset 3, -8
 118              		.cfi_offset 14, -4
 102:Middlewares/Third_Party/FatFs/src/option/syscall.c ****   int ret = 0;
 119              		.loc 1 102 3 is_stmt 1 view .LVU20
 120              	.LVL9:
 103:Middlewares/Third_Party/FatFs/src/option/syscall.c **** #if (osCMSIS < 0x20000U)
 104:Middlewares/Third_Party/FatFs/src/option/syscall.c **** 
 105:Middlewares/Third_Party/FatFs/src/option/syscall.c **** #if _USE_MUTEX
 106:Middlewares/Third_Party/FatFs/src/option/syscall.c ****   if(osMutexWait(sobj, _FS_TIMEOUT) == osOK)
 107:Middlewares/Third_Party/FatFs/src/option/syscall.c **** #else
 108:Middlewares/Third_Party/FatFs/src/option/syscall.c ****   if(osSemaphoreWait(sobj, _FS_TIMEOUT) == osOK)
 109:Middlewares/Third_Party/FatFs/src/option/syscall.c **** #endif
 110:Middlewares/Third_Party/FatFs/src/option/syscall.c **** 
 111:Middlewares/Third_Party/FatFs/src/option/syscall.c **** #else
 112:Middlewares/Third_Party/FatFs/src/option/syscall.c **** 
 113:Middlewares/Third_Party/FatFs/src/option/syscall.c **** #if _USE_MUTEX
ARM GAS  C:\Users\40918\AppData\Local\Temp\cc9QE5T0.s 			page 5


 114:Middlewares/Third_Party/FatFs/src/option/syscall.c ****    if(osMutexAcquire(sobj, _FS_TIMEOUT) == osOK)
 115:Middlewares/Third_Party/FatFs/src/option/syscall.c **** #else
 116:Middlewares/Third_Party/FatFs/src/option/syscall.c ****    if(osSemaphoreAcquire(sobj, _FS_TIMEOUT) == osOK)
 121              		.loc 1 116 4 view .LVU21
 122              		.loc 1 116 7 is_stmt 0 view .LVU22
 123 0002 4FF47A71 		mov	r1, #1000
 124 0006 FFF7FEFF 		bl	osSemaphoreAcquire
 125              	.LVL10:
 126              		.loc 1 116 6 discriminator 1 view .LVU23
 127 000a 08B1     		cbz	r0, .L7
 102:Middlewares/Third_Party/FatFs/src/option/syscall.c ****   int ret = 0;
 128              		.loc 1 102 7 view .LVU24
 129 000c 0020     		movs	r0, #0
 130              	.LVL11:
 131              	.L5:
 117:Middlewares/Third_Party/FatFs/src/option/syscall.c **** #endif
 118:Middlewares/Third_Party/FatFs/src/option/syscall.c **** 
 119:Middlewares/Third_Party/FatFs/src/option/syscall.c **** #endif
 120:Middlewares/Third_Party/FatFs/src/option/syscall.c ****   {
 121:Middlewares/Third_Party/FatFs/src/option/syscall.c ****     ret = 1;
 122:Middlewares/Third_Party/FatFs/src/option/syscall.c ****   }
 123:Middlewares/Third_Party/FatFs/src/option/syscall.c **** 
 124:Middlewares/Third_Party/FatFs/src/option/syscall.c ****   return ret;
 125:Middlewares/Third_Party/FatFs/src/option/syscall.c **** }
 132              		.loc 1 125 1 view .LVU25
 133 000e 08BD     		pop	{r3, pc}
 134              	.LVL12:
 135              	.L7:
 121:Middlewares/Third_Party/FatFs/src/option/syscall.c ****   }
 136              		.loc 1 121 9 view .LVU26
 137 0010 0120     		movs	r0, #1
 138              	.LVL13:
 124:Middlewares/Third_Party/FatFs/src/option/syscall.c **** }
 139              		.loc 1 124 3 is_stmt 1 view .LVU27
 124:Middlewares/Third_Party/FatFs/src/option/syscall.c **** }
 140              		.loc 1 124 10 is_stmt 0 view .LVU28
 141 0012 FCE7     		b	.L5
 142              		.cfi_endproc
 143              	.LFE245:
 145              		.section	.text.ff_rel_grant,"ax",%progbits
 146              		.align	1
 147              		.global	ff_rel_grant
 148              		.syntax unified
 149              		.thumb
 150              		.thumb_func
 152              	ff_rel_grant:
 153              	.LVL14:
 154              	.LFB246:
 126:Middlewares/Third_Party/FatFs/src/option/syscall.c **** 
 127:Middlewares/Third_Party/FatFs/src/option/syscall.c **** 
 128:Middlewares/Third_Party/FatFs/src/option/syscall.c **** 
 129:Middlewares/Third_Party/FatFs/src/option/syscall.c **** /*------------------------------------------------------------------------*/
 130:Middlewares/Third_Party/FatFs/src/option/syscall.c **** /* Release Grant to Access the Volume                                     */
 131:Middlewares/Third_Party/FatFs/src/option/syscall.c **** /*------------------------------------------------------------------------*/
 132:Middlewares/Third_Party/FatFs/src/option/syscall.c **** /* This function is called on leaving file functions to unlock the volume.
 133:Middlewares/Third_Party/FatFs/src/option/syscall.c **** */
 134:Middlewares/Third_Party/FatFs/src/option/syscall.c **** 
ARM GAS  C:\Users\40918\AppData\Local\Temp\cc9QE5T0.s 			page 6


 135:Middlewares/Third_Party/FatFs/src/option/syscall.c **** void ff_rel_grant (
 136:Middlewares/Third_Party/FatFs/src/option/syscall.c **** 	_SYNC_t sobj	/* Sync object to be signaled */
 137:Middlewares/Third_Party/FatFs/src/option/syscall.c **** )
 138:Middlewares/Third_Party/FatFs/src/option/syscall.c **** {
 155              		.loc 1 138 1 is_stmt 1 view -0
 156              		.cfi_startproc
 157              		@ args = 0, pretend = 0, frame = 0
 158              		@ frame_needed = 0, uses_anonymous_args = 0
 159              		.loc 1 138 1 is_stmt 0 view .LVU30
 160 0000 08B5     		push	{r3, lr}
 161              	.LCFI3:
 162              		.cfi_def_cfa_offset 8
 163              		.cfi_offset 3, -8
 164              		.cfi_offset 14, -4
 139:Middlewares/Third_Party/FatFs/src/option/syscall.c **** #if _USE_MUTEX
 140:Middlewares/Third_Party/FatFs/src/option/syscall.c ****   osMutexRelease(sobj);
 141:Middlewares/Third_Party/FatFs/src/option/syscall.c **** #else
 142:Middlewares/Third_Party/FatFs/src/option/syscall.c ****   osSemaphoreRelease(sobj);
 165              		.loc 1 142 3 is_stmt 1 view .LVU31
 166 0002 FFF7FEFF 		bl	osSemaphoreRelease
 167              	.LVL15:
 143:Middlewares/Third_Party/FatFs/src/option/syscall.c **** #endif
 144:Middlewares/Third_Party/FatFs/src/option/syscall.c **** }
 168              		.loc 1 144 1 is_stmt 0 view .LVU32
 169 0006 08BD     		pop	{r3, pc}
 170              		.cfi_endproc
 171              	.LFE246:
 173              		.section	.text.ff_memalloc,"ax",%progbits
 174              		.align	1
 175              		.global	ff_memalloc
 176              		.syntax unified
 177              		.thumb
 178              		.thumb_func
 180              	ff_memalloc:
 181              	.LVL16:
 182              	.LFB247:
 145:Middlewares/Third_Party/FatFs/src/option/syscall.c **** 
 146:Middlewares/Third_Party/FatFs/src/option/syscall.c **** #endif
 147:Middlewares/Third_Party/FatFs/src/option/syscall.c **** 
 148:Middlewares/Third_Party/FatFs/src/option/syscall.c **** 
 149:Middlewares/Third_Party/FatFs/src/option/syscall.c **** 
 150:Middlewares/Third_Party/FatFs/src/option/syscall.c **** 
 151:Middlewares/Third_Party/FatFs/src/option/syscall.c **** #if _USE_LFN == 3	/* LFN with a working buffer on the heap */
 152:Middlewares/Third_Party/FatFs/src/option/syscall.c **** /*------------------------------------------------------------------------*/
 153:Middlewares/Third_Party/FatFs/src/option/syscall.c **** /* Allocate a memory block                                                */
 154:Middlewares/Third_Party/FatFs/src/option/syscall.c **** /*------------------------------------------------------------------------*/
 155:Middlewares/Third_Party/FatFs/src/option/syscall.c **** /* If a NULL is returned, the file function fails with FR_NOT_ENOUGH_CORE.
 156:Middlewares/Third_Party/FatFs/src/option/syscall.c **** */
 157:Middlewares/Third_Party/FatFs/src/option/syscall.c **** 
 158:Middlewares/Third_Party/FatFs/src/option/syscall.c **** void* ff_memalloc (	/* Returns pointer to the allocated memory block */
 159:Middlewares/Third_Party/FatFs/src/option/syscall.c **** 	UINT msize		/* Number of bytes to allocate */
 160:Middlewares/Third_Party/FatFs/src/option/syscall.c **** )
 161:Middlewares/Third_Party/FatFs/src/option/syscall.c **** {
 183              		.loc 1 161 1 is_stmt 1 view -0
 184              		.cfi_startproc
 185              		@ args = 0, pretend = 0, frame = 0
 186              		@ frame_needed = 0, uses_anonymous_args = 0
ARM GAS  C:\Users\40918\AppData\Local\Temp\cc9QE5T0.s 			page 7


 187              		.loc 1 161 1 is_stmt 0 view .LVU34
 188 0000 08B5     		push	{r3, lr}
 189              	.LCFI4:
 190              		.cfi_def_cfa_offset 8
 191              		.cfi_offset 3, -8
 192              		.cfi_offset 14, -4
 162:Middlewares/Third_Party/FatFs/src/option/syscall.c **** 	return ff_malloc(msize);	/* Allocate a new memory block with POSIX API */
 193              		.loc 1 162 2 is_stmt 1 view .LVU35
 194              		.loc 1 162 9 is_stmt 0 view .LVU36
 195 0002 FFF7FEFF 		bl	pvPortMalloc
 196              	.LVL17:
 163:Middlewares/Third_Party/FatFs/src/option/syscall.c **** }
 197              		.loc 1 163 1 view .LVU37
 198 0006 08BD     		pop	{r3, pc}
 199              		.cfi_endproc
 200              	.LFE247:
 202              		.section	.text.ff_memfree,"ax",%progbits
 203              		.align	1
 204              		.global	ff_memfree
 205              		.syntax unified
 206              		.thumb
 207              		.thumb_func
 209              	ff_memfree:
 210              	.LVL18:
 211              	.LFB248:
 164:Middlewares/Third_Party/FatFs/src/option/syscall.c **** 
 165:Middlewares/Third_Party/FatFs/src/option/syscall.c **** 
 166:Middlewares/Third_Party/FatFs/src/option/syscall.c **** /*------------------------------------------------------------------------*/
 167:Middlewares/Third_Party/FatFs/src/option/syscall.c **** /* Free a memory block                                                    */
 168:Middlewares/Third_Party/FatFs/src/option/syscall.c **** /*------------------------------------------------------------------------*/
 169:Middlewares/Third_Party/FatFs/src/option/syscall.c **** 
 170:Middlewares/Third_Party/FatFs/src/option/syscall.c **** void ff_memfree (
 171:Middlewares/Third_Party/FatFs/src/option/syscall.c **** 	void* mblock	/* Pointer to the memory block to free */
 172:Middlewares/Third_Party/FatFs/src/option/syscall.c **** )
 173:Middlewares/Third_Party/FatFs/src/option/syscall.c **** {
 212              		.loc 1 173 1 is_stmt 1 view -0
 213              		.cfi_startproc
 214              		@ args = 0, pretend = 0, frame = 0
 215              		@ frame_needed = 0, uses_anonymous_args = 0
 216              		.loc 1 173 1 is_stmt 0 view .LVU39
 217 0000 08B5     		push	{r3, lr}
 218              	.LCFI5:
 219              		.cfi_def_cfa_offset 8
 220              		.cfi_offset 3, -8
 221              		.cfi_offset 14, -4
 174:Middlewares/Third_Party/FatFs/src/option/syscall.c **** 	ff_free(mblock);	/* Discard the memory block with POSIX API */
 222              		.loc 1 174 2 is_stmt 1 view .LVU40
 223 0002 FFF7FEFF 		bl	vPortFree
 224              	.LVL19:
 175:Middlewares/Third_Party/FatFs/src/option/syscall.c **** }
 225              		.loc 1 175 1 is_stmt 0 view .LVU41
 226 0006 08BD     		pop	{r3, pc}
 227              		.cfi_endproc
 228              	.LFE248:
 230              		.text
 231              	.Letext0:
 232              		.file 2 "Middlewares/Third_Party/FatFs/src/option/../integer.h"
ARM GAS  C:\Users\40918\AppData\Local\Temp\cc9QE5T0.s 			page 8


 233              		.file 3 "D:/Tools/Arm GNU Toolchain arm-none-eabi/13.3 rel1/arm-none-eabi/include/machine/_default
 234              		.file 4 "D:/Tools/Arm GNU Toolchain arm-none-eabi/13.3 rel1/arm-none-eabi/include/sys/_stdint.h"
 235              		.file 5 "D:/Tools/Arm GNU Toolchain arm-none-eabi/13.3 rel1/lib/gcc/arm-none-eabi/13.3.1/include/s
 236              		.file 6 "Middlewares/Third_Party/FreeRTOS/Source/CMSIS_RTOS_V2/cmsis_os2.h"
 237              		.file 7 "Middlewares/Third_Party/FreeRTOS/Source/include/portable.h"
ARM GAS  C:\Users\40918\AppData\Local\Temp\cc9QE5T0.s 			page 9


DEFINED SYMBOLS
                            *ABS*:00000000 syscall.c
C:\Users\40918\AppData\Local\Temp\cc9QE5T0.s:21     .text.ff_cre_syncobj:00000000 $t
C:\Users\40918\AppData\Local\Temp\cc9QE5T0.s:27     .text.ff_cre_syncobj:00000000 ff_cre_syncobj
C:\Users\40918\AppData\Local\Temp\cc9QE5T0.s:70     .text.ff_del_syncobj:00000000 $t
C:\Users\40918\AppData\Local\Temp\cc9QE5T0.s:76     .text.ff_del_syncobj:00000000 ff_del_syncobj
C:\Users\40918\AppData\Local\Temp\cc9QE5T0.s:100    .text.ff_req_grant:00000000 $t
C:\Users\40918\AppData\Local\Temp\cc9QE5T0.s:106    .text.ff_req_grant:00000000 ff_req_grant
C:\Users\40918\AppData\Local\Temp\cc9QE5T0.s:146    .text.ff_rel_grant:00000000 $t
C:\Users\40918\AppData\Local\Temp\cc9QE5T0.s:152    .text.ff_rel_grant:00000000 ff_rel_grant
C:\Users\40918\AppData\Local\Temp\cc9QE5T0.s:174    .text.ff_memalloc:00000000 $t
C:\Users\40918\AppData\Local\Temp\cc9QE5T0.s:180    .text.ff_memalloc:00000000 ff_memalloc
C:\Users\40918\AppData\Local\Temp\cc9QE5T0.s:203    .text.ff_memfree:00000000 $t
C:\Users\40918\AppData\Local\Temp\cc9QE5T0.s:209    .text.ff_memfree:00000000 ff_memfree

UNDEFINED SYMBOLS
osSemaphoreNew
osSemaphoreDelete
osSemaphoreAcquire
osSemaphoreRelease
pvPortMalloc
vPortFree
